[0.182s] Invoking command in '/home/jetson/slash_ws/build/teleop_tools_msgs': CMAKE_PREFIX_PATH=${CMAKE_PREFIX_PATH}:/home/jetson/slash_ws/install/f1tenth_stack:/home/jetson/slash_ws/install/twist_to_ackermann:/home/jetson/slash_ws/install/joy_teleop:/home/jetson/slash_ws/install/roboracer_china_2025:/home/jetson/slash_ws/install/mouse_teleop:/home/jetson/slash_ws/install/key_teleop:/opt/ros/foxy /usr/bin/cmake --build /home/jetson/slash_ws/build/teleop_tools_msgs -- -j8 -l8
[2.192s] [  3%] Built target teleop_tools_msgs__cpp
[2.192s] [ 12%] Built target teleop_tools_msgs__rosidl_generator_c
[2.192s] [ 22%] Built target teleop_tools_msgs__rosidl_typesupport_fastrtps_cpp
[2.194s] [ 32%] Built target teleop_tools_msgs__rosidl_typesupport_cpp
[2.194s] [ 41%] Built target teleop_tools_msgs__rosidl_typesupport_introspection_c
[2.194s] [ 51%] Built target teleop_tools_msgs__rosidl_typesupport_introspection_cpp
[2.194s] [ 61%] Built target teleop_tools_msgs__rosidl_typesupport_fastrtps_c
[2.194s] [ 70%] Built target teleop_tools_msgs__rosidl_typesupport_c
[2.194s] [ 70%] Built target teleop_tools_msgs
[2.195s] [ 74%] Built target teleop_tools_msgs__py
[2.195s] [ 80%] Built target teleop_tools_msgs__python
[2.195s] [ 87%] Built target teleop_tools_msgs__rosidl_typesupport_introspection_c__pyext
[2.195s] [ 93%] Built target teleop_tools_msgs__rosidl_typesupport_fastrtps_c__pyext
[2.195s] [100%] Built target teleop_tools_msgs__rosidl_typesupport_c__pyext
[2.282s] Invoked command in '/home/jetson/slash_ws/build/teleop_tools_msgs' returned '0': CMAKE_PREFIX_PATH=${CMAKE_PREFIX_PATH}:/home/jetson/slash_ws/install/f1tenth_stack:/home/jetson/slash_ws/install/twist_to_ackermann:/home/jetson/slash_ws/install/joy_teleop:/home/jetson/slash_ws/install/roboracer_china_2025:/home/jetson/slash_ws/install/mouse_teleop:/home/jetson/slash_ws/install/key_teleop:/opt/ros/foxy /usr/bin/cmake --build /home/jetson/slash_ws/build/teleop_tools_msgs -- -j8 -l8
[2.288s] Invoking command in '/home/jetson/slash_ws/build/teleop_tools_msgs': CMAKE_PREFIX_PATH=${CMAKE_PREFIX_PATH}:/home/jetson/slash_ws/install/f1tenth_stack:/home/jetson/slash_ws/install/twist_to_ackermann:/home/jetson/slash_ws/install/joy_teleop:/home/jetson/slash_ws/install/roboracer_china_2025:/home/jetson/slash_ws/install/mouse_teleop:/home/jetson/slash_ws/install/key_teleop:/opt/ros/foxy /usr/bin/cmake --install /home/jetson/slash_ws/build/teleop_tools_msgs
[2.410s] -- Install configuration: ""
[2.410s] -- Up-to-date: /home/jetson/slash_ws/install/teleop_tools_msgs/share/ament_index/resource_index/rosidl_interfaces/teleop_tools_msgs
[2.410s] -- Up-to-date: /home/jetson/slash_ws/install/teleop_tools_msgs/include/teleop_tools_msgs
[2.410s] -- Up-to-date: /home/jetson/slash_ws/install/teleop_tools_msgs/include/teleop_tools_msgs/msg
[2.410s] -- Up-to-date: /home/jetson/slash_ws/install/teleop_tools_msgs/include/teleop_tools_msgs/msg/rosidl_generator_c__visibility_control.h
[2.411s] -- Up-to-date: /home/jetson/slash_ws/install/teleop_tools_msgs/include/teleop_tools_msgs/action
[2.412s] -- Up-to-date: /home/jetson/slash_ws/install/teleop_tools_msgs/include/teleop_tools_msgs/action/detail
[2.412s] -- Up-to-date: /home/jetson/slash_ws/install/teleop_tools_msgs/include/teleop_tools_msgs/action/detail/increment__type_support.h
[2.412s] -- Up-to-date: /home/jetson/slash_ws/install/teleop_tools_msgs/include/teleop_tools_msgs/action/detail/increment__struct.h
[2.413s] -- Up-to-date: /home/jetson/slash_ws/install/teleop_tools_msgs/include/teleop_tools_msgs/action/detail/increment__functions.c
[2.413s] -- Up-to-date: /home/jetson/slash_ws/install/teleop_tools_msgs/include/teleop_tools_msgs/action/detail/increment__functions.h
[2.414s] -- Up-to-date: /home/jetson/slash_ws/install/teleop_tools_msgs/include/teleop_tools_msgs/action/increment.h
[2.414s] -- Up-to-date: /home/jetson/slash_ws/install/teleop_tools_msgs/share/teleop_tools_msgs/environment/library_path.sh
[2.415s] -- Up-to-date: /home/jetson/slash_ws/install/teleop_tools_msgs/share/teleop_tools_msgs/environment/library_path.dsv
[2.415s] -- Up-to-date: /home/jetson/slash_ws/install/teleop_tools_msgs/lib/libteleop_tools_msgs__rosidl_generator_c.so
[2.415s] -- Up-to-date: /home/jetson/slash_ws/install/teleop_tools_msgs/include/teleop_tools_msgs
[2.415s] -- Up-to-date: /home/jetson/slash_ws/install/teleop_tools_msgs/include/teleop_tools_msgs/msg
[2.415s] -- Up-to-date: /home/jetson/slash_ws/install/teleop_tools_msgs/include/teleop_tools_msgs/msg/rosidl_typesupport_fastrtps_c__visibility_control.h
[2.415s] -- Up-to-date: /home/jetson/slash_ws/install/teleop_tools_msgs/include/teleop_tools_msgs/action
[2.416s] -- Up-to-date: /home/jetson/slash_ws/install/teleop_tools_msgs/include/teleop_tools_msgs/action/detail
[2.416s] -- Up-to-date: /home/jetson/slash_ws/install/teleop_tools_msgs/include/teleop_tools_msgs/action/detail/increment__rosidl_typesupport_fastrtps_c.h
[2.416s] -- Up-to-date: /home/jetson/slash_ws/install/teleop_tools_msgs/lib/libteleop_tools_msgs__rosidl_typesupport_fastrtps_c.so
[2.416s] -- Up-to-date: /home/jetson/slash_ws/install/teleop_tools_msgs/include/teleop_tools_msgs
[2.417s] -- Up-to-date: /home/jetson/slash_ws/install/teleop_tools_msgs/include/teleop_tools_msgs/msg
[2.417s] -- Up-to-date: /home/jetson/slash_ws/install/teleop_tools_msgs/include/teleop_tools_msgs/msg/rosidl_typesupport_fastrtps_cpp__visibility_control.h
[2.418s] -- Up-to-date: /home/jetson/slash_ws/install/teleop_tools_msgs/include/teleop_tools_msgs/action
[2.418s] -- Up-to-date: /home/jetson/slash_ws/install/teleop_tools_msgs/include/teleop_tools_msgs/action/detail
[2.418s] -- Up-to-date: /home/jetson/slash_ws/install/teleop_tools_msgs/include/teleop_tools_msgs/action/detail/dds_fastrtps
[2.419s] -- Up-to-date: /home/jetson/slash_ws/install/teleop_tools_msgs/include/teleop_tools_msgs/action/detail/increment__rosidl_typesupport_fastrtps_cpp.hpp
[2.419s] -- Up-to-date: /home/jetson/slash_ws/install/teleop_tools_msgs/lib/libteleop_tools_msgs__rosidl_typesupport_fastrtps_cpp.so
[2.419s] -- Up-to-date: /home/jetson/slash_ws/install/teleop_tools_msgs/include/teleop_tools_msgs
[2.419s] -- Up-to-date: /home/jetson/slash_ws/install/teleop_tools_msgs/include/teleop_tools_msgs/msg
[2.419s] -- Up-to-date: /home/jetson/slash_ws/install/teleop_tools_msgs/include/teleop_tools_msgs/msg/rosidl_typesupport_introspection_c__visibility_control.h
[2.420s] -- Up-to-date: /home/jetson/slash_ws/install/teleop_tools_msgs/include/teleop_tools_msgs/action
[2.420s] -- Up-to-date: /home/jetson/slash_ws/install/teleop_tools_msgs/include/teleop_tools_msgs/action/detail
[2.420s] -- Up-to-date: /home/jetson/slash_ws/install/teleop_tools_msgs/include/teleop_tools_msgs/action/detail/increment__rosidl_typesupport_introspection_c.h
[2.420s] -- Up-to-date: /home/jetson/slash_ws/install/teleop_tools_msgs/include/teleop_tools_msgs/action/detail/increment__type_support.c
[2.420s] -- Up-to-date: /home/jetson/slash_ws/install/teleop_tools_msgs/lib/libteleop_tools_msgs__rosidl_typesupport_introspection_c.so
[2.420s] -- Up-to-date: /home/jetson/slash_ws/install/teleop_tools_msgs/lib/libteleop_tools_msgs__rosidl_typesupport_c.so
[2.420s] -- Up-to-date: /home/jetson/slash_ws/install/teleop_tools_msgs/include/teleop_tools_msgs
[2.420s] -- Up-to-date: /home/jetson/slash_ws/install/teleop_tools_msgs/include/teleop_tools_msgs/msg
[2.421s] -- Up-to-date: /home/jetson/slash_ws/install/teleop_tools_msgs/include/teleop_tools_msgs/msg/rosidl_generator_cpp__visibility_control.hpp
[2.421s] -- Up-to-date: /home/jetson/slash_ws/install/teleop_tools_msgs/include/teleop_tools_msgs/action
[2.421s] -- Up-to-date: /home/jetson/slash_ws/install/teleop_tools_msgs/include/teleop_tools_msgs/action/detail
[2.421s] -- Up-to-date: /home/jetson/slash_ws/install/teleop_tools_msgs/include/teleop_tools_msgs/action/detail/increment__type_support.hpp
[2.421s] -- Up-to-date: /home/jetson/slash_ws/install/teleop_tools_msgs/include/teleop_tools_msgs/action/detail/increment__traits.hpp
[2.422s] -- Up-to-date: /home/jetson/slash_ws/install/teleop_tools_msgs/include/teleop_tools_msgs/action/detail/increment__builder.hpp
[2.422s] -- Up-to-date: /home/jetson/slash_ws/install/teleop_tools_msgs/include/teleop_tools_msgs/action/detail/increment__struct.hpp
[2.422s] -- Up-to-date: /home/jetson/slash_ws/install/teleop_tools_msgs/include/teleop_tools_msgs/action/increment.hpp
[2.422s] -- Up-to-date: /home/jetson/slash_ws/install/teleop_tools_msgs/include/teleop_tools_msgs
[2.422s] -- Up-to-date: /home/jetson/slash_ws/install/teleop_tools_msgs/include/teleop_tools_msgs/action
[2.422s] -- Up-to-date: /home/jetson/slash_ws/install/teleop_tools_msgs/include/teleop_tools_msgs/action/detail
[2.422s] -- Up-to-date: /home/jetson/slash_ws/install/teleop_tools_msgs/include/teleop_tools_msgs/action/detail/increment__rosidl_typesupport_introspection_cpp.hpp
[2.422s] -- Up-to-date: /home/jetson/slash_ws/install/teleop_tools_msgs/include/teleop_tools_msgs/action/detail/increment__type_support.cpp
[2.423s] -- Up-to-date: /home/jetson/slash_ws/install/teleop_tools_msgs/lib/libteleop_tools_msgs__rosidl_typesupport_introspection_cpp.so
[2.423s] -- Up-to-date: /home/jetson/slash_ws/install/teleop_tools_msgs/lib/libteleop_tools_msgs__rosidl_typesupport_cpp.so
[2.423s] -- Up-to-date: /home/jetson/slash_ws/install/teleop_tools_msgs/share/teleop_tools_msgs/environment/pythonpath.sh
[2.423s] -- Up-to-date: /home/jetson/slash_ws/install/teleop_tools_msgs/share/teleop_tools_msgs/environment/pythonpath.dsv
[2.423s] -- Up-to-date: /home/jetson/slash_ws/install/teleop_tools_msgs/lib/python3.8/site-packages/teleop_tools_msgs/__init__.py
[2.518s] -- Up-to-date: /home/jetson/slash_ws/install/teleop_tools_msgs/lib/python3.8/site-packages/teleop_tools_msgs/action
[2.520s] -- Up-to-date: /home/jetson/slash_ws/install/teleop_tools_msgs/lib/python3.8/site-packages/teleop_tools_msgs/action/_increment_s.c
[2.520s] -- Up-to-date: /home/jetson/slash_ws/install/teleop_tools_msgs/lib/python3.8/site-packages/teleop_tools_msgs/action/_increment.py
[2.521s] -- Up-to-date: /home/jetson/slash_ws/install/teleop_tools_msgs/lib/python3.8/site-packages/teleop_tools_msgs/action/__init__.py
[2.521s] -- Up-to-date: /home/jetson/slash_ws/install/teleop_tools_msgs/lib/python3.8/site-packages/teleop_tools_msgs/teleop_tools_msgs_s__rosidl_typesupport_fastrtps_c.cpython-38-aarch64-linux-gnu.so
[2.521s] -- Up-to-date: /home/jetson/slash_ws/install/teleop_tools_msgs/lib/python3.8/site-packages/teleop_tools_msgs/teleop_tools_msgs_s__rosidl_typesupport_introspection_c.cpython-38-aarch64-linux-gnu.so
[2.521s] -- Up-to-date: /home/jetson/slash_ws/install/teleop_tools_msgs/lib/python3.8/site-packages/teleop_tools_msgs/teleop_tools_msgs_s__rosidl_typesupport_c.cpython-38-aarch64-linux-gnu.so
[2.521s] -- Up-to-date: /home/jetson/slash_ws/install/teleop_tools_msgs/lib/libteleop_tools_msgs__python.so
[2.522s] -- Up-to-date: /home/jetson/slash_ws/install/teleop_tools_msgs/share/teleop_tools_msgs/action/Increment.idl
[2.522s] -- Up-to-date: /home/jetson/slash_ws/install/teleop_tools_msgs/share/teleop_tools_msgs/action/Increment.action
[2.522s] -- Up-to-date: /home/jetson/slash_ws/install/teleop_tools_msgs/share/ament_index/resource_index/package_run_dependencies/teleop_tools_msgs
[2.522s] -- Up-to-date: /home/jetson/slash_ws/install/teleop_tools_msgs/share/ament_index/resource_index/parent_prefix_path/teleop_tools_msgs
[2.523s] -- Up-to-date: /home/jetson/slash_ws/install/teleop_tools_msgs/share/teleop_tools_msgs/environment/ament_prefix_path.sh
[2.523s] -- Up-to-date: /home/jetson/slash_ws/install/teleop_tools_msgs/share/teleop_tools_msgs/environment/ament_prefix_path.dsv
[2.523s] -- Up-to-date: /home/jetson/slash_ws/install/teleop_tools_msgs/share/teleop_tools_msgs/environment/path.sh
[2.523s] -- Up-to-date: /home/jetson/slash_ws/install/teleop_tools_msgs/share/teleop_tools_msgs/environment/path.dsv
[2.524s] -- Up-to-date: /home/jetson/slash_ws/install/teleop_tools_msgs/share/teleop_tools_msgs/local_setup.bash
[2.524s] -- Up-to-date: /home/jetson/slash_ws/install/teleop_tools_msgs/share/teleop_tools_msgs/local_setup.sh
[2.524s] -- Up-to-date: /home/jetson/slash_ws/install/teleop_tools_msgs/share/teleop_tools_msgs/local_setup.zsh
[2.524s] -- Up-to-date: /home/jetson/slash_ws/install/teleop_tools_msgs/share/teleop_tools_msgs/local_setup.dsv
[2.524s] -- Installing: /home/jetson/slash_ws/install/teleop_tools_msgs/share/teleop_tools_msgs/package.dsv
[2.524s] -- Up-to-date: /home/jetson/slash_ws/install/teleop_tools_msgs/share/ament_index/resource_index/packages/teleop_tools_msgs
[2.525s] -- Up-to-date: /home/jetson/slash_ws/install/teleop_tools_msgs/share/teleop_tools_msgs/cmake/teleop_tools_msgs__rosidl_generator_cExport.cmake
[2.525s] -- Up-to-date: /home/jetson/slash_ws/install/teleop_tools_msgs/share/teleop_tools_msgs/cmake/teleop_tools_msgs__rosidl_generator_cExport-noconfig.cmake
[2.525s] -- Up-to-date: /home/jetson/slash_ws/install/teleop_tools_msgs/share/teleop_tools_msgs/cmake/teleop_tools_msgs__rosidl_typesupport_introspection_cExport.cmake
[2.525s] -- Up-to-date: /home/jetson/slash_ws/install/teleop_tools_msgs/share/teleop_tools_msgs/cmake/teleop_tools_msgs__rosidl_typesupport_introspection_cExport-noconfig.cmake
[2.525s] -- Up-to-date: /home/jetson/slash_ws/install/teleop_tools_msgs/share/teleop_tools_msgs/cmake/teleop_tools_msgs__rosidl_typesupport_cExport.cmake
[2.525s] -- Up-to-date: /home/jetson/slash_ws/install/teleop_tools_msgs/share/teleop_tools_msgs/cmake/teleop_tools_msgs__rosidl_typesupport_cExport-noconfig.cmake
[2.525s] -- Up-to-date: /home/jetson/slash_ws/install/teleop_tools_msgs/share/teleop_tools_msgs/cmake/teleop_tools_msgs__rosidl_generator_cppExport.cmake
[2.526s] -- Up-to-date: /home/jetson/slash_ws/install/teleop_tools_msgs/share/teleop_tools_msgs/cmake/teleop_tools_msgs__rosidl_typesupport_introspection_cppExport.cmake
[2.526s] -- Up-to-date: /home/jetson/slash_ws/install/teleop_tools_msgs/share/teleop_tools_msgs/cmake/teleop_tools_msgs__rosidl_typesupport_introspection_cppExport-noconfig.cmake
[2.526s] -- Up-to-date: /home/jetson/slash_ws/install/teleop_tools_msgs/share/teleop_tools_msgs/cmake/teleop_tools_msgs__rosidl_typesupport_cppExport.cmake
[2.526s] -- Up-to-date: /home/jetson/slash_ws/install/teleop_tools_msgs/share/teleop_tools_msgs/cmake/teleop_tools_msgs__rosidl_typesupport_cppExport-noconfig.cmake
[2.526s] -- Up-to-date: /home/jetson/slash_ws/install/teleop_tools_msgs/share/teleop_tools_msgs/cmake/rosidl_cmake-extras.cmake
[2.526s] -- Up-to-date: /home/jetson/slash_ws/install/teleop_tools_msgs/share/teleop_tools_msgs/cmake/ament_cmake_export_dependencies-extras.cmake
[2.526s] -- Up-to-date: /home/jetson/slash_ws/install/teleop_tools_msgs/share/teleop_tools_msgs/cmake/ament_cmake_export_libraries-extras.cmake
[2.527s] -- Up-to-date: /home/jetson/slash_ws/install/teleop_tools_msgs/share/teleop_tools_msgs/cmake/ament_cmake_export_targets-extras.cmake
[2.527s] -- Up-to-date: /home/jetson/slash_ws/install/teleop_tools_msgs/share/teleop_tools_msgs/cmake/ament_cmake_export_include_directories-extras.cmake
[2.527s] -- Up-to-date: /home/jetson/slash_ws/install/teleop_tools_msgs/share/teleop_tools_msgs/cmake/rosidl_cmake_export_typesupport_libraries-extras.cmake
[2.529s] -- Up-to-date: /home/jetson/slash_ws/install/teleop_tools_msgs/share/teleop_tools_msgs/cmake/rosidl_cmake_export_typesupport_targets-extras.cmake
[2.529s] -- Up-to-date: /home/jetson/slash_ws/install/teleop_tools_msgs/share/teleop_tools_msgs/cmake/teleop_tools_msgsConfig.cmake
[2.529s] -- Up-to-date: /home/jetson/slash_ws/install/teleop_tools_msgs/share/teleop_tools_msgs/cmake/teleop_tools_msgsConfig-version.cmake
[2.529s] -- Up-to-date: /home/jetson/slash_ws/install/teleop_tools_msgs/share/teleop_tools_msgs/package.xml
[2.820s] Invoked command in '/home/jetson/slash_ws/build/teleop_tools_msgs' returned '0': CMAKE_PREFIX_PATH=${CMAKE_PREFIX_PATH}:/home/jetson/slash_ws/install/f1tenth_stack:/home/jetson/slash_ws/install/twist_to_ackermann:/home/jetson/slash_ws/install/joy_teleop:/home/jetson/slash_ws/install/roboracer_china_2025:/home/jetson/slash_ws/install/mouse_teleop:/home/jetson/slash_ws/install/key_teleop:/opt/ros/foxy /usr/bin/cmake --install /home/jetson/slash_ws/build/teleop_tools_msgs
