[0.178s] Invoking command in '/home/jetson/slash_ws/build/ackermann_mux': CMAKE_PREFIX_PATH=${CMAKE_PREFIX_PATH}:/home/jetson/slash_ws/install/f1tenth_stack:/home/jetson/slash_ws/install/twist_to_ackermann:/home/jetson/slash_ws/install/joy_teleop:/home/jetson/slash_ws/install/roboracer_china_2025:/home/jetson/slash_ws/install/mouse_teleop:/home/jetson/slash_ws/install/key_teleop:/opt/ros/foxy /usr/bin/cmake --build /home/jetson/slash_ws/build/ackermann_mux -- -j8 -l8
[1.204s] [100%] Built target ackermann_mux
[2.204s] Invoked command in '/home/jetson/slash_ws/build/ackermann_mux' returned '0': CMAKE_PREFIX_PATH=${CMAKE_PREFIX_PATH}:/home/jetson/slash_ws/install/f1tenth_stack:/home/jetson/slash_ws/install/twist_to_ackermann:/home/jetson/slash_ws/install/joy_teleop:/home/jetson/slash_ws/install/roboracer_china_2025:/home/jetson/slash_ws/install/mouse_teleop:/home/jetson/slash_ws/install/key_teleop:/opt/ros/foxy /usr/bin/cmake --build /home/jetson/slash_ws/build/ackermann_mux -- -j8 -l8
[2.205s] Invoking command in '/home/jetson/slash_ws/build/ackermann_mux': CMAKE_PREFIX_PATH=${CMAKE_PREFIX_PATH}:/home/jetson/slash_ws/install/f1tenth_stack:/home/jetson/slash_ws/install/twist_to_ackermann:/home/jetson/slash_ws/install/joy_teleop:/home/jetson/slash_ws/install/roboracer_china_2025:/home/jetson/slash_ws/install/mouse_teleop:/home/jetson/slash_ws/install/key_teleop:/opt/ros/foxy /usr/bin/cmake --install /home/jetson/slash_ws/build/ackermann_mux
[2.334s] -- Install configuration: ""
[2.334s] -- Up-to-date: /home/jetson/slash_ws/install/ackermann_mux/lib/ackermann_mux/ackermann_mux
[2.334s] -- Up-to-date: /home/jetson/slash_ws/install/ackermann_mux/share/ackermann_mux/launch
[2.339s] -- Up-to-date: /home/jetson/slash_ws/install/ackermann_mux/share/ackermann_mux/launch/ackermann_mux_launch.py
[2.339s] -- Up-to-date: /home/jetson/slash_ws/install/ackermann_mux/share/ackermann_mux/config
[2.340s] -- Up-to-date: /home/jetson/slash_ws/install/ackermann_mux/share/ackermann_mux/config/ackermann_mux_topics.yaml
[2.340s] -- Up-to-date: /home/jetson/slash_ws/install/ackermann_mux/share/ackermann_mux/config/ackermann_mux_locks.yaml
[2.340s] -- Up-to-date: /home/jetson/slash_ws/install/ackermann_mux/share/ackermann_mux/config/joystick.yaml
[2.340s] -- Up-to-date: /home/jetson/slash_ws/install/ackermann_mux/include
[2.340s] -- Up-to-date: /home/jetson/slash_ws/install/ackermann_mux/include/ackermann_mux
[2.340s] -- Up-to-date: /home/jetson/slash_ws/install/ackermann_mux/include/ackermann_mux/ackermann_mux.hpp
[2.340s] -- Up-to-date: /home/jetson/slash_ws/install/ackermann_mux/include/ackermann_mux/topic_handle.hpp
[2.341s] -- Up-to-date: /home/jetson/slash_ws/install/ackermann_mux/include/ackermann_mux/utils.hpp
[2.341s] -- Up-to-date: /home/jetson/slash_ws/install/ackermann_mux/include/ackermann_mux/ackermann_mux_diagnostics_status.hpp
[2.341s] -- Up-to-date: /home/jetson/slash_ws/install/ackermann_mux/include/ackermann_mux/ackermann_mux_diagnostics.hpp
[2.341s] -- Up-to-date: /home/jetson/slash_ws/install/ackermann_mux/include/ackermann_mux/params_helpers.hpp
[2.341s] -- Up-to-date: /home/jetson/slash_ws/install/ackermann_mux/share/ament_index/resource_index/package_run_dependencies/ackermann_mux
[2.341s] -- Up-to-date: /home/jetson/slash_ws/install/ackermann_mux/share/ament_index/resource_index/parent_prefix_path/ackermann_mux
[2.341s] -- Up-to-date: /home/jetson/slash_ws/install/ackermann_mux/share/ackermann_mux/environment/ament_prefix_path.sh
[2.341s] -- Up-to-date: /home/jetson/slash_ws/install/ackermann_mux/share/ackermann_mux/environment/ament_prefix_path.dsv
[2.341s] -- Up-to-date: /home/jetson/slash_ws/install/ackermann_mux/share/ackermann_mux/environment/path.sh
[2.342s] -- Up-to-date: /home/jetson/slash_ws/install/ackermann_mux/share/ackermann_mux/environment/path.dsv
[2.342s] -- Up-to-date: /home/jetson/slash_ws/install/ackermann_mux/share/ackermann_mux/local_setup.bash
[2.342s] -- Up-to-date: /home/jetson/slash_ws/install/ackermann_mux/share/ackermann_mux/local_setup.sh
[2.353s] -- Up-to-date: /home/jetson/slash_ws/install/ackermann_mux/share/ackermann_mux/local_setup.zsh
[2.355s] -- Up-to-date: /home/jetson/slash_ws/install/ackermann_mux/share/ackermann_mux/local_setup.dsv
[2.355s] -- Installing: /home/jetson/slash_ws/install/ackermann_mux/share/ackermann_mux/package.dsv
[2.355s] -- Up-to-date: /home/jetson/slash_ws/install/ackermann_mux/share/ament_index/resource_index/packages/ackermann_mux
[2.355s] -- Up-to-date: /home/jetson/slash_ws/install/ackermann_mux/share/ackermann_mux/cmake/ament_cmake_export_include_directories-extras.cmake
[2.355s] -- Up-to-date: /home/jetson/slash_ws/install/ackermann_mux/share/ackermann_mux/cmake/ament_cmake_export_dependencies-extras.cmake
[2.355s] -- Up-to-date: /home/jetson/slash_ws/install/ackermann_mux/share/ackermann_mux/cmake/ackermann_muxConfig.cmake
[2.355s] -- Up-to-date: /home/jetson/slash_ws/install/ackermann_mux/share/ackermann_mux/cmake/ackermann_muxConfig-version.cmake
[2.356s] -- Up-to-date: /home/jetson/slash_ws/install/ackermann_mux/share/ackermann_mux/package.xml
[2.589s] Invoked command in '/home/jetson/slash_ws/build/ackermann_mux' returned '0': CMAKE_PREFIX_PATH=${CMAKE_PREFIX_PATH}:/home/jetson/slash_ws/install/f1tenth_stack:/home/jetson/slash_ws/install/twist_to_ackermann:/home/jetson/slash_ws/install/joy_teleop:/home/jetson/slash_ws/install/roboracer_china_2025:/home/jetson/slash_ws/install/mouse_teleop:/home/jetson/slash_ws/install/key_teleop:/opt/ros/foxy /usr/bin/cmake --install /home/jetson/slash_ws/build/ackermann_mux
