[4.572s] Invoking command in '/home/jetson/slash_ws/src/slash_hardware/f1tenth_system/teleop_tools/key_teleop': PYTHONPATH=/home/jetson/slash_ws/build/key_teleop/prefix_override:/usr/lib/python3/dist-packages/colcon_core/task/python/colcon_distutils_commands:/home/jetson/slash_ws/install/key_teleop/lib/python3.8/site-packages:${PYTHONPATH} /usr/bin/python3 -W ignore:setup.py install is deprecated -W ignore:easy_install command is deprecated setup.py egg_info --egg-base ../../../../../build/key_teleop build --build-base /home/jetson/slash_ws/build/key_teleop/build install --record /home/jetson/slash_ws/build/key_teleop/install.log --single-version-externally-managed install_data
[5.739s] running egg_info
[5.765s] writing ../../../../../build/key_teleop/key_teleop.egg-info/PKG-INFO
[5.767s] writing dependency_links to ../../../../../build/key_teleop/key_teleop.egg-info/dependency_links.txt
[5.769s] writing entry points to ../../../../../build/key_teleop/key_teleop.egg-info/entry_points.txt
[5.769s] writing requirements to ../../../../../build/key_teleop/key_teleop.egg-info/requires.txt
[5.770s] writing top-level names to ../../../../../build/key_teleop/key_teleop.egg-info/top_level.txt
[5.824s] reading manifest file '../../../../../build/key_teleop/key_teleop.egg-info/SOURCES.txt'
[5.825s] adding license file 'LICENSE'
[5.827s] writing manifest file '../../../../../build/key_teleop/key_teleop.egg-info/SOURCES.txt'
[5.827s] running build
[5.827s] running build_py
[5.828s] running install
[5.839s] running install_lib
[5.866s] running install_data
[5.866s] running install_egg_info
[5.893s] removing '/home/jetson/slash_ws/install/key_teleop/lib/python3.8/site-packages/key_teleop-0.3.0-py3.8.egg-info' (and everything under it)
[5.895s] Copying ../../../../../build/key_teleop/key_teleop.egg-info to /home/jetson/slash_ws/install/key_teleop/lib/python3.8/site-packages/key_teleop-0.3.0-py3.8.egg-info
[5.899s] running install_scripts
[6.125s] Installing key_teleop script to /home/jetson/slash_ws/install/key_teleop/lib/key_teleop
[6.127s] writing list of installed files to '/home/jetson/slash_ws/build/key_teleop/install.log'
[6.692s] Invoked command in '/home/jetson/slash_ws/src/slash_hardware/f1tenth_system/teleop_tools/key_teleop' returned '0': PYTHONPATH=/home/jetson/slash_ws/build/key_teleop/prefix_override:/usr/lib/python3/dist-packages/colcon_core/task/python/colcon_distutils_commands:/home/jetson/slash_ws/install/key_teleop/lib/python3.8/site-packages:${PYTHONPATH} /usr/bin/python3 -W ignore:setup.py install is deprecated -W ignore:easy_install command is deprecated setup.py egg_info --egg-base ../../../../../build/key_teleop build --build-base /home/jetson/slash_ws/build/key_teleop/build install --record /home/jetson/slash_ws/build/key_teleop/install.log --single-version-externally-managed install_data
