[3.352s] Invoking command in '/home/jetson/slash_ws/src/slash_hardware/f1tenth_system/teleop_tools/key_teleop': PYTHONPATH=/home/jetson/slash_ws/build/key_teleop/prefix_override:/usr/lib/python3/dist-packages/colcon_core/task/python/colcon_distutils_commands:/home/jetson/slash_ws/install/key_teleop/lib/python3.8/site-packages:${PYTHONPATH} /usr/bin/python3 -W ignore:setup.py install is deprecated -W ignore:easy_install command is deprecated setup.py egg_info --egg-base ../../../../../build/key_teleop build --build-base /home/jetson/slash_ws/build/key_teleop/build install --record /home/jetson/slash_ws/build/key_teleop/install.log --single-version-externally-managed install_data
[4.467s] running egg_info
[4.491s] writing ../../../../../build/key_teleop/key_teleop.egg-info/PKG-INFO
[4.491s] writing dependency_links to ../../../../../build/key_teleop/key_teleop.egg-info/dependency_links.txt
[4.492s] writing entry points to ../../../../../build/key_teleop/key_teleop.egg-info/entry_points.txt
[4.492s] writing requirements to ../../../../../build/key_teleop/key_teleop.egg-info/requires.txt
[4.492s] writing top-level names to ../../../../../build/key_teleop/key_teleop.egg-info/top_level.txt
[4.549s] reading manifest file '../../../../../build/key_teleop/key_teleop.egg-info/SOURCES.txt'
[4.551s] adding license file 'LICENSE'
[4.551s] writing manifest file '../../../../../build/key_teleop/key_teleop.egg-info/SOURCES.txt'
[4.551s] running build
[4.551s] running build_py
[4.551s] running install
[4.562s] running install_lib
[4.589s] running install_data
[4.589s] running install_egg_info
[4.615s] removing '/home/jetson/slash_ws/install/key_teleop/lib/python3.8/site-packages/key_teleop-0.3.0-py3.8.egg-info' (and everything under it)
[4.616s] Copying ../../../../../build/key_teleop/key_teleop.egg-info to /home/jetson/slash_ws/install/key_teleop/lib/python3.8/site-packages/key_teleop-0.3.0-py3.8.egg-info
[4.617s] running install_scripts
[4.767s] Installing key_teleop script to /home/jetson/slash_ws/install/key_teleop/lib/key_teleop
[4.769s] writing list of installed files to '/home/jetson/slash_ws/build/key_teleop/install.log'
[5.202s] Invoked command in '/home/jetson/slash_ws/src/slash_hardware/f1tenth_system/teleop_tools/key_teleop' returned '0': PYTHONPATH=/home/jetson/slash_ws/build/key_teleop/prefix_override:/usr/lib/python3/dist-packages/colcon_core/task/python/colcon_distutils_commands:/home/jetson/slash_ws/install/key_teleop/lib/python3.8/site-packages:${PYTHONPATH} /usr/bin/python3 -W ignore:setup.py install is deprecated -W ignore:easy_install command is deprecated setup.py egg_info --egg-base ../../../../../build/key_teleop build --build-base /home/jetson/slash_ws/build/key_teleop/build install --record /home/jetson/slash_ws/build/key_teleop/install.log --single-version-externally-managed install_data
