[3.301s] Invoking command in '/home/jetson/slash_ws/build/livox_ros_driver2': CMAKE_PREFIX_PATH=${CMAKE_PREFIX_PATH}:/home/jetson/slash_ws/install/f1tenth_stack:/home/jetson/slash_ws/install/twist_to_ackermann:/home/jetson/slash_ws/install/joy_teleop:/home/jetson/slash_ws/install/slash_sysid:/home/jetson/slash_ws/install/slash_distill:/home/jetson/slash_ws/install/slash_safety:/home/jetson/slash_ws/install/roboracer_china_2025:/home/jetson/slash_ws/install/obstacle_tracker:/home/jetson/slash_ws/install/multilayer_scan:/home/jetson/slash_ws/install/mouse_teleop:/home/jetson/slash_ws/install/key_teleop:/opt/ros/foxy /usr/bin/cmake --build /home/jetson/slash_ws/build/livox_ros_driver2 -- -j8 -l8
[3.605s] [  1%] Built target livox_interfaces2__cpp
[3.605s] [  5%] Built target livox_ros_driver2_node
[3.686s] [ 12%] Built target livox_interfaces2__rosidl_generator_c
[3.866s] [ 19%] Built target livox_interfaces2__rosidl_typesupport_introspection_cpp
[3.872s] [ 26%] Built target livox_interfaces2__rosidl_typesupport_cpp
[3.882s] [ 33%] Built target livox_interfaces2__rosidl_typesupport_c
[3.897s] [ 40%] Built target livox_interfaces2__rosidl_typesupport_fastrtps_cpp
[4.348s] [ 47%] Built target livox_interfaces2__rosidl_typesupport_introspection_c
[4.349s] [ 54%] Built target livox_interfaces2__rosidl_typesupport_fastrtps_c
[5.538s] [ 54%] Built target livox_interfaces2
[5.538s] [ 56%] Built target livox_interfaces2__py
[5.538s] [ 61%] Built target livox_interfaces2__python
[5.538s] [ 89%] Built target livox_ros_driver2
[5.539s] [ 92%] Built target livox_ros_driver2__rosidl_typesupport_introspection_c__pyext
[5.539s] [ 96%] Built target livox_ros_driver2__rosidl_typesupport_c__pyext
[5.539s] [100%] Built target livox_ros_driver2__rosidl_typesupport_fastrtps_c__pyext
[5.553s] Invoked command in '/home/jetson/slash_ws/build/livox_ros_driver2' returned '0': CMAKE_PREFIX_PATH=${CMAKE_PREFIX_PATH}:/home/jetson/slash_ws/install/f1tenth_stack:/home/jetson/slash_ws/install/twist_to_ackermann:/home/jetson/slash_ws/install/joy_teleop:/home/jetson/slash_ws/install/slash_sysid:/home/jetson/slash_ws/install/slash_distill:/home/jetson/slash_ws/install/slash_safety:/home/jetson/slash_ws/install/roboracer_china_2025:/home/jetson/slash_ws/install/obstacle_tracker:/home/jetson/slash_ws/install/multilayer_scan:/home/jetson/slash_ws/install/mouse_teleop:/home/jetson/slash_ws/install/key_teleop:/opt/ros/foxy /usr/bin/cmake --build /home/jetson/slash_ws/build/livox_ros_driver2 -- -j8 -l8
[5.559s] Invoking command in '/home/jetson/slash_ws/build/livox_ros_driver2': CMAKE_PREFIX_PATH=${CMAKE_PREFIX_PATH}:/home/jetson/slash_ws/install/f1tenth_stack:/home/jetson/slash_ws/install/twist_to_ackermann:/home/jetson/slash_ws/install/joy_teleop:/home/jetson/slash_ws/install/slash_sysid:/home/jetson/slash_ws/install/slash_distill:/home/jetson/slash_ws/install/slash_safety:/home/jetson/slash_ws/install/roboracer_china_2025:/home/jetson/slash_ws/install/obstacle_tracker:/home/jetson/slash_ws/install/multilayer_scan:/home/jetson/slash_ws/install/mouse_teleop:/home/jetson/slash_ws/install/key_teleop:/opt/ros/foxy /usr/bin/cmake --install /home/jetson/slash_ws/build/livox_ros_driver2
[5.707s] -- Install configuration: ""
[5.707s] -- Execute custom install script
[5.707s] -- Up-to-date symlink: /home/jetson/slash_ws/install/livox_ros_driver2/share/ament_index/resource_index/rosidl_interfaces/livox_ros_driver2
[5.707s] -- Up-to-date symlink: /home/jetson/slash_ws/install/livox_ros_driver2/include/livox_ros_driver2/msg/custom_msg.h
[5.708s] -- Up-to-date symlink: /home/jetson/slash_ws/install/livox_ros_driver2/include/livox_ros_driver2/msg/custom_point.h
[5.708s] -- Up-to-date symlink: /home/jetson/slash_ws/install/livox_ros_driver2/include/livox_ros_driver2/msg/detail/custom_msg__functions.h
[5.708s] -- Up-to-date symlink: /home/jetson/slash_ws/install/livox_ros_driver2/include/livox_ros_driver2/msg/detail/custom_msg__struct.h
[5.708s] -- Up-to-date symlink: /home/jetson/slash_ws/install/livox_ros_driver2/include/livox_ros_driver2/msg/detail/custom_msg__type_support.h
[5.708s] -- Up-to-date symlink: /home/jetson/slash_ws/install/livox_ros_driver2/include/livox_ros_driver2/msg/detail/custom_point__functions.h
[5.708s] -- Up-to-date symlink: /home/jetson/slash_ws/install/livox_ros_driver2/include/livox_ros_driver2/msg/detail/custom_point__struct.h
[5.708s] -- Up-to-date symlink: /home/jetson/slash_ws/install/livox_ros_driver2/include/livox_ros_driver2/msg/detail/custom_point__type_support.h
[5.708s] -- Up-to-date symlink: /home/jetson/slash_ws/install/livox_ros_driver2/include/livox_ros_driver2/msg/rosidl_generator_c__visibility_control.h
[5.708s] -- Up-to-date symlink: /home/jetson/slash_ws/install/livox_ros_driver2/share/livox_ros_driver2/environment/library_path.sh
[5.709s] -- Up-to-date symlink: /home/jetson/slash_ws/install/livox_ros_driver2/share/livox_ros_driver2/environment/library_path.dsv
[5.709s] -- Up-to-date symlink: /home/jetson/slash_ws/install/livox_ros_driver2/include/livox_ros_driver2/msg/detail/custom_msg__rosidl_typesupport_fastrtps_c.h
[5.709s] -- Up-to-date symlink: /home/jetson/slash_ws/install/livox_ros_driver2/include/livox_ros_driver2/msg/detail/custom_point__rosidl_typesupport_fastrtps_c.h
[5.709s] -- Up-to-date symlink: /home/jetson/slash_ws/install/livox_ros_driver2/include/livox_ros_driver2/msg/rosidl_typesupport_fastrtps_c__visibility_control.h
[5.709s] -- Up-to-date symlink: /home/jetson/slash_ws/install/livox_ros_driver2/lib/liblivox_ros_driver2__rosidl_typesupport_fastrtps_c.so
[5.709s] -- Up-to-date symlink: /home/jetson/slash_ws/install/livox_ros_driver2/include/livox_ros_driver2/msg/detail/custom_msg__rosidl_typesupport_fastrtps_cpp.hpp
[5.709s] -- Up-to-date symlink: /home/jetson/slash_ws/install/livox_ros_driver2/include/livox_ros_driver2/msg/detail/custom_point__rosidl_typesupport_fastrtps_cpp.hpp
[5.709s] -- Up-to-date symlink: /home/jetson/slash_ws/install/livox_ros_driver2/include/livox_ros_driver2/msg/rosidl_typesupport_fastrtps_cpp__visibility_control.h
[5.709s] -- Up-to-date symlink: /home/jetson/slash_ws/install/livox_ros_driver2/lib/liblivox_ros_driver2__rosidl_typesupport_fastrtps_cpp.so
[5.709s] -- Up-to-date symlink: /home/jetson/slash_ws/install/livox_ros_driver2/include/livox_ros_driver2/msg/detail/custom_msg__rosidl_typesupport_introspection_c.h
[5.710s] -- Up-to-date symlink: /home/jetson/slash_ws/install/livox_ros_driver2/include/livox_ros_driver2/msg/detail/custom_point__rosidl_typesupport_introspection_c.h
[5.710s] -- Up-to-date symlink: /home/jetson/slash_ws/install/livox_ros_driver2/include/livox_ros_driver2/msg/rosidl_typesupport_introspection_c__visibility_control.h
[5.710s] -- Up-to-date symlink: /home/jetson/slash_ws/install/livox_ros_driver2/include/livox_ros_driver2/msg/custom_msg.hpp
[5.710s] -- Up-to-date symlink: /home/jetson/slash_ws/install/livox_ros_driver2/include/livox_ros_driver2/msg/custom_point.hpp
[5.710s] -- Up-to-date symlink: /home/jetson/slash_ws/install/livox_ros_driver2/include/livox_ros_driver2/msg/detail/custom_msg__builder.hpp
[5.710s] -- Up-to-date symlink: /home/jetson/slash_ws/install/livox_ros_driver2/include/livox_ros_driver2/msg/detail/custom_msg__struct.hpp
[5.710s] -- Up-to-date symlink: /home/jetson/slash_ws/install/livox_ros_driver2/include/livox_ros_driver2/msg/detail/custom_msg__traits.hpp
[5.710s] -- Up-to-date symlink: /home/jetson/slash_ws/install/livox_ros_driver2/include/livox_ros_driver2/msg/detail/custom_msg__type_support.hpp
[5.710s] -- Up-to-date symlink: /home/jetson/slash_ws/install/livox_ros_driver2/include/livox_ros_driver2/msg/detail/custom_point__builder.hpp
[5.711s] -- Up-to-date symlink: /home/jetson/slash_ws/install/livox_ros_driver2/include/livox_ros_driver2/msg/detail/custom_point__struct.hpp
[5.711s] -- Up-to-date symlink: /home/jetson/slash_ws/install/livox_ros_driver2/include/livox_ros_driver2/msg/detail/custom_point__traits.hpp
[5.711s] -- Up-to-date symlink: /home/jetson/slash_ws/install/livox_ros_driver2/include/livox_ros_driver2/msg/detail/custom_point__type_support.hpp
[5.711s] -- Up-to-date symlink: /home/jetson/slash_ws/install/livox_ros_driver2/include/livox_ros_driver2/msg/rosidl_generator_cpp__visibility_control.hpp
[5.711s] -- Up-to-date symlink: /home/jetson/slash_ws/install/livox_ros_driver2/include/livox_ros_driver2/msg/detail/custom_msg__rosidl_typesupport_introspection_cpp.hpp
[5.711s] -- Up-to-date symlink: /home/jetson/slash_ws/install/livox_ros_driver2/include/livox_ros_driver2/msg/detail/custom_point__rosidl_typesupport_introspection_cpp.hpp
[5.711s] -- Up-to-date symlink: /home/jetson/slash_ws/install/livox_ros_driver2/share/livox_ros_driver2/environment/pythonpath.sh
[5.712s] -- Up-to-date symlink: /home/jetson/slash_ws/install/livox_ros_driver2/share/livox_ros_driver2/environment/pythonpath.dsv
[5.732s] -- Up-to-date symlink: /home/jetson/slash_ws/install/livox_ros_driver2/lib/python3.8/site-packages/livox_ros_driver2/__init__.py
[5.732s] -- Up-to-date symlink: /home/jetson/slash_ws/install/livox_ros_driver2/lib/python3.8/site-packages/livox_ros_driver2/msg/__init__.py
[5.732s] -- Up-to-date symlink: /home/jetson/slash_ws/install/livox_ros_driver2/lib/python3.8/site-packages/livox_ros_driver2/msg/_custom_msg.py
[5.733s] -- Up-to-date symlink: /home/jetson/slash_ws/install/livox_ros_driver2/lib/python3.8/site-packages/livox_ros_driver2/msg/_custom_point.py
[5.733s] -- Up-to-date symlink: /home/jetson/slash_ws/install/livox_ros_driver2/lib/python3.8/site-packages/livox_ros_driver2/livox_ros_driver2_s__rosidl_typesupport_fastrtps_c.cpython-38-aarch64-linux-gnu.so
[5.733s] -- Up-to-date symlink: /home/jetson/slash_ws/install/livox_ros_driver2/lib/python3.8/site-packages/livox_ros_driver2/livox_ros_driver2_s__rosidl_typesupport_introspection_c.cpython-38-aarch64-linux-gnu.so
[5.733s] -- Up-to-date symlink: /home/jetson/slash_ws/install/livox_ros_driver2/lib/python3.8/site-packages/livox_ros_driver2/livox_ros_driver2_s__rosidl_typesupport_c.cpython-38-aarch64-linux-gnu.so
[5.733s] -- Up-to-date symlink: /home/jetson/slash_ws/install/livox_ros_driver2/lib/liblivox_interfaces2__python.so
[5.733s] -- Up-to-date symlink: /home/jetson/slash_ws/install/livox_ros_driver2/share/livox_ros_driver2/msg/CustomPoint.idl
[5.733s] -- Up-to-date symlink: /home/jetson/slash_ws/install/livox_ros_driver2/share/livox_ros_driver2/msg/CustomMsg.idl
[5.733s] -- Up-to-date symlink: /home/jetson/slash_ws/install/livox_ros_driver2/share/livox_ros_driver2/msg/CustomPoint.msg
[5.733s] -- Up-to-date symlink: /home/jetson/slash_ws/install/livox_ros_driver2/share/livox_ros_driver2/msg/CustomMsg.msg
[5.734s] -- Up-to-date symlink: /home/jetson/slash_ws/install/livox_ros_driver2/lib/livox_ros_driver2/livox_ros_driver2_node
[5.734s] -- Up-to-date symlink: /home/jetson/slash_ws/install/livox_ros_driver2/lib/liblivox_ros_driver2.so
[5.734s] -- Up-to-date symlink: /home/jetson/slash_ws/install/livox_ros_driver2/share/livox_ros_driver2/config/HAP_config.json
[5.734s] -- Up-to-date symlink: /home/jetson/slash_ws/install/livox_ros_driver2/share/livox_ros_driver2/config/MID360_config.json
[5.734s] -- Up-to-date symlink: /home/jetson/slash_ws/install/livox_ros_driver2/share/livox_ros_driver2/config/display_point_cloud.rviz
[5.734s] -- Up-to-date symlink: /home/jetson/slash_ws/install/livox_ros_driver2/share/livox_ros_driver2/config/mixed_HAP_MID360_config.json
[5.735s] -- Symlinking: /home/jetson/slash_ws/install/livox_ros_driver2/share/livox_ros_driver2/launch/__pycache__/msg_MID360_launch.cpython-38.pyc
[5.739s] -- Symlinking: /home/jetson/slash_ws/install/livox_ros_driver2/share/livox_ros_driver2/launch/__pycache__/rviz_MID360_launch.cpython-38.pyc
[5.776s] -- Up-to-date symlink: /home/jetson/slash_ws/install/livox_ros_driver2/share/livox_ros_driver2/launch/msg_HAP_launch.py
[5.776s] -- Up-to-date symlink: /home/jetson/slash_ws/install/livox_ros_driver2/share/livox_ros_driver2/launch/msg_MID360_launch.py
[5.776s] -- Up-to-date symlink: /home/jetson/slash_ws/install/livox_ros_driver2/share/livox_ros_driver2/launch/rviz_HAP_launch.py
[5.776s] -- Up-to-date symlink: /home/jetson/slash_ws/install/livox_ros_driver2/share/livox_ros_driver2/launch/rviz_MID360_launch.py
[5.776s] -- Up-to-date symlink: /home/jetson/slash_ws/install/livox_ros_driver2/share/livox_ros_driver2/launch/rviz_mixed.py
[5.776s] -- Up-to-date symlink: /home/jetson/slash_ws/install/livox_ros_driver2/share/ament_index/resource_index/package_run_dependencies/livox_ros_driver2
[5.776s] -- Up-to-date symlink: /home/jetson/slash_ws/install/livox_ros_driver2/share/ament_index/resource_index/parent_prefix_path/livox_ros_driver2
[5.777s] -- Up-to-date symlink: /home/jetson/slash_ws/install/livox_ros_driver2/share/livox_ros_driver2/environment/ament_prefix_path.sh
[5.777s] -- Up-to-date symlink: /home/jetson/slash_ws/install/livox_ros_driver2/share/livox_ros_driver2/environment/ament_prefix_path.dsv
[5.777s] -- Up-to-date symlink: /home/jetson/slash_ws/install/livox_ros_driver2/share/livox_ros_driver2/environment/path.sh
[5.777s] -- Up-to-date symlink: /home/jetson/slash_ws/install/livox_ros_driver2/share/livox_ros_driver2/environment/path.dsv
[5.777s] -- Up-to-date symlink: /home/jetson/slash_ws/install/livox_ros_driver2/share/livox_ros_driver2/local_setup.bash
[5.777s] -- Up-to-date symlink: /home/jetson/slash_ws/install/livox_ros_driver2/share/livox_ros_driver2/local_setup.sh
[5.777s] -- Up-to-date symlink: /home/jetson/slash_ws/install/livox_ros_driver2/share/livox_ros_driver2/local_setup.zsh
[5.777s] -- Up-to-date symlink: /home/jetson/slash_ws/install/livox_ros_driver2/share/livox_ros_driver2/local_setup.dsv
[5.781s] -- Symlinking: /home/jetson/slash_ws/install/livox_ros_driver2/share/livox_ros_driver2/package.dsv
[5.921s] -- Up-to-date symlink: /home/jetson/slash_ws/install/livox_ros_driver2/share/ament_index/resource_index/packages/livox_ros_driver2
[5.922s] -- Up-to-date symlink: /home/jetson/slash_ws/install/livox_ros_driver2/share/ament_index/resource_index/rclcpp_components/livox_ros_driver2
[5.922s] -- Up-to-date symlink: /home/jetson/slash_ws/install/livox_ros_driver2/share/livox_ros_driver2/cmake/rosidl_cmake-extras.cmake
[5.922s] -- Up-to-date symlink: /home/jetson/slash_ws/install/livox_ros_driver2/share/livox_ros_driver2/cmake/ament_cmake_export_dependencies-extras.cmake
[5.922s] -- Up-to-date symlink: /home/jetson/slash_ws/install/livox_ros_driver2/share/livox_ros_driver2/cmake/ament_cmake_export_libraries-extras.cmake
[5.923s] -- Up-to-date symlink: /home/jetson/slash_ws/install/livox_ros_driver2/share/livox_ros_driver2/cmake/ament_cmake_export_targets-extras.cmake
[5.923s] -- Up-to-date symlink: /home/jetson/slash_ws/install/livox_ros_driver2/share/livox_ros_driver2/cmake/ament_cmake_export_include_directories-extras.cmake
[5.923s] -- Up-to-date symlink: /home/jetson/slash_ws/install/livox_ros_driver2/share/livox_ros_driver2/cmake/rosidl_cmake_export_typesupport_libraries-extras.cmake
[5.923s] -- Up-to-date symlink: /home/jetson/slash_ws/install/livox_ros_driver2/share/livox_ros_driver2/cmake/rosidl_cmake_export_typesupport_targets-extras.cmake
[5.923s] -- Up-to-date symlink: /home/jetson/slash_ws/install/livox_ros_driver2/share/livox_ros_driver2/cmake/livox_ros_driver2Config.cmake
[5.923s] -- Up-to-date symlink: /home/jetson/slash_ws/install/livox_ros_driver2/share/livox_ros_driver2/cmake/livox_ros_driver2Config-version.cmake
[5.923s] -- Up-to-date symlink: /home/jetson/slash_ws/install/livox_ros_driver2/share/livox_ros_driver2/package.xml
[5.923s] -- Up-to-date: /home/jetson/slash_ws/install/livox_ros_driver2/lib/liblivox_ros_driver2__rosidl_generator_c.so
[5.924s] -- Up-to-date: /home/jetson/slash_ws/install/livox_ros_driver2/lib/liblivox_ros_driver2__rosidl_typesupport_introspection_c.so
[5.924s] -- Up-to-date: /home/jetson/slash_ws/install/livox_ros_driver2/lib/liblivox_ros_driver2__rosidl_typesupport_c.so
[5.924s] -- Up-to-date: /home/jetson/slash_ws/install/livox_ros_driver2/lib/liblivox_ros_driver2__rosidl_typesupport_introspection_cpp.so
[5.924s] -- Up-to-date: /home/jetson/slash_ws/install/livox_ros_driver2/lib/liblivox_ros_driver2__rosidl_typesupport_cpp.so
[5.946s] -- Up-to-date: /home/jetson/slash_ws/install/livox_ros_driver2/share/livox_ros_driver2/cmake/livox_interfaces2__rosidl_generator_cExport.cmake
[5.946s] -- Up-to-date: /home/jetson/slash_ws/install/livox_ros_driver2/share/livox_ros_driver2/cmake/livox_interfaces2__rosidl_generator_cExport-noconfig.cmake
[5.946s] -- Up-to-date: /home/jetson/slash_ws/install/livox_ros_driver2/share/livox_ros_driver2/cmake/livox_interfaces2__rosidl_typesupport_introspection_cExport.cmake
[5.946s] -- Up-to-date: /home/jetson/slash_ws/install/livox_ros_driver2/share/livox_ros_driver2/cmake/livox_interfaces2__rosidl_typesupport_introspection_cExport-noconfig.cmake
[5.947s] -- Up-to-date: /home/jetson/slash_ws/install/livox_ros_driver2/share/livox_ros_driver2/cmake/livox_interfaces2__rosidl_typesupport_cExport.cmake
[5.948s] -- Up-to-date: /home/jetson/slash_ws/install/livox_ros_driver2/share/livox_ros_driver2/cmake/livox_interfaces2__rosidl_typesupport_cExport-noconfig.cmake
[5.948s] -- Up-to-date: /home/jetson/slash_ws/install/livox_ros_driver2/share/livox_ros_driver2/cmake/livox_interfaces2__rosidl_generator_cppExport.cmake
[5.948s] -- Up-to-date: /home/jetson/slash_ws/install/livox_ros_driver2/share/livox_ros_driver2/cmake/livox_interfaces2__rosidl_typesupport_introspection_cppExport.cmake
[5.948s] -- Up-to-date: /home/jetson/slash_ws/install/livox_ros_driver2/share/livox_ros_driver2/cmake/livox_interfaces2__rosidl_typesupport_introspection_cppExport-noconfig.cmake
[5.959s] -- Up-to-date: /home/jetson/slash_ws/install/livox_ros_driver2/share/livox_ros_driver2/cmake/livox_interfaces2__rosidl_typesupport_cppExport.cmake
[5.960s] -- Up-to-date: /home/jetson/slash_ws/install/livox_ros_driver2/share/livox_ros_driver2/cmake/livox_interfaces2__rosidl_typesupport_cppExport-noconfig.cmake
[5.960s] Invoked command in '/home/jetson/slash_ws/build/livox_ros_driver2' returned '0': CMAKE_PREFIX_PATH=${CMAKE_PREFIX_PATH}:/home/jetson/slash_ws/install/f1tenth_stack:/home/jetson/slash_ws/install/twist_to_ackermann:/home/jetson/slash_ws/install/joy_teleop:/home/jetson/slash_ws/install/slash_sysid:/home/jetson/slash_ws/install/slash_distill:/home/jetson/slash_ws/install/slash_safety:/home/jetson/slash_ws/install/roboracer_china_2025:/home/jetson/slash_ws/install/obstacle_tracker:/home/jetson/slash_ws/install/multilayer_scan:/home/jetson/slash_ws/install/mouse_teleop:/home/jetson/slash_ws/install/key_teleop:/opt/ros/foxy /usr/bin/cmake --install /home/jetson/slash_ws/build/livox_ros_driver2
