[1.188s] Invoking command in '/home/jetson/slash_ws/build/livox_ros_driver2': CMAKE_PREFIX_PATH=${CMAKE_PREFIX_PATH}:/home/jetson/slash_ws/install/f1tenth_stack:/home/jetson/slash_ws/install/twist_to_ackermann:/home/jetson/slash_ws/install/joy_teleop:/home/jetson/slash_ws/install/roboracer_china_2025:/home/jetson/slash_ws/install/mouse_teleop:/home/jetson/slash_ws/install/key_teleop:/opt/ros/foxy /usr/bin/cmake --build /home/jetson/slash_ws/build/livox_ros_driver2 -- -j8 -l8
[1.375s] [  1%] Built target livox_interfaces2__cpp
[1.394s] [  8%] Built target livox_interfaces2__rosidl_generator_c
[1.411s] [ 12%] Built target livox_ros_driver2_node
[1.468s] [ 19%] Built target livox_interfaces2__rosidl_typesupport_cpp
[1.487s] [ 26%] Built target livox_interfaces2__rosidl_typesupport_c
[1.515s] [ 33%] Built target livox_interfaces2__rosidl_typesupport_introspection_c
[1.519s] [ 40%] Built target livox_interfaces2__rosidl_typesupport_fastrtps_cpp
[1.525s] [ 47%] Built target livox_interfaces2__rosidl_typesupport_introspection_cpp
[1.592s] [ 54%] Built target livox_interfaces2__rosidl_typesupport_fastrtps_c
[1.645s] [ 54%] Built target livox_interfaces2
[1.709s] [ 56%] Built target livox_interfaces2__py
[1.772s] [ 84%] Built target livox_ros_driver2
[1.778s] [ 89%] Built target livox_interfaces2__python
[1.851s] [ 92%] Built target livox_ros_driver2__rosidl_typesupport_introspection_c__pyext
[1.856s] [ 96%] Built target livox_ros_driver2__rosidl_typesupport_fastrtps_c__pyext
[1.889s] [100%] Built target livox_ros_driver2__rosidl_typesupport_c__pyext
[2.337s] Invoked command in '/home/jetson/slash_ws/build/livox_ros_driver2' returned '0': CMAKE_PREFIX_PATH=${CMAKE_PREFIX_PATH}:/home/jetson/slash_ws/install/f1tenth_stack:/home/jetson/slash_ws/install/twist_to_ackermann:/home/jetson/slash_ws/install/joy_teleop:/home/jetson/slash_ws/install/roboracer_china_2025:/home/jetson/slash_ws/install/mouse_teleop:/home/jetson/slash_ws/install/key_teleop:/opt/ros/foxy /usr/bin/cmake --build /home/jetson/slash_ws/build/livox_ros_driver2 -- -j8 -l8
[2.340s] Invoking command in '/home/jetson/slash_ws/build/livox_ros_driver2': CMAKE_PREFIX_PATH=${CMAKE_PREFIX_PATH}:/home/jetson/slash_ws/install/f1tenth_stack:/home/jetson/slash_ws/install/twist_to_ackermann:/home/jetson/slash_ws/install/joy_teleop:/home/jetson/slash_ws/install/roboracer_china_2025:/home/jetson/slash_ws/install/mouse_teleop:/home/jetson/slash_ws/install/key_teleop:/opt/ros/foxy /usr/bin/cmake --install /home/jetson/slash_ws/build/livox_ros_driver2
[2.544s] -- Install configuration: ""
[2.544s] -- Up-to-date: /home/jetson/slash_ws/install/livox_ros_driver2/share/ament_index/resource_index/rosidl_interfaces/livox_ros_driver2
[2.544s] -- Up-to-date: /home/jetson/slash_ws/install/livox_ros_driver2/include/livox_ros_driver2
[2.544s] -- Up-to-date: /home/jetson/slash_ws/install/livox_ros_driver2/include/livox_ros_driver2/msg
[2.544s] -- Up-to-date: /home/jetson/slash_ws/install/livox_ros_driver2/include/livox_ros_driver2/msg/custom_point.h
[2.544s] -- Up-to-date: /home/jetson/slash_ws/install/livox_ros_driver2/include/livox_ros_driver2/msg/detail
[2.545s] -- Up-to-date: /home/jetson/slash_ws/install/livox_ros_driver2/include/livox_ros_driver2/msg/detail/custom_point__functions.h
[2.545s] -- Up-to-date: /home/jetson/slash_ws/install/livox_ros_driver2/include/livox_ros_driver2/msg/detail/custom_point__struct.h
[2.545s] -- Up-to-date: /home/jetson/slash_ws/install/livox_ros_driver2/include/livox_ros_driver2/msg/detail/custom_point__functions.c
[2.545s] -- Up-to-date: /home/jetson/slash_ws/install/livox_ros_driver2/include/livox_ros_driver2/msg/detail/custom_msg__struct.h
[2.545s] -- Up-to-date: /home/jetson/slash_ws/install/livox_ros_driver2/include/livox_ros_driver2/msg/detail/custom_point__type_support.h
[2.545s] -- Up-to-date: /home/jetson/slash_ws/install/livox_ros_driver2/include/livox_ros_driver2/msg/detail/custom_msg__type_support.h
[2.545s] -- Up-to-date: /home/jetson/slash_ws/install/livox_ros_driver2/include/livox_ros_driver2/msg/detail/custom_msg__functions.c
[2.545s] -- Up-to-date: /home/jetson/slash_ws/install/livox_ros_driver2/include/livox_ros_driver2/msg/detail/custom_msg__functions.h
[2.545s] -- Up-to-date: /home/jetson/slash_ws/install/livox_ros_driver2/include/livox_ros_driver2/msg/rosidl_generator_c__visibility_control.h
[2.546s] -- Up-to-date: /home/jetson/slash_ws/install/livox_ros_driver2/include/livox_ros_driver2/msg/custom_msg.h
[2.546s] -- Up-to-date: /home/jetson/slash_ws/install/livox_ros_driver2/share/livox_ros_driver2/environment/library_path.sh
[2.546s] -- Up-to-date: /home/jetson/slash_ws/install/livox_ros_driver2/share/livox_ros_driver2/environment/library_path.dsv
[2.546s] -- Up-to-date: /home/jetson/slash_ws/install/livox_ros_driver2/lib/liblivox_ros_driver2__rosidl_generator_c.so
[2.546s] -- Up-to-date: /home/jetson/slash_ws/install/livox_ros_driver2/include/livox_ros_driver2
[2.546s] -- Up-to-date: /home/jetson/slash_ws/install/livox_ros_driver2/include/livox_ros_driver2/msg
[2.546s] -- Up-to-date: /home/jetson/slash_ws/install/livox_ros_driver2/include/livox_ros_driver2/msg/detail
[2.546s] -- Up-to-date: /home/jetson/slash_ws/install/livox_ros_driver2/include/livox_ros_driver2/msg/detail/custom_point__rosidl_typesupport_fastrtps_c.h
[2.546s] -- Up-to-date: /home/jetson/slash_ws/install/livox_ros_driver2/include/livox_ros_driver2/msg/detail/custom_msg__rosidl_typesupport_fastrtps_c.h
[2.547s] -- Up-to-date: /home/jetson/slash_ws/install/livox_ros_driver2/include/livox_ros_driver2/msg/rosidl_typesupport_fastrtps_c__visibility_control.h
[2.547s] -- Up-to-date: /home/jetson/slash_ws/install/livox_ros_driver2/lib/liblivox_ros_driver2__rosidl_typesupport_fastrtps_c.so
[2.547s] -- Up-to-date: /home/jetson/slash_ws/install/livox_ros_driver2/include/livox_ros_driver2
[2.547s] -- Up-to-date: /home/jetson/slash_ws/install/livox_ros_driver2/include/livox_ros_driver2/msg
[2.547s] -- Up-to-date: /home/jetson/slash_ws/install/livox_ros_driver2/include/livox_ros_driver2/msg/rosidl_typesupport_fastrtps_cpp__visibility_control.h
[2.547s] -- Up-to-date: /home/jetson/slash_ws/install/livox_ros_driver2/include/livox_ros_driver2/msg/detail
[2.548s] -- Up-to-date: /home/jetson/slash_ws/install/livox_ros_driver2/include/livox_ros_driver2/msg/detail/custom_msg__rosidl_typesupport_fastrtps_cpp.hpp
[2.548s] -- Up-to-date: /home/jetson/slash_ws/install/livox_ros_driver2/include/livox_ros_driver2/msg/detail/dds_fastrtps
[2.548s] -- Up-to-date: /home/jetson/slash_ws/install/livox_ros_driver2/include/livox_ros_driver2/msg/detail/custom_point__rosidl_typesupport_fastrtps_cpp.hpp
[2.548s] -- Up-to-date: /home/jetson/slash_ws/install/livox_ros_driver2/lib/liblivox_ros_driver2__rosidl_typesupport_fastrtps_cpp.so
[2.549s] -- Up-to-date: /home/jetson/slash_ws/install/livox_ros_driver2/include/livox_ros_driver2
[2.549s] -- Up-to-date: /home/jetson/slash_ws/install/livox_ros_driver2/include/livox_ros_driver2/msg
[2.549s] -- Up-to-date: /home/jetson/slash_ws/install/livox_ros_driver2/include/livox_ros_driver2/msg/rosidl_typesupport_introspection_c__visibility_control.h
[2.549s] -- Up-to-date: /home/jetson/slash_ws/install/livox_ros_driver2/include/livox_ros_driver2/msg/detail
[2.549s] -- Up-to-date: /home/jetson/slash_ws/install/livox_ros_driver2/include/livox_ros_driver2/msg/detail/custom_msg__rosidl_typesupport_introspection_c.h
[2.549s] -- Up-to-date: /home/jetson/slash_ws/install/livox_ros_driver2/include/livox_ros_driver2/msg/detail/custom_msg__type_support.c
[2.550s] -- Up-to-date: /home/jetson/slash_ws/install/livox_ros_driver2/include/livox_ros_driver2/msg/detail/custom_point__rosidl_typesupport_introspection_c.h
[2.550s] -- Up-to-date: /home/jetson/slash_ws/install/livox_ros_driver2/include/livox_ros_driver2/msg/detail/custom_point__type_support.c
[2.550s] -- Up-to-date: /home/jetson/slash_ws/install/livox_ros_driver2/lib/liblivox_ros_driver2__rosidl_typesupport_introspection_c.so
[2.557s] -- Up-to-date: /home/jetson/slash_ws/install/livox_ros_driver2/lib/liblivox_ros_driver2__rosidl_typesupport_c.so
[2.557s] -- Up-to-date: /home/jetson/slash_ws/install/livox_ros_driver2/include/livox_ros_driver2
[2.558s] -- Up-to-date: /home/jetson/slash_ws/install/livox_ros_driver2/include/livox_ros_driver2/msg
[2.558s] -- Up-to-date: /home/jetson/slash_ws/install/livox_ros_driver2/include/livox_ros_driver2/msg/custom_msg.hpp
[2.559s] -- Up-to-date: /home/jetson/slash_ws/install/livox_ros_driver2/include/livox_ros_driver2/msg/rosidl_generator_cpp__visibility_control.hpp
[2.559s] -- Up-to-date: /home/jetson/slash_ws/install/livox_ros_driver2/include/livox_ros_driver2/msg/detail
[2.559s] -- Up-to-date: /home/jetson/slash_ws/install/livox_ros_driver2/include/livox_ros_driver2/msg/detail/custom_msg__type_support.hpp
[2.560s] -- Up-to-date: /home/jetson/slash_ws/install/livox_ros_driver2/include/livox_ros_driver2/msg/detail/custom_point__type_support.hpp
[2.560s] -- Up-to-date: /home/jetson/slash_ws/install/livox_ros_driver2/include/livox_ros_driver2/msg/detail/custom_msg__traits.hpp
[2.560s] -- Up-to-date: /home/jetson/slash_ws/install/livox_ros_driver2/include/livox_ros_driver2/msg/detail/custom_point__struct.hpp
[2.561s] -- Up-to-date: /home/jetson/slash_ws/install/livox_ros_driver2/include/livox_ros_driver2/msg/detail/custom_point__traits.hpp
[2.568s] -- Up-to-date: /home/jetson/slash_ws/install/livox_ros_driver2/include/livox_ros_driver2/msg/detail/custom_point__builder.hpp
[2.569s] -- Up-to-date: /home/jetson/slash_ws/install/livox_ros_driver2/include/livox_ros_driver2/msg/detail/custom_msg__builder.hpp
[2.569s] -- Up-to-date: /home/jetson/slash_ws/install/livox_ros_driver2/include/livox_ros_driver2/msg/detail/custom_msg__struct.hpp
[2.569s] -- Up-to-date: /home/jetson/slash_ws/install/livox_ros_driver2/include/livox_ros_driver2/msg/custom_point.hpp
[2.569s] -- Up-to-date: /home/jetson/slash_ws/install/livox_ros_driver2/include/livox_ros_driver2
[2.570s] -- Up-to-date: /home/jetson/slash_ws/install/livox_ros_driver2/include/livox_ros_driver2/msg
[2.570s] -- Up-to-date: /home/jetson/slash_ws/install/livox_ros_driver2/include/livox_ros_driver2/msg/detail
[2.570s] -- Up-to-date: /home/jetson/slash_ws/install/livox_ros_driver2/include/livox_ros_driver2/msg/detail/custom_msg__rosidl_typesupport_introspection_cpp.hpp
[2.571s] -- Up-to-date: /home/jetson/slash_ws/install/livox_ros_driver2/include/livox_ros_driver2/msg/detail/custom_msg__type_support.cpp
[2.572s] -- Up-to-date: /home/jetson/slash_ws/install/livox_ros_driver2/include/livox_ros_driver2/msg/detail/custom_point__rosidl_typesupport_introspection_cpp.hpp
[2.572s] -- Up-to-date: /home/jetson/slash_ws/install/livox_ros_driver2/include/livox_ros_driver2/msg/detail/custom_point__type_support.cpp
[2.572s] -- Up-to-date: /home/jetson/slash_ws/install/livox_ros_driver2/lib/liblivox_ros_driver2__rosidl_typesupport_introspection_cpp.so
[2.572s] -- Up-to-date: /home/jetson/slash_ws/install/livox_ros_driver2/lib/liblivox_ros_driver2__rosidl_typesupport_cpp.so
[2.572s] -- Up-to-date: /home/jetson/slash_ws/install/livox_ros_driver2/share/livox_ros_driver2/environment/pythonpath.sh
[2.573s] -- Up-to-date: /home/jetson/slash_ws/install/livox_ros_driver2/share/livox_ros_driver2/environment/pythonpath.dsv
[2.573s] -- Up-to-date: /home/jetson/slash_ws/install/livox_ros_driver2/lib/python3.8/site-packages/livox_ros_driver2/__init__.py
[2.607s] -- Up-to-date: /home/jetson/slash_ws/install/livox_ros_driver2/lib/python3.8/site-packages/livox_ros_driver2/msg
[2.607s] -- Up-to-date: /home/jetson/slash_ws/install/livox_ros_driver2/lib/python3.8/site-packages/livox_ros_driver2/msg/_custom_point.py
[2.607s] -- Up-to-date: /home/jetson/slash_ws/install/livox_ros_driver2/lib/python3.8/site-packages/livox_ros_driver2/msg/_custom_msg_s.c
[2.607s] -- Up-to-date: /home/jetson/slash_ws/install/livox_ros_driver2/lib/python3.8/site-packages/livox_ros_driver2/msg/_custom_msg.py
[2.607s] -- Up-to-date: /home/jetson/slash_ws/install/livox_ros_driver2/lib/python3.8/site-packages/livox_ros_driver2/msg/__init__.py
[2.607s] -- Up-to-date: /home/jetson/slash_ws/install/livox_ros_driver2/lib/python3.8/site-packages/livox_ros_driver2/msg/_custom_point_s.c
[2.608s] -- Up-to-date: /home/jetson/slash_ws/install/livox_ros_driver2/lib/python3.8/site-packages/livox_ros_driver2/livox_ros_driver2_s__rosidl_typesupport_fastrtps_c.cpython-38-aarch64-linux-gnu.so
[2.608s] -- Up-to-date: /home/jetson/slash_ws/install/livox_ros_driver2/lib/python3.8/site-packages/livox_ros_driver2/livox_ros_driver2_s__rosidl_typesupport_introspection_c.cpython-38-aarch64-linux-gnu.so
[2.608s] -- Up-to-date: /home/jetson/slash_ws/install/livox_ros_driver2/lib/python3.8/site-packages/livox_ros_driver2/livox_ros_driver2_s__rosidl_typesupport_c.cpython-38-aarch64-linux-gnu.so
[2.608s] -- Up-to-date: /home/jetson/slash_ws/install/livox_ros_driver2/lib/liblivox_interfaces2__python.so
[2.608s] -- Up-to-date: /home/jetson/slash_ws/install/livox_ros_driver2/share/livox_ros_driver2/msg/CustomPoint.idl
[2.608s] -- Up-to-date: /home/jetson/slash_ws/install/livox_ros_driver2/share/livox_ros_driver2/msg/CustomMsg.idl
[2.608s] -- Up-to-date: /home/jetson/slash_ws/install/livox_ros_driver2/share/livox_ros_driver2/msg/CustomPoint.msg
[2.608s] -- Up-to-date: /home/jetson/slash_ws/install/livox_ros_driver2/share/livox_ros_driver2/msg/CustomMsg.msg
[2.609s] -- Up-to-date: /home/jetson/slash_ws/install/livox_ros_driver2/lib/livox_ros_driver2/livox_ros_driver2_node
[2.609s] -- Up-to-date: /home/jetson/slash_ws/install/livox_ros_driver2/lib/liblivox_ros_driver2.so
[2.609s] -- Up-to-date: /home/jetson/slash_ws/install/livox_ros_driver2/share/livox_ros_driver2/config
[2.609s] -- Up-to-date: /home/jetson/slash_ws/install/livox_ros_driver2/share/livox_ros_driver2/config/HAP_config.json
[2.609s] -- Up-to-date: /home/jetson/slash_ws/install/livox_ros_driver2/share/livox_ros_driver2/config/MID360_config.json
[2.609s] -- Up-to-date: /home/jetson/slash_ws/install/livox_ros_driver2/share/livox_ros_driver2/config/display_point_cloud.rviz
[2.609s] -- Up-to-date: /home/jetson/slash_ws/install/livox_ros_driver2/share/livox_ros_driver2/config/mixed_HAP_MID360_config.json
[2.609s] -- Up-to-date: /home/jetson/slash_ws/install/livox_ros_driver2/share/livox_ros_driver2/launch
[2.611s] -- Up-to-date: /home/jetson/slash_ws/install/livox_ros_driver2/share/livox_ros_driver2/launch/msg_MID360_launch.py
[2.611s] -- Up-to-date: /home/jetson/slash_ws/install/livox_ros_driver2/share/livox_ros_driver2/launch/msg_HAP_launch.py
[2.611s] -- Up-to-date: /home/jetson/slash_ws/install/livox_ros_driver2/share/livox_ros_driver2/launch/rviz_mixed.py
[2.611s] -- Up-to-date: /home/jetson/slash_ws/install/livox_ros_driver2/share/livox_ros_driver2/launch/rviz_MID360_launch.py
[2.611s] -- Up-to-date: /home/jetson/slash_ws/install/livox_ros_driver2/share/livox_ros_driver2/launch/rviz_HAP_launch.py
[2.611s] -- Up-to-date: /home/jetson/slash_ws/install/livox_ros_driver2/share/ament_index/resource_index/package_run_dependencies/livox_ros_driver2
[2.611s] -- Up-to-date: /home/jetson/slash_ws/install/livox_ros_driver2/share/ament_index/resource_index/parent_prefix_path/livox_ros_driver2
[2.612s] -- Up-to-date: /home/jetson/slash_ws/install/livox_ros_driver2/share/livox_ros_driver2/environment/ament_prefix_path.sh
[2.612s] -- Up-to-date: /home/jetson/slash_ws/install/livox_ros_driver2/share/livox_ros_driver2/environment/ament_prefix_path.dsv
[2.612s] -- Up-to-date: /home/jetson/slash_ws/install/livox_ros_driver2/share/livox_ros_driver2/environment/path.sh
[2.612s] -- Up-to-date: /home/jetson/slash_ws/install/livox_ros_driver2/share/livox_ros_driver2/environment/path.dsv
[2.612s] -- Up-to-date: /home/jetson/slash_ws/install/livox_ros_driver2/share/livox_ros_driver2/local_setup.bash
[2.612s] -- Up-to-date: /home/jetson/slash_ws/install/livox_ros_driver2/share/livox_ros_driver2/local_setup.sh
[2.612s] -- Up-to-date: /home/jetson/slash_ws/install/livox_ros_driver2/share/livox_ros_driver2/local_setup.zsh
[2.612s] -- Up-to-date: /home/jetson/slash_ws/install/livox_ros_driver2/share/livox_ros_driver2/local_setup.dsv
[2.612s] -- Installing: /home/jetson/slash_ws/install/livox_ros_driver2/share/livox_ros_driver2/package.dsv
[2.613s] -- Up-to-date: /home/jetson/slash_ws/install/livox_ros_driver2/share/ament_index/resource_index/packages/livox_ros_driver2
[2.613s] -- Up-to-date: /home/jetson/slash_ws/install/livox_ros_driver2/share/livox_ros_driver2/cmake/livox_interfaces2__rosidl_generator_cExport.cmake
[2.613s] -- Up-to-date: /home/jetson/slash_ws/install/livox_ros_driver2/share/livox_ros_driver2/cmake/livox_interfaces2__rosidl_generator_cExport-noconfig.cmake
[2.613s] -- Up-to-date: /home/jetson/slash_ws/install/livox_ros_driver2/share/livox_ros_driver2/cmake/livox_interfaces2__rosidl_typesupport_introspection_cExport.cmake
[2.613s] -- Up-to-date: /home/jetson/slash_ws/install/livox_ros_driver2/share/livox_ros_driver2/cmake/livox_interfaces2__rosidl_typesupport_introspection_cExport-noconfig.cmake
[2.613s] -- Up-to-date: /home/jetson/slash_ws/install/livox_ros_driver2/share/livox_ros_driver2/cmake/livox_interfaces2__rosidl_typesupport_cExport.cmake
[2.614s] -- Up-to-date: /home/jetson/slash_ws/install/livox_ros_driver2/share/livox_ros_driver2/cmake/livox_interfaces2__rosidl_typesupport_cExport-noconfig.cmake
[2.614s] -- Up-to-date: /home/jetson/slash_ws/install/livox_ros_driver2/share/livox_ros_driver2/cmake/livox_interfaces2__rosidl_generator_cppExport.cmake
[2.614s] -- Up-to-date: /home/jetson/slash_ws/install/livox_ros_driver2/share/livox_ros_driver2/cmake/livox_interfaces2__rosidl_typesupport_introspection_cppExport.cmake
[2.614s] -- Up-to-date: /home/jetson/slash_ws/install/livox_ros_driver2/share/livox_ros_driver2/cmake/livox_interfaces2__rosidl_typesupport_introspection_cppExport-noconfig.cmake
[2.614s] -- Up-to-date: /home/jetson/slash_ws/install/livox_ros_driver2/share/livox_ros_driver2/cmake/livox_interfaces2__rosidl_typesupport_cppExport.cmake
[2.614s] -- Up-to-date: /home/jetson/slash_ws/install/livox_ros_driver2/share/livox_ros_driver2/cmake/livox_interfaces2__rosidl_typesupport_cppExport-noconfig.cmake
[2.614s] -- Up-to-date: /home/jetson/slash_ws/install/livox_ros_driver2/share/ament_index/resource_index/rclcpp_components/livox_ros_driver2
[2.614s] -- Up-to-date: /home/jetson/slash_ws/install/livox_ros_driver2/share/livox_ros_driver2/cmake/rosidl_cmake-extras.cmake
[2.615s] -- Up-to-date: /home/jetson/slash_ws/install/livox_ros_driver2/share/livox_ros_driver2/cmake/ament_cmake_export_dependencies-extras.cmake
[2.615s] -- Up-to-date: /home/jetson/slash_ws/install/livox_ros_driver2/share/livox_ros_driver2/cmake/ament_cmake_export_libraries-extras.cmake
[2.615s] -- Up-to-date: /home/jetson/slash_ws/install/livox_ros_driver2/share/livox_ros_driver2/cmake/ament_cmake_export_targets-extras.cmake
[2.615s] -- Up-to-date: /home/jetson/slash_ws/install/livox_ros_driver2/share/livox_ros_driver2/cmake/ament_cmake_export_include_directories-extras.cmake
[2.615s] -- Up-to-date: /home/jetson/slash_ws/install/livox_ros_driver2/share/livox_ros_driver2/cmake/rosidl_cmake_export_typesupport_libraries-extras.cmake
[2.615s] -- Up-to-date: /home/jetson/slash_ws/install/livox_ros_driver2/share/livox_ros_driver2/cmake/rosidl_cmake_export_typesupport_targets-extras.cmake
[2.615s] -- Up-to-date: /home/jetson/slash_ws/install/livox_ros_driver2/share/livox_ros_driver2/cmake/livox_ros_driver2Config.cmake
[2.615s] -- Up-to-date: /home/jetson/slash_ws/install/livox_ros_driver2/share/livox_ros_driver2/cmake/livox_ros_driver2Config-version.cmake
[2.615s] -- Up-to-date: /home/jetson/slash_ws/install/livox_ros_driver2/share/livox_ros_driver2/package.xml
[3.055s] Invoked command in '/home/jetson/slash_ws/build/livox_ros_driver2' returned '0': CMAKE_PREFIX_PATH=${CMAKE_PREFIX_PATH}:/home/jetson/slash_ws/install/f1tenth_stack:/home/jetson/slash_ws/install/twist_to_ackermann:/home/jetson/slash_ws/install/joy_teleop:/home/jetson/slash_ws/install/roboracer_china_2025:/home/jetson/slash_ws/install/mouse_teleop:/home/jetson/slash_ws/install/key_teleop:/opt/ros/foxy /usr/bin/cmake --install /home/jetson/slash_ws/build/livox_ros_driver2
