[5.366s] Invoking command in '/home/jetson/slash_ws/src/slash_hardware/f1tenth_system/teleop_tools/key_teleop': PYTHONPATH=/home/jetson/slash_ws/build/key_teleop/prefix_override:/usr/lib/python3/dist-packages/colcon_core/task/python/colcon_distutils_commands:/home/jetson/slash_ws/install/key_teleop/lib/python3.8/site-packages:${PYTHONPATH} /usr/bin/python3 -W ignore:setup.py install is deprecated -W ignore:easy_install command is deprecated setup.py egg_info --egg-base ../../../../../build/key_teleop build --build-base /home/jetson/slash_ws/build/key_teleop/build install --record /home/jetson/slash_ws/build/key_teleop/install.log --single-version-externally-managed install_data
[8.485s] running egg_info
[8.487s] creating ../../../../../build/key_teleop/key_teleop.egg-info
[8.487s] writing ../../../../../build/key_teleop/key_teleop.egg-info/PKG-INFO
[8.487s] writing dependency_links to ../../../../../build/key_teleop/key_teleop.egg-info/dependency_links.txt
[8.487s] writing entry points to ../../../../../build/key_teleop/key_teleop.egg-info/entry_points.txt
[8.487s] writing requirements to ../../../../../build/key_teleop/key_teleop.egg-info/requires.txt
[8.488s] writing top-level names to ../../../../../build/key_teleop/key_teleop.egg-info/top_level.txt
[8.488s] writing manifest file '../../../../../build/key_teleop/key_teleop.egg-info/SOURCES.txt'
[8.488s] reading manifest file '../../../../../build/key_teleop/key_teleop.egg-info/SOURCES.txt'
[8.488s] adding license file 'LICENSE'
[8.488s] writing manifest file '../../../../../build/key_teleop/key_teleop.egg-info/SOURCES.txt'
[8.488s] running build
[8.488s] running build_py
[8.488s] creating /home/jetson/slash_ws/build/key_teleop/build
[8.489s] creating /home/jetson/slash_ws/build/key_teleop/build/lib
[8.489s] creating /home/jetson/slash_ws/build/key_teleop/build/lib/key_teleop
[8.489s] copying key_teleop/key_teleop.py -> /home/jetson/slash_ws/build/key_teleop/build/lib/key_teleop
[8.489s] copying key_teleop/__init__.py -> /home/jetson/slash_ws/build/key_teleop/build/lib/key_teleop
[8.489s] running install
[8.489s] running install_lib
[8.489s] creating /home/jetson/slash_ws/install/key_teleop/lib/python3.8/site-packages/key_teleop
[8.489s] copying /home/jetson/slash_ws/build/key_teleop/build/lib/key_teleop/key_teleop.py -> /home/jetson/slash_ws/install/key_teleop/lib/python3.8/site-packages/key_teleop
[8.489s] copying /home/jetson/slash_ws/build/key_teleop/build/lib/key_teleop/__init__.py -> /home/jetson/slash_ws/install/key_teleop/lib/python3.8/site-packages/key_teleop
[8.490s] byte-compiling /home/jetson/slash_ws/install/key_teleop/lib/python3.8/site-packages/key_teleop/key_teleop.py to key_teleop.cpython-38.pyc
[8.490s] byte-compiling /home/jetson/slash_ws/install/key_teleop/lib/python3.8/site-packages/key_teleop/__init__.py to __init__.cpython-38.pyc
[8.490s] running install_data
[8.490s] copying package.xml -> /home/jetson/slash_ws/install/key_teleop/share/key_teleop
[8.490s] creating /home/jetson/slash_ws/install/key_teleop/share/key_teleop/config
[8.490s] copying config/key_teleop.yaml -> /home/jetson/slash_ws/install/key_teleop/share/key_teleop/config
[8.490s] creating /home/jetson/slash_ws/install/key_teleop/share/ament_index
[8.490s] creating /home/jetson/slash_ws/install/key_teleop/share/ament_index/resource_index
[8.490s] creating /home/jetson/slash_ws/install/key_teleop/share/ament_index/resource_index/packages
[8.491s] copying resource/key_teleop -> /home/jetson/slash_ws/install/key_teleop/share/ament_index/resource_index/packages
[8.491s] running install_egg_info
[8.491s] Copying ../../../../../build/key_teleop/key_teleop.egg-info to /home/jetson/slash_ws/install/key_teleop/lib/python3.8/site-packages/key_teleop-0.3.0-py3.8.egg-info
[8.491s] running install_scripts
[8.491s] Installing key_teleop script to /home/jetson/slash_ws/install/key_teleop/lib/key_teleop
[8.491s] writing list of installed files to '/home/jetson/slash_ws/build/key_teleop/install.log'
[8.582s] Invoked command in '/home/jetson/slash_ws/src/slash_hardware/f1tenth_system/teleop_tools/key_teleop' returned '0': PYTHONPATH=/home/jetson/slash_ws/build/key_teleop/prefix_override:/usr/lib/python3/dist-packages/colcon_core/task/python/colcon_distutils_commands:/home/jetson/slash_ws/install/key_teleop/lib/python3.8/site-packages:${PYTHONPATH} /usr/bin/python3 -W ignore:setup.py install is deprecated -W ignore:easy_install command is deprecated setup.py egg_info --egg-base ../../../../../build/key_teleop build --build-base /home/jetson/slash_ws/build/key_teleop/build install --record /home/jetson/slash_ws/build/key_teleop/install.log --single-version-externally-managed install_data
