[0.174s] Invoking command in '/home/jetson/slash_ws/build/simple_mpc': CMAKE_PREFIX_PATH=${CMAKE_PREFIX_PATH}:/home/jetson/slash_ws/install/f1tenth_stack:/home/jetson/slash_ws/install/twist_to_ackermann:/home/jetson/slash_ws/install/joy_teleop:/home/jetson/slash_ws/install/roboracer_china_2025:/home/jetson/slash_ws/install/mouse_teleop:/home/jetson/slash_ws/install/key_teleop:/opt/ros/foxy /usr/bin/cmake --build /home/jetson/slash_ws/build/simple_mpc -- -j8 -l8
[0.456s] Invoked command in '/home/jetson/slash_ws/build/simple_mpc' returned '0': CMAKE_PREFIX_PATH=${CMAKE_PREFIX_PATH}:/home/jetson/slash_ws/install/f1tenth_stack:/home/jetson/slash_ws/install/twist_to_ackermann:/home/jetson/slash_ws/install/joy_teleop:/home/jetson/slash_ws/install/roboracer_china_2025:/home/jetson/slash_ws/install/mouse_teleop:/home/jetson/slash_ws/install/key_teleop:/opt/ros/foxy /usr/bin/cmake --build /home/jetson/slash_ws/build/simple_mpc -- -j8 -l8
[0.459s] Invoking command in '/home/jetson/slash_ws/build/simple_mpc': CMAKE_PREFIX_PATH=${CMAKE_PREFIX_PATH}:/home/jetson/slash_ws/install/f1tenth_stack:/home/jetson/slash_ws/install/twist_to_ackermann:/home/jetson/slash_ws/install/joy_teleop:/home/jetson/slash_ws/install/roboracer_china_2025:/home/jetson/slash_ws/install/mouse_teleop:/home/jetson/slash_ws/install/key_teleop:/opt/ros/foxy /usr/bin/cmake --install /home/jetson/slash_ws/build/simple_mpc
[0.518s] -- Install configuration: ""
[0.520s] -- Up-to-date: /home/jetson/slash_ws/install/simple_mpc/lib/simple_mpc/mpc_node.py
[0.520s] -- Up-to-date: /home/jetson/slash_ws/install/simple_mpc/share/simple_mpc/waypoints
[0.521s] -- Up-to-date: /home/jetson/slash_ws/install/simple_mpc/share/simple_mpc/waypoints/test_waypoints.csv
[0.521s] -- Up-to-date: /home/jetson/slash_ws/install/simple_mpc/share/simple_mpc/rviz
[0.521s] -- Up-to-date: /home/jetson/slash_ws/install/simple_mpc/share/simple_mpc/rviz/mpc.rviz
[0.521s] -- Up-to-date: /home/jetson/slash_ws/install/simple_mpc/share/ament_index/resource_index/package_run_dependencies/simple_mpc
[0.527s] -- Up-to-date: /home/jetson/slash_ws/install/simple_mpc/share/ament_index/resource_index/parent_prefix_path/simple_mpc
[0.528s] -- Up-to-date: /home/jetson/slash_ws/install/simple_mpc/share/simple_mpc/environment/ament_prefix_path.sh
[0.528s] -- Up-to-date: /home/jetson/slash_ws/install/simple_mpc/share/simple_mpc/environment/ament_prefix_path.dsv
[0.528s] -- Up-to-date: /home/jetson/slash_ws/install/simple_mpc/share/simple_mpc/environment/path.sh
[0.531s] -- Up-to-date: /home/jetson/slash_ws/install/simple_mpc/share/simple_mpc/environment/path.dsv
[0.532s] -- Up-to-date: /home/jetson/slash_ws/install/simple_mpc/share/simple_mpc/local_setup.bash
[0.533s] -- Up-to-date: /home/jetson/slash_ws/install/simple_mpc/share/simple_mpc/local_setup.sh
[0.540s] -- Up-to-date: /home/jetson/slash_ws/install/simple_mpc/share/simple_mpc/local_setup.zsh
[0.541s] -- Up-to-date: /home/jetson/slash_ws/install/simple_mpc/share/simple_mpc/local_setup.dsv
[0.541s] -- Installing: /home/jetson/slash_ws/install/simple_mpc/share/simple_mpc/package.dsv
[0.544s] -- Up-to-date: /home/jetson/slash_ws/install/simple_mpc/share/ament_index/resource_index/packages/simple_mpc
[0.544s] -- Up-to-date: /home/jetson/slash_ws/install/simple_mpc/share/simple_mpc/cmake/simple_mpcConfig.cmake
[0.544s] -- Up-to-date: /home/jetson/slash_ws/install/simple_mpc/share/simple_mpc/cmake/simple_mpcConfig-version.cmake
[0.545s] -- Up-to-date: /home/jetson/slash_ws/install/simple_mpc/share/simple_mpc/package.xml
[0.573s] Invoked command in '/home/jetson/slash_ws/build/simple_mpc' returned '0': CMAKE_PREFIX_PATH=${CMAKE_PREFIX_PATH}:/home/jetson/slash_ws/install/f1tenth_stack:/home/jetson/slash_ws/install/twist_to_ackermann:/home/jetson/slash_ws/install/joy_teleop:/home/jetson/slash_ws/install/roboracer_china_2025:/home/jetson/slash_ws/install/mouse_teleop:/home/jetson/slash_ws/install/key_teleop:/opt/ros/foxy /usr/bin/cmake --install /home/jetson/slash_ws/build/simple_mpc
