[6.068s] Invoking command in '/home/jetson/slash_ws/src/slash_hardware/f1tenth_system/teleop_tools/mouse_teleop': PYTHONPATH=/home/jetson/slash_ws/build/mouse_teleop/prefix_override:/usr/lib/python3/dist-packages/colcon_core/task/python/colcon_distutils_commands:/home/jetson/slash_ws/install/mouse_teleop/lib/python3.8/site-packages:${PYTHONPATH} /usr/bin/python3 -W ignore:setup.py install is deprecated -W ignore:easy_install command is deprecated setup.py egg_info --egg-base ../../../../../build/mouse_teleop build --build-base /home/jetson/slash_ws/build/mouse_teleop/build install --record /home/jetson/slash_ws/build/mouse_teleop/install.log --single-version-externally-managed install_data
[7.665s] running egg_info
[7.691s] writing ../../../../../build/mouse_teleop/mouse_teleop.egg-info/PKG-INFO
[7.691s] writing dependency_links to ../../../../../build/mouse_teleop/mouse_teleop.egg-info/dependency_links.txt
[7.693s] writing entry points to ../../../../../build/mouse_teleop/mouse_teleop.egg-info/entry_points.txt
[7.693s] writing requirements to ../../../../../build/mouse_teleop/mouse_teleop.egg-info/requires.txt
[7.693s] writing top-level names to ../../../../../build/mouse_teleop/mouse_teleop.egg-info/top_level.txt
[7.746s] reading manifest file '../../../../../build/mouse_teleop/mouse_teleop.egg-info/SOURCES.txt'
[7.746s] adding license file 'LICENSE'
[7.747s] writing manifest file '../../../../../build/mouse_teleop/mouse_teleop.egg-info/SOURCES.txt'
[7.748s] running build
[7.748s] running build_py
[7.750s] running install
[7.761s] running install_lib
[7.787s] running install_data
[7.787s] running install_egg_info
[7.813s] removing '/home/jetson/slash_ws/install/mouse_teleop/lib/python3.8/site-packages/mouse_teleop-0.3.0-py3.8.egg-info' (and everything under it)
[7.817s] Copying ../../../../../build/mouse_teleop/mouse_teleop.egg-info to /home/jetson/slash_ws/install/mouse_teleop/lib/python3.8/site-packages/mouse_teleop-0.3.0-py3.8.egg-info
[7.817s] running install_scripts
[8.060s] Installing mouse_teleop script to /home/jetson/slash_ws/install/mouse_teleop/lib/mouse_teleop
[8.061s] writing list of installed files to '/home/jetson/slash_ws/build/mouse_teleop/install.log'
[8.615s] Invoked command in '/home/jetson/slash_ws/src/slash_hardware/f1tenth_system/teleop_tools/mouse_teleop' returned '0': PYTHONPATH=/home/jetson/slash_ws/build/mouse_teleop/prefix_override:/usr/lib/python3/dist-packages/colcon_core/task/python/colcon_distutils_commands:/home/jetson/slash_ws/install/mouse_teleop/lib/python3.8/site-packages:${PYTHONPATH} /usr/bin/python3 -W ignore:setup.py install is deprecated -W ignore:easy_install command is deprecated setup.py egg_info --egg-base ../../../../../build/mouse_teleop build --build-base /home/jetson/slash_ws/build/mouse_teleop/build install --record /home/jetson/slash_ws/build/mouse_teleop/install.log --single-version-externally-managed install_data
