[1.129s] Invoking command in '/home/jetson/slash_ws/build/pointcloud_to_laserscan': CMAKE_PREFIX_PATH=${CMAKE_PREFIX_PATH}:/home/jetson/slash_ws/install/f1tenth_stack:/home/jetson/slash_ws/install/twist_to_ackermann:/home/jetson/slash_ws/install/joy_teleop:/home/jetson/slash_ws/install/roboracer_china_2025:/home/jetson/slash_ws/install/mouse_teleop:/home/jetson/slash_ws/install/key_teleop:/opt/ros/foxy /usr/bin/cmake --build /home/jetson/slash_ws/build/pointcloud_to_laserscan -- -j8 -l8
[2.116s] [ 20%] Built target pointcloud_to_laserscan_node
[2.118s] [ 40%] Built target laserscan_to_pointcloud_node
[2.120s] [ 60%] Built target laserscan_to_pointcloud
[2.120s] [ 80%] Built target pointcloud_to_laserscan
[2.120s] [100%] Built target dummy_pointcloud_publisher
[2.148s] Invoked command in '/home/jetson/slash_ws/build/pointcloud_to_laserscan' returned '0': CMAKE_PREFIX_PATH=${CMAKE_PREFIX_PATH}:/home/jetson/slash_ws/install/f1tenth_stack:/home/jetson/slash_ws/install/twist_to_ackermann:/home/jetson/slash_ws/install/joy_teleop:/home/jetson/slash_ws/install/roboracer_china_2025:/home/jetson/slash_ws/install/mouse_teleop:/home/jetson/slash_ws/install/key_teleop:/opt/ros/foxy /usr/bin/cmake --build /home/jetson/slash_ws/build/pointcloud_to_laserscan -- -j8 -l8
[2.151s] Invoking command in '/home/jetson/slash_ws/build/pointcloud_to_laserscan': CMAKE_PREFIX_PATH=${CMAKE_PREFIX_PATH}:/home/jetson/slash_ws/install/f1tenth_stack:/home/jetson/slash_ws/install/twist_to_ackermann:/home/jetson/slash_ws/install/joy_teleop:/home/jetson/slash_ws/install/roboracer_china_2025:/home/jetson/slash_ws/install/mouse_teleop:/home/jetson/slash_ws/install/key_teleop:/opt/ros/foxy /usr/bin/cmake --install /home/jetson/slash_ws/build/pointcloud_to_laserscan
[2.257s] -- Install configuration: ""
[2.258s] -- Up-to-date: /home/jetson/slash_ws/install/pointcloud_to_laserscan/lib/pointcloud_to_laserscan/laserscan_to_pointcloud_node
[2.258s] -- Up-to-date: /home/jetson/slash_ws/install/pointcloud_to_laserscan/lib/pointcloud_to_laserscan/pointcloud_to_laserscan_node
[2.259s] -- Up-to-date: /home/jetson/slash_ws/install/pointcloud_to_laserscan/include
[2.259s] -- Up-to-date: /home/jetson/slash_ws/install/pointcloud_to_laserscan/include/pointcloud_to_laserscan
[2.259s] -- Up-to-date: /home/jetson/slash_ws/install/pointcloud_to_laserscan/include/pointcloud_to_laserscan/pointcloud_to_laserscan_node.hpp
[2.259s] -- Up-to-date: /home/jetson/slash_ws/install/pointcloud_to_laserscan/include/pointcloud_to_laserscan/visibility_control.h
[2.259s] -- Up-to-date: /home/jetson/slash_ws/install/pointcloud_to_laserscan/include/pointcloud_to_laserscan/laserscan_to_pointcloud_node.hpp
[2.260s] -- Up-to-date: /home/jetson/slash_ws/install/pointcloud_to_laserscan/share/pointcloud_to_laserscan/environment/library_path.sh
[2.260s] -- Up-to-date: /home/jetson/slash_ws/install/pointcloud_to_laserscan/share/pointcloud_to_laserscan/environment/library_path.dsv
[2.260s] -- Up-to-date: /home/jetson/slash_ws/install/pointcloud_to_laserscan/lib/liblaserscan_to_pointcloud.so
[2.260s] -- Up-to-date: /home/jetson/slash_ws/install/pointcloud_to_laserscan/lib/libpointcloud_to_laserscan.so
[2.260s] -- Up-to-date: /home/jetson/slash_ws/install/pointcloud_to_laserscan/lib/pointcloud_to_laserscan/dummy_pointcloud_publisher
[2.260s] -- Up-to-date: /home/jetson/slash_ws/install/pointcloud_to_laserscan/share/pointcloud_to_laserscan/launch
[2.260s] -- Up-to-date: /home/jetson/slash_ws/install/pointcloud_to_laserscan/share/pointcloud_to_laserscan/launch/sample_laserscan_to_pointcloud_launch.py
[2.260s] -- Up-to-date: /home/jetson/slash_ws/install/pointcloud_to_laserscan/share/pointcloud_to_laserscan/launch/sample_pointcloud_to_laserscan_launch.py
[2.260s] -- Up-to-date: /home/jetson/slash_ws/install/pointcloud_to_laserscan/share/pointcloud_to_laserscan/launch/pointcloud_to_laserscan_launch.py
[2.261s] -- Up-to-date: /home/jetson/slash_ws/install/pointcloud_to_laserscan/share/ament_index/resource_index/package_run_dependencies/pointcloud_to_laserscan
[2.261s] -- Up-to-date: /home/jetson/slash_ws/install/pointcloud_to_laserscan/share/ament_index/resource_index/parent_prefix_path/pointcloud_to_laserscan
[2.261s] -- Up-to-date: /home/jetson/slash_ws/install/pointcloud_to_laserscan/share/pointcloud_to_laserscan/environment/ament_prefix_path.sh
[2.261s] -- Up-to-date: /home/jetson/slash_ws/install/pointcloud_to_laserscan/share/pointcloud_to_laserscan/environment/ament_prefix_path.dsv
[2.261s] -- Up-to-date: /home/jetson/slash_ws/install/pointcloud_to_laserscan/share/pointcloud_to_laserscan/environment/path.sh
[2.261s] -- Up-to-date: /home/jetson/slash_ws/install/pointcloud_to_laserscan/share/pointcloud_to_laserscan/environment/path.dsv
[2.261s] -- Up-to-date: /home/jetson/slash_ws/install/pointcloud_to_laserscan/share/pointcloud_to_laserscan/local_setup.bash
[2.261s] -- Up-to-date: /home/jetson/slash_ws/install/pointcloud_to_laserscan/share/pointcloud_to_laserscan/local_setup.sh
[2.261s] -- Up-to-date: /home/jetson/slash_ws/install/pointcloud_to_laserscan/share/pointcloud_to_laserscan/local_setup.zsh
[2.262s] -- Up-to-date: /home/jetson/slash_ws/install/pointcloud_to_laserscan/share/pointcloud_to_laserscan/local_setup.dsv
[2.262s] -- Installing: /home/jetson/slash_ws/install/pointcloud_to_laserscan/share/pointcloud_to_laserscan/package.dsv
[2.262s] -- Up-to-date: /home/jetson/slash_ws/install/pointcloud_to_laserscan/share/ament_index/resource_index/packages/pointcloud_to_laserscan
[2.262s] -- Up-to-date: /home/jetson/slash_ws/install/pointcloud_to_laserscan/share/ament_index/resource_index/rclcpp_components/pointcloud_to_laserscan
[2.262s] -- Up-to-date: /home/jetson/slash_ws/install/pointcloud_to_laserscan/share/pointcloud_to_laserscan/cmake/ament_cmake_export_dependencies-extras.cmake
[2.262s] -- Up-to-date: /home/jetson/slash_ws/install/pointcloud_to_laserscan/share/pointcloud_to_laserscan/cmake/ament_cmake_export_include_directories-extras.cmake
[2.262s] -- Up-to-date: /home/jetson/slash_ws/install/pointcloud_to_laserscan/share/pointcloud_to_laserscan/cmake/ament_cmake_export_libraries-extras.cmake
[2.262s] -- Up-to-date: /home/jetson/slash_ws/install/pointcloud_to_laserscan/share/pointcloud_to_laserscan/cmake/pointcloud_to_laserscanConfig.cmake
[2.263s] -- Up-to-date: /home/jetson/slash_ws/install/pointcloud_to_laserscan/share/pointcloud_to_laserscan/cmake/pointcloud_to_laserscanConfig-version.cmake
[2.263s] -- Up-to-date: /home/jetson/slash_ws/install/pointcloud_to_laserscan/share/pointcloud_to_laserscan/package.xml
[2.373s] Invoked command in '/home/jetson/slash_ws/build/pointcloud_to_laserscan' returned '0': CMAKE_PREFIX_PATH=${CMAKE_PREFIX_PATH}:/home/jetson/slash_ws/install/f1tenth_stack:/home/jetson/slash_ws/install/twist_to_ackermann:/home/jetson/slash_ws/install/joy_teleop:/home/jetson/slash_ws/install/roboracer_china_2025:/home/jetson/slash_ws/install/mouse_teleop:/home/jetson/slash_ws/install/key_teleop:/opt/ros/foxy /usr/bin/cmake --install /home/jetson/slash_ws/build/pointcloud_to_laserscan
