[5.608s] Invoking command in '/home/jetson/slash_ws/src/slash_navigation/roboracer_china_2025': PYTHONPATH=/home/jetson/slash_ws/build/roboracer_china_2025/prefix_override:/usr/lib/python3/dist-packages/colcon_core/task/python/colcon_distutils_commands:/home/jetson/slash_ws/install/roboracer_china_2025/lib/python3.8/site-packages:${PYTHONPATH} /usr/bin/python3 -W ignore:setup.py install is deprecated -W ignore:easy_install command is deprecated setup.py egg_info --egg-base ../../../build/roboracer_china_2025 build --build-base /home/jetson/slash_ws/build/roboracer_china_2025/build install --record /home/jetson/slash_ws/build/roboracer_china_2025/install.log --install-scripts $base/lib/roboracer_china_2025 --single-version-externally-managed install_data
[6.675s] /home/jetson/.local/lib/python3.8/site-packages/setuptools/dist.py:771: UserWarning: Usage of dash-separated 'script-dir' will not be supported in future versions. Please use the underscore name 'script_dir' instead
[6.676s]   warnings.warn(
[6.960s] running egg_info
[6.994s] writing ../../../build/roboracer_china_2025/roboracer_china_2025.egg-info/PKG-INFO
[7.000s] writing dependency_links to ../../../build/roboracer_china_2025/roboracer_china_2025.egg-info/dependency_links.txt
[7.000s] writing entry points to ../../../build/roboracer_china_2025/roboracer_china_2025.egg-info/entry_points.txt
[7.007s] writing requirements to ../../../build/roboracer_china_2025/roboracer_china_2025.egg-info/requires.txt
[7.011s] writing top-level names to ../../../build/roboracer_china_2025/roboracer_china_2025.egg-info/top_level.txt
[7.077s] reading manifest file '../../../build/roboracer_china_2025/roboracer_china_2025.egg-info/SOURCES.txt'
[7.078s] writing manifest file '../../../build/roboracer_china_2025/roboracer_china_2025.egg-info/SOURCES.txt'
[7.090s] running build
[7.102s] running build_py
[7.103s] copying roboracer_china_2025/battle_fast2_node.py -> /home/jetson/slash_ws/build/roboracer_china_2025/build/lib/roboracer_china_2025
[7.104s] running install
[7.196s] running install_lib
[7.205s] copying /home/jetson/slash_ws/build/roboracer_china_2025/build/lib/roboracer_china_2025/battle_fast2_node.py -> /home/jetson/slash_ws/install/roboracer_china_2025/lib/python3.8/site-packages/roboracer_china_2025
[7.245s] byte-compiling /home/jetson/slash_ws/install/roboracer_china_2025/lib/python3.8/site-packages/roboracer_china_2025/battle_fast2_node.py to battle_fast2_node.cpython-38.pyc
[7.246s] running install_data
[7.246s] running install_egg_info
[7.249s] removing '/home/jetson/slash_ws/install/roboracer_china_2025/lib/python3.8/site-packages/roboracer_china_2025-0.0.1-py3.8.egg-info' (and everything under it)
[7.249s] Copying ../../../build/roboracer_china_2025/roboracer_china_2025.egg-info to /home/jetson/slash_ws/install/roboracer_china_2025/lib/python3.8/site-packages/roboracer_china_2025-0.0.1-py3.8.egg-info
[7.249s] running install_scripts
[7.521s] Installing battle_fast2_node script to /home/jetson/slash_ws/install/roboracer_china_2025/lib/roboracer_china_2025
[7.547s] writing list of installed files to '/home/jetson/slash_ws/build/roboracer_china_2025/install.log'
[8.607s] Invoked command in '/home/jetson/slash_ws/src/slash_navigation/roboracer_china_2025' returned '0': PYTHONPATH=/home/jetson/slash_ws/build/roboracer_china_2025/prefix_override:/usr/lib/python3/dist-packages/colcon_core/task/python/colcon_distutils_commands:/home/jetson/slash_ws/install/roboracer_china_2025/lib/python3.8/site-packages:${PYTHONPATH} /usr/bin/python3 -W ignore:setup.py install is deprecated -W ignore:easy_install command is deprecated setup.py egg_info --egg-base ../../../build/roboracer_china_2025 build --build-base /home/jetson/slash_ws/build/roboracer_china_2025/build install --record /home/jetson/slash_ws/build/roboracer_china_2025/install.log --install-scripts $base/lib/roboracer_china_2025 --single-version-externally-managed install_data
