[3.640s] Invoking command in '/home/jetson/slash_ws/src/slash_hardware/f1tenth_system/teleop_tools/mouse_teleop': PYTHONPATH=/home/jetson/slash_ws/build/mouse_teleop/prefix_override:/usr/lib/python3/dist-packages/colcon_core/task/python/colcon_distutils_commands:/home/jetson/slash_ws/install/mouse_teleop/lib/python3.8/site-packages:${PYTHONPATH} /usr/bin/python3 -W ignore:setup.py install is deprecated -W ignore:easy_install command is deprecated setup.py egg_info --egg-base ../../../../../build/mouse_teleop build --build-base /home/jetson/slash_ws/build/mouse_teleop/build install --record /home/jetson/slash_ws/build/mouse_teleop/install.log --single-version-externally-managed install_data
[4.545s] running egg_info
[4.571s] writing ../../../../../build/mouse_teleop/mouse_teleop.egg-info/PKG-INFO
[4.573s] writing dependency_links to ../../../../../build/mouse_teleop/mouse_teleop.egg-info/dependency_links.txt
[4.574s] writing entry points to ../../../../../build/mouse_teleop/mouse_teleop.egg-info/entry_points.txt
[4.574s] writing requirements to ../../../../../build/mouse_teleop/mouse_teleop.egg-info/requires.txt
[4.577s] writing top-level names to ../../../../../build/mouse_teleop/mouse_teleop.egg-info/top_level.txt
[4.624s] reading manifest file '../../../../../build/mouse_teleop/mouse_teleop.egg-info/SOURCES.txt'
[4.624s] adding license file 'LICENSE'
[4.627s] writing manifest file '../../../../../build/mouse_teleop/mouse_teleop.egg-info/SOURCES.txt'
[4.627s] running build
[4.628s] running build_py
[4.628s] running install
[4.637s] running install_lib
[4.663s] running install_data
[4.663s] running install_egg_info
[4.688s] removing '/home/jetson/slash_ws/install/mouse_teleop/lib/python3.8/site-packages/mouse_teleop-0.3.0-py3.8.egg-info' (and everything under it)
[4.690s] Copying ../../../../../build/mouse_teleop/mouse_teleop.egg-info to /home/jetson/slash_ws/install/mouse_teleop/lib/python3.8/site-packages/mouse_teleop-0.3.0-py3.8.egg-info
[4.692s] running install_scripts
[4.834s] Installing mouse_teleop script to /home/jetson/slash_ws/install/mouse_teleop/lib/mouse_teleop
[4.836s] writing list of installed files to '/home/jetson/slash_ws/build/mouse_teleop/install.log'
[5.283s] Invoked command in '/home/jetson/slash_ws/src/slash_hardware/f1tenth_system/teleop_tools/mouse_teleop' returned '0': PYTHONPATH=/home/jetson/slash_ws/build/mouse_teleop/prefix_override:/usr/lib/python3/dist-packages/colcon_core/task/python/colcon_distutils_commands:/home/jetson/slash_ws/install/mouse_teleop/lib/python3.8/site-packages:${PYTHONPATH} /usr/bin/python3 -W ignore:setup.py install is deprecated -W ignore:easy_install command is deprecated setup.py egg_info --egg-base ../../../../../build/mouse_teleop build --build-base /home/jetson/slash_ws/build/mouse_teleop/build install --record /home/jetson/slash_ws/build/mouse_teleop/install.log --single-version-externally-managed install_data
