[0.173s] Invoking command in '/home/jetson/slash_ws/build/costmap_converter_msgs': CMAKE_PREFIX_PATH=${CMAKE_PREFIX_PATH}:/home/jetson/slash_ws/install/f1tenth_stack:/home/jetson/slash_ws/install/twist_to_ackermann:/home/jetson/slash_ws/install/joy_teleop:/home/jetson/slash_ws/install/roboracer_china_2025:/home/jetson/slash_ws/install/mouse_teleop:/home/jetson/slash_ws/install/key_teleop:/opt/ros/foxy /usr/bin/cmake --build /home/jetson/slash_ws/build/costmap_converter_msgs -- -j8 -l8
[1.128s] [  2%] Built target costmap_converter_msgs__cpp
[1.131s] [ 12%] Built target costmap_converter_msgs__rosidl_generator_c
[1.133s] [ 23%] Built target costmap_converter_msgs__rosidl_typesupport_cpp
[1.133s] [ 33%] Built target costmap_converter_msgs__rosidl_typesupport_fastrtps_cpp
[1.138s] [ 43%] Built target costmap_converter_msgs__rosidl_typesupport_introspection_cpp
[1.139s] [ 53%] Built target costmap_converter_msgs__rosidl_typesupport_c
[1.139s] [ 64%] Built target costmap_converter_msgs__rosidl_typesupport_introspection_c
[1.139s] [ 74%] Built target costmap_converter_msgs__rosidl_typesupport_fastrtps_c
[1.139s] [ 74%] Built target costmap_converter_msgs
[1.140s] [ 76%] Built target costmap_converter_msgs__py
[1.140s] [ 84%] Built target costmap_converter_msgs__python
[1.140s] [ 89%] Built target costmap_converter_msgs__rosidl_typesupport_fastrtps_c__pyext
[1.140s] [100%] Built target costmap_converter_msgs__rosidl_typesupport_c__pyext
[1.140s] [100%] Built target costmap_converter_msgs__rosidl_typesupport_introspection_c__pyext
[1.985s] Invoked command in '/home/jetson/slash_ws/build/costmap_converter_msgs' returned '0': CMAKE_PREFIX_PATH=${CMAKE_PREFIX_PATH}:/home/jetson/slash_ws/install/f1tenth_stack:/home/jetson/slash_ws/install/twist_to_ackermann:/home/jetson/slash_ws/install/joy_teleop:/home/jetson/slash_ws/install/roboracer_china_2025:/home/jetson/slash_ws/install/mouse_teleop:/home/jetson/slash_ws/install/key_teleop:/opt/ros/foxy /usr/bin/cmake --build /home/jetson/slash_ws/build/costmap_converter_msgs -- -j8 -l8
[1.989s] Invoking command in '/home/jetson/slash_ws/build/costmap_converter_msgs': CMAKE_PREFIX_PATH=${CMAKE_PREFIX_PATH}:/home/jetson/slash_ws/install/f1tenth_stack:/home/jetson/slash_ws/install/twist_to_ackermann:/home/jetson/slash_ws/install/joy_teleop:/home/jetson/slash_ws/install/roboracer_china_2025:/home/jetson/slash_ws/install/mouse_teleop:/home/jetson/slash_ws/install/key_teleop:/opt/ros/foxy /usr/bin/cmake --install /home/jetson/slash_ws/build/costmap_converter_msgs
[2.057s] -- Install configuration: ""
[2.057s] -- Up-to-date: /home/jetson/slash_ws/install/costmap_converter_msgs/share/ament_index/resource_index/rosidl_interfaces/costmap_converter_msgs
[2.058s] -- Up-to-date: /home/jetson/slash_ws/install/costmap_converter_msgs/include/costmap_converter_msgs
[2.058s] -- Up-to-date: /home/jetson/slash_ws/install/costmap_converter_msgs/include/costmap_converter_msgs/msg
[2.058s] -- Up-to-date: /home/jetson/slash_ws/install/costmap_converter_msgs/include/costmap_converter_msgs/msg/obstacle_array_msg.h
[2.058s] -- Up-to-date: /home/jetson/slash_ws/install/costmap_converter_msgs/include/costmap_converter_msgs/msg/obstacle_msg.h
[2.058s] -- Up-to-date: /home/jetson/slash_ws/install/costmap_converter_msgs/include/costmap_converter_msgs/msg/detail
[2.058s] -- Up-to-date: /home/jetson/slash_ws/install/costmap_converter_msgs/include/costmap_converter_msgs/msg/detail/obstacle_array_msg__functions.h
[2.058s] -- Up-to-date: /home/jetson/slash_ws/install/costmap_converter_msgs/include/costmap_converter_msgs/msg/detail/obstacle_msg__type_support.h
[2.058s] -- Up-to-date: /home/jetson/slash_ws/install/costmap_converter_msgs/include/costmap_converter_msgs/msg/detail/obstacle_array_msg__struct.h
[2.058s] -- Up-to-date: /home/jetson/slash_ws/install/costmap_converter_msgs/include/costmap_converter_msgs/msg/detail/obstacle_msg__functions.h
[2.059s] -- Up-to-date: /home/jetson/slash_ws/install/costmap_converter_msgs/include/costmap_converter_msgs/msg/detail/obstacle_msg__functions.c
[2.059s] -- Up-to-date: /home/jetson/slash_ws/install/costmap_converter_msgs/include/costmap_converter_msgs/msg/detail/obstacle_msg__struct.h
[2.069s] -- Up-to-date: /home/jetson/slash_ws/install/costmap_converter_msgs/include/costmap_converter_msgs/msg/detail/obstacle_array_msg__type_support.h
[2.070s] -- Up-to-date: /home/jetson/slash_ws/install/costmap_converter_msgs/include/costmap_converter_msgs/msg/detail/obstacle_array_msg__functions.c
[2.071s] -- Up-to-date: /home/jetson/slash_ws/install/costmap_converter_msgs/include/costmap_converter_msgs/msg/rosidl_generator_c__visibility_control.h
[2.071s] -- Up-to-date: /home/jetson/slash_ws/install/costmap_converter_msgs/share/costmap_converter_msgs/environment/library_path.sh
[2.071s] -- Up-to-date: /home/jetson/slash_ws/install/costmap_converter_msgs/share/costmap_converter_msgs/environment/library_path.dsv
[2.071s] -- Up-to-date: /home/jetson/slash_ws/install/costmap_converter_msgs/lib/libcostmap_converter_msgs__rosidl_generator_c.so
[2.071s] -- Up-to-date: /home/jetson/slash_ws/install/costmap_converter_msgs/include/costmap_converter_msgs
[2.071s] -- Up-to-date: /home/jetson/slash_ws/install/costmap_converter_msgs/include/costmap_converter_msgs/msg
[2.071s] -- Up-to-date: /home/jetson/slash_ws/install/costmap_converter_msgs/include/costmap_converter_msgs/msg/detail
[2.072s] -- Up-to-date: /home/jetson/slash_ws/install/costmap_converter_msgs/include/costmap_converter_msgs/msg/detail/obstacle_msg__rosidl_typesupport_fastrtps_c.h
[2.072s] -- Up-to-date: /home/jetson/slash_ws/install/costmap_converter_msgs/include/costmap_converter_msgs/msg/detail/obstacle_array_msg__rosidl_typesupport_fastrtps_c.h
[2.072s] -- Up-to-date: /home/jetson/slash_ws/install/costmap_converter_msgs/include/costmap_converter_msgs/msg/rosidl_typesupport_fastrtps_c__visibility_control.h
[2.072s] -- Up-to-date: /home/jetson/slash_ws/install/costmap_converter_msgs/lib/libcostmap_converter_msgs__rosidl_typesupport_fastrtps_c.so
[2.073s] -- Up-to-date: /home/jetson/slash_ws/install/costmap_converter_msgs/include/costmap_converter_msgs
[2.073s] -- Up-to-date: /home/jetson/slash_ws/install/costmap_converter_msgs/include/costmap_converter_msgs/msg
[2.073s] -- Up-to-date: /home/jetson/slash_ws/install/costmap_converter_msgs/include/costmap_converter_msgs/msg/rosidl_typesupport_fastrtps_cpp__visibility_control.h
[2.073s] -- Up-to-date: /home/jetson/slash_ws/install/costmap_converter_msgs/include/costmap_converter_msgs/msg/detail
[2.073s] -- Up-to-date: /home/jetson/slash_ws/install/costmap_converter_msgs/include/costmap_converter_msgs/msg/detail/obstacle_msg__rosidl_typesupport_fastrtps_cpp.hpp
[2.073s] -- Up-to-date: /home/jetson/slash_ws/install/costmap_converter_msgs/include/costmap_converter_msgs/msg/detail/obstacle_array_msg__rosidl_typesupport_fastrtps_cpp.hpp
[2.073s] -- Up-to-date: /home/jetson/slash_ws/install/costmap_converter_msgs/include/costmap_converter_msgs/msg/detail/dds_fastrtps
[2.073s] -- Up-to-date: /home/jetson/slash_ws/install/costmap_converter_msgs/lib/libcostmap_converter_msgs__rosidl_typesupport_fastrtps_cpp.so
[2.073s] -- Up-to-date: /home/jetson/slash_ws/install/costmap_converter_msgs/include/costmap_converter_msgs
[2.074s] -- Up-to-date: /home/jetson/slash_ws/install/costmap_converter_msgs/include/costmap_converter_msgs/msg
[2.074s] -- Up-to-date: /home/jetson/slash_ws/install/costmap_converter_msgs/include/costmap_converter_msgs/msg/rosidl_typesupport_introspection_c__visibility_control.h
[2.074s] -- Up-to-date: /home/jetson/slash_ws/install/costmap_converter_msgs/include/costmap_converter_msgs/msg/detail
[2.075s] -- Up-to-date: /home/jetson/slash_ws/install/costmap_converter_msgs/include/costmap_converter_msgs/msg/detail/obstacle_array_msg__type_support.c
[2.075s] -- Up-to-date: /home/jetson/slash_ws/install/costmap_converter_msgs/include/costmap_converter_msgs/msg/detail/obstacle_msg__type_support.c
[2.075s] -- Up-to-date: /home/jetson/slash_ws/install/costmap_converter_msgs/include/costmap_converter_msgs/msg/detail/obstacle_msg__rosidl_typesupport_introspection_c.h
[2.075s] -- Up-to-date: /home/jetson/slash_ws/install/costmap_converter_msgs/include/costmap_converter_msgs/msg/detail/obstacle_array_msg__rosidl_typesupport_introspection_c.h
[2.075s] -- Up-to-date: /home/jetson/slash_ws/install/costmap_converter_msgs/lib/libcostmap_converter_msgs__rosidl_typesupport_introspection_c.so
[2.075s] -- Up-to-date: /home/jetson/slash_ws/install/costmap_converter_msgs/lib/libcostmap_converter_msgs__rosidl_typesupport_c.so
[2.076s] -- Up-to-date: /home/jetson/slash_ws/install/costmap_converter_msgs/include/costmap_converter_msgs
[2.076s] -- Up-to-date: /home/jetson/slash_ws/install/costmap_converter_msgs/include/costmap_converter_msgs/msg
[2.076s] -- Up-to-date: /home/jetson/slash_ws/install/costmap_converter_msgs/include/costmap_converter_msgs/msg/rosidl_generator_cpp__visibility_control.hpp
[2.076s] -- Up-to-date: /home/jetson/slash_ws/install/costmap_converter_msgs/include/costmap_converter_msgs/msg/obstacle_array_msg.hpp
[2.076s] -- Up-to-date: /home/jetson/slash_ws/install/costmap_converter_msgs/include/costmap_converter_msgs/msg/obstacle_msg.hpp
[2.077s] -- Up-to-date: /home/jetson/slash_ws/install/costmap_converter_msgs/include/costmap_converter_msgs/msg/detail
[2.077s] -- Up-to-date: /home/jetson/slash_ws/install/costmap_converter_msgs/include/costmap_converter_msgs/msg/detail/obstacle_msg__type_support.hpp
[2.077s] -- Up-to-date: /home/jetson/slash_ws/install/costmap_converter_msgs/include/costmap_converter_msgs/msg/detail/obstacle_msg__builder.hpp
[2.077s] -- Up-to-date: /home/jetson/slash_ws/install/costmap_converter_msgs/include/costmap_converter_msgs/msg/detail/obstacle_array_msg__builder.hpp
[2.077s] -- Up-to-date: /home/jetson/slash_ws/install/costmap_converter_msgs/include/costmap_converter_msgs/msg/detail/obstacle_msg__traits.hpp
[2.077s] -- Up-to-date: /home/jetson/slash_ws/install/costmap_converter_msgs/include/costmap_converter_msgs/msg/detail/obstacle_array_msg__struct.hpp
[2.078s] -- Up-to-date: /home/jetson/slash_ws/install/costmap_converter_msgs/include/costmap_converter_msgs/msg/detail/obstacle_array_msg__type_support.hpp
[2.078s] -- Up-to-date: /home/jetson/slash_ws/install/costmap_converter_msgs/include/costmap_converter_msgs/msg/detail/obstacle_array_msg__traits.hpp
[2.078s] -- Up-to-date: /home/jetson/slash_ws/install/costmap_converter_msgs/include/costmap_converter_msgs/msg/detail/obstacle_msg__struct.hpp
[2.079s] -- Up-to-date: /home/jetson/slash_ws/install/costmap_converter_msgs/include/costmap_converter_msgs
[2.080s] -- Up-to-date: /home/jetson/slash_ws/install/costmap_converter_msgs/include/costmap_converter_msgs/msg
[2.080s] -- Up-to-date: /home/jetson/slash_ws/install/costmap_converter_msgs/include/costmap_converter_msgs/msg/detail
[2.080s] -- Up-to-date: /home/jetson/slash_ws/install/costmap_converter_msgs/include/costmap_converter_msgs/msg/detail/obstacle_msg__rosidl_typesupport_introspection_cpp.hpp
[2.080s] -- Up-to-date: /home/jetson/slash_ws/install/costmap_converter_msgs/include/costmap_converter_msgs/msg/detail/obstacle_array_msg__rosidl_typesupport_introspection_cpp.hpp
[2.080s] -- Up-to-date: /home/jetson/slash_ws/install/costmap_converter_msgs/include/costmap_converter_msgs/msg/detail/obstacle_msg__type_support.cpp
[2.081s] -- Up-to-date: /home/jetson/slash_ws/install/costmap_converter_msgs/include/costmap_converter_msgs/msg/detail/obstacle_array_msg__type_support.cpp
[2.081s] -- Up-to-date: /home/jetson/slash_ws/install/costmap_converter_msgs/lib/libcostmap_converter_msgs__rosidl_typesupport_introspection_cpp.so
[2.081s] -- Up-to-date: /home/jetson/slash_ws/install/costmap_converter_msgs/lib/libcostmap_converter_msgs__rosidl_typesupport_cpp.so
[2.081s] -- Up-to-date: /home/jetson/slash_ws/install/costmap_converter_msgs/share/costmap_converter_msgs/environment/pythonpath.sh
[2.081s] -- Up-to-date: /home/jetson/slash_ws/install/costmap_converter_msgs/share/costmap_converter_msgs/environment/pythonpath.dsv
[2.082s] -- Up-to-date: /home/jetson/slash_ws/install/costmap_converter_msgs/lib/python3.8/site-packages/costmap_converter_msgs/__init__.py
[2.187s] -- Up-to-date: /home/jetson/slash_ws/install/costmap_converter_msgs/lib/python3.8/site-packages/costmap_converter_msgs/msg
[2.188s] -- Up-to-date: /home/jetson/slash_ws/install/costmap_converter_msgs/lib/python3.8/site-packages/costmap_converter_msgs/msg/_obstacle_msg_s.c
[2.188s] -- Up-to-date: /home/jetson/slash_ws/install/costmap_converter_msgs/lib/python3.8/site-packages/costmap_converter_msgs/msg/_obstacle_array_msg_s.c
[2.188s] -- Up-to-date: /home/jetson/slash_ws/install/costmap_converter_msgs/lib/python3.8/site-packages/costmap_converter_msgs/msg/_obstacle_msg.py
[2.188s] -- Up-to-date: /home/jetson/slash_ws/install/costmap_converter_msgs/lib/python3.8/site-packages/costmap_converter_msgs/msg/__init__.py
[2.188s] -- Up-to-date: /home/jetson/slash_ws/install/costmap_converter_msgs/lib/python3.8/site-packages/costmap_converter_msgs/msg/_obstacle_array_msg.py
[2.188s] -- Up-to-date: /home/jetson/slash_ws/install/costmap_converter_msgs/lib/python3.8/site-packages/costmap_converter_msgs/costmap_converter_msgs_s__rosidl_typesupport_fastrtps_c.cpython-38-aarch64-linux-gnu.so
[2.188s] -- Up-to-date: /home/jetson/slash_ws/install/costmap_converter_msgs/lib/python3.8/site-packages/costmap_converter_msgs/costmap_converter_msgs_s__rosidl_typesupport_introspection_c.cpython-38-aarch64-linux-gnu.so
[2.189s] -- Up-to-date: /home/jetson/slash_ws/install/costmap_converter_msgs/lib/python3.8/site-packages/costmap_converter_msgs/costmap_converter_msgs_s__rosidl_typesupport_c.cpython-38-aarch64-linux-gnu.so
[2.189s] -- Up-to-date: /home/jetson/slash_ws/install/costmap_converter_msgs/lib/libcostmap_converter_msgs__python.so
[2.189s] -- Up-to-date: /home/jetson/slash_ws/install/costmap_converter_msgs/share/costmap_converter_msgs/msg/ObstacleMsg.idl
[2.189s] -- Up-to-date: /home/jetson/slash_ws/install/costmap_converter_msgs/share/costmap_converter_msgs/msg/ObstacleArrayMsg.idl
[2.189s] -- Up-to-date: /home/jetson/slash_ws/install/costmap_converter_msgs/share/costmap_converter_msgs/msg/ObstacleMsg.msg
[2.189s] -- Up-to-date: /home/jetson/slash_ws/install/costmap_converter_msgs/share/costmap_converter_msgs/msg/ObstacleArrayMsg.msg
[2.189s] -- Up-to-date: /home/jetson/slash_ws/install/costmap_converter_msgs/share/ament_index/resource_index/package_run_dependencies/costmap_converter_msgs
[2.189s] -- Up-to-date: /home/jetson/slash_ws/install/costmap_converter_msgs/share/ament_index/resource_index/parent_prefix_path/costmap_converter_msgs
[2.190s] -- Up-to-date: /home/jetson/slash_ws/install/costmap_converter_msgs/share/costmap_converter_msgs/environment/ament_prefix_path.sh
[2.190s] -- Up-to-date: /home/jetson/slash_ws/install/costmap_converter_msgs/share/costmap_converter_msgs/environment/ament_prefix_path.dsv
[2.190s] -- Up-to-date: /home/jetson/slash_ws/install/costmap_converter_msgs/share/costmap_converter_msgs/environment/path.sh
[2.190s] -- Up-to-date: /home/jetson/slash_ws/install/costmap_converter_msgs/share/costmap_converter_msgs/environment/path.dsv
[2.190s] -- Up-to-date: /home/jetson/slash_ws/install/costmap_converter_msgs/share/costmap_converter_msgs/local_setup.bash
[2.190s] -- Up-to-date: /home/jetson/slash_ws/install/costmap_converter_msgs/share/costmap_converter_msgs/local_setup.sh
[2.190s] -- Up-to-date: /home/jetson/slash_ws/install/costmap_converter_msgs/share/costmap_converter_msgs/local_setup.zsh
[2.190s] -- Up-to-date: /home/jetson/slash_ws/install/costmap_converter_msgs/share/costmap_converter_msgs/local_setup.dsv
[2.190s] -- Installing: /home/jetson/slash_ws/install/costmap_converter_msgs/share/costmap_converter_msgs/package.dsv
[2.190s] -- Up-to-date: /home/jetson/slash_ws/install/costmap_converter_msgs/share/ament_index/resource_index/packages/costmap_converter_msgs
[2.191s] -- Up-to-date: /home/jetson/slash_ws/install/costmap_converter_msgs/share/costmap_converter_msgs/cmake/costmap_converter_msgs__rosidl_generator_cExport.cmake
[2.191s] -- Up-to-date: /home/jetson/slash_ws/install/costmap_converter_msgs/share/costmap_converter_msgs/cmake/costmap_converter_msgs__rosidl_generator_cExport-noconfig.cmake
[2.192s] -- Up-to-date: /home/jetson/slash_ws/install/costmap_converter_msgs/share/costmap_converter_msgs/cmake/costmap_converter_msgs__rosidl_typesupport_introspection_cExport.cmake
[2.192s] -- Up-to-date: /home/jetson/slash_ws/install/costmap_converter_msgs/share/costmap_converter_msgs/cmake/costmap_converter_msgs__rosidl_typesupport_introspection_cExport-noconfig.cmake
[2.192s] -- Up-to-date: /home/jetson/slash_ws/install/costmap_converter_msgs/share/costmap_converter_msgs/cmake/costmap_converter_msgs__rosidl_typesupport_cExport.cmake
[2.193s] -- Up-to-date: /home/jetson/slash_ws/install/costmap_converter_msgs/share/costmap_converter_msgs/cmake/costmap_converter_msgs__rosidl_typesupport_cExport-noconfig.cmake
[2.193s] -- Up-to-date: /home/jetson/slash_ws/install/costmap_converter_msgs/share/costmap_converter_msgs/cmake/costmap_converter_msgs__rosidl_generator_cppExport.cmake
[2.193s] -- Up-to-date: /home/jetson/slash_ws/install/costmap_converter_msgs/share/costmap_converter_msgs/cmake/costmap_converter_msgs__rosidl_typesupport_introspection_cppExport.cmake
[2.193s] -- Up-to-date: /home/jetson/slash_ws/install/costmap_converter_msgs/share/costmap_converter_msgs/cmake/costmap_converter_msgs__rosidl_typesupport_introspection_cppExport-noconfig.cmake
[2.193s] -- Up-to-date: /home/jetson/slash_ws/install/costmap_converter_msgs/share/costmap_converter_msgs/cmake/costmap_converter_msgs__rosidl_typesupport_cppExport.cmake
[2.193s] -- Up-to-date: /home/jetson/slash_ws/install/costmap_converter_msgs/share/costmap_converter_msgs/cmake/costmap_converter_msgs__rosidl_typesupport_cppExport-noconfig.cmake
[2.193s] -- Up-to-date: /home/jetson/slash_ws/install/costmap_converter_msgs/share/costmap_converter_msgs/cmake/rosidl_cmake-extras.cmake
[2.193s] -- Up-to-date: /home/jetson/slash_ws/install/costmap_converter_msgs/share/costmap_converter_msgs/cmake/ament_cmake_export_dependencies-extras.cmake
[2.194s] -- Up-to-date: /home/jetson/slash_ws/install/costmap_converter_msgs/share/costmap_converter_msgs/cmake/ament_cmake_export_libraries-extras.cmake
[2.194s] -- Up-to-date: /home/jetson/slash_ws/install/costmap_converter_msgs/share/costmap_converter_msgs/cmake/ament_cmake_export_targets-extras.cmake
[2.194s] -- Up-to-date: /home/jetson/slash_ws/install/costmap_converter_msgs/share/costmap_converter_msgs/cmake/ament_cmake_export_include_directories-extras.cmake
[2.194s] -- Up-to-date: /home/jetson/slash_ws/install/costmap_converter_msgs/share/costmap_converter_msgs/cmake/rosidl_cmake_export_typesupport_libraries-extras.cmake
[2.194s] -- Up-to-date: /home/jetson/slash_ws/install/costmap_converter_msgs/share/costmap_converter_msgs/cmake/rosidl_cmake_export_typesupport_targets-extras.cmake
[2.194s] -- Up-to-date: /home/jetson/slash_ws/install/costmap_converter_msgs/share/costmap_converter_msgs/cmake/costmap_converter_msgsConfig.cmake
[2.194s] -- Up-to-date: /home/jetson/slash_ws/install/costmap_converter_msgs/share/costmap_converter_msgs/cmake/costmap_converter_msgsConfig-version.cmake
[2.194s] -- Up-to-date: /home/jetson/slash_ws/install/costmap_converter_msgs/share/costmap_converter_msgs/package.xml
[2.441s] Invoked command in '/home/jetson/slash_ws/build/costmap_converter_msgs' returned '0': CMAKE_PREFIX_PATH=${CMAKE_PREFIX_PATH}:/home/jetson/slash_ws/install/f1tenth_stack:/home/jetson/slash_ws/install/twist_to_ackermann:/home/jetson/slash_ws/install/joy_teleop:/home/jetson/slash_ws/install/roboracer_china_2025:/home/jetson/slash_ws/install/mouse_teleop:/home/jetson/slash_ws/install/key_teleop:/opt/ros/foxy /usr/bin/cmake --install /home/jetson/slash_ws/build/costmap_converter_msgs
