[4.668s] Invoking command in '/home/jetson/slash_ws/src/slash_hardware/f1tenth_system/teleop_tools/key_teleop': PYTHONPATH=/home/jetson/slash_ws/build/key_teleop/prefix_override:/usr/lib/python3/dist-packages/colcon_core/task/python/colcon_distutils_commands:/home/jetson/slash_ws/install/key_teleop/lib/python3.8/site-packages:${PYTHONPATH} /usr/bin/python3 -W ignore:setup.py install is deprecated -W ignore:easy_install command is deprecated setup.py egg_info --egg-base ../../../../../build/key_teleop build --build-base /home/jetson/slash_ws/build/key_teleop/build install --record /home/jetson/slash_ws/build/key_teleop/install.log --single-version-externally-managed install_data
[6.087s] running egg_info
[6.137s] writing ../../../../../build/key_teleop/key_teleop.egg-info/PKG-INFO
[6.138s] writing dependency_links to ../../../../../build/key_teleop/key_teleop.egg-info/dependency_links.txt
[6.138s] writing entry points to ../../../../../build/key_teleop/key_teleop.egg-info/entry_points.txt
[6.139s] writing requirements to ../../../../../build/key_teleop/key_teleop.egg-info/requires.txt
[6.139s] writing top-level names to ../../../../../build/key_teleop/key_teleop.egg-info/top_level.txt
[6.224s] reading manifest file '../../../../../build/key_teleop/key_teleop.egg-info/SOURCES.txt'
[6.225s] adding license file 'LICENSE'
[6.226s] writing manifest file '../../../../../build/key_teleop/key_teleop.egg-info/SOURCES.txt'
[6.226s] running build
[6.226s] running build_py
[6.227s] running install
[6.247s] running install_lib
[6.341s] running install_data
[6.345s] running install_egg_info
[6.387s] removing '/home/jetson/slash_ws/install/key_teleop/lib/python3.8/site-packages/key_teleop-0.3.0-py3.8.egg-info' (and everything under it)
[6.387s] Copying ../../../../../build/key_teleop/key_teleop.egg-info to /home/jetson/slash_ws/install/key_teleop/lib/python3.8/site-packages/key_teleop-0.3.0-py3.8.egg-info
[6.389s] running install_scripts
[6.570s] Installing key_teleop script to /home/jetson/slash_ws/install/key_teleop/lib/key_teleop
[6.571s] writing list of installed files to '/home/jetson/slash_ws/build/key_teleop/install.log'
[7.826s] Invoked command in '/home/jetson/slash_ws/src/slash_hardware/f1tenth_system/teleop_tools/key_teleop' returned '0': PYTHONPATH=/home/jetson/slash_ws/build/key_teleop/prefix_override:/usr/lib/python3/dist-packages/colcon_core/task/python/colcon_distutils_commands:/home/jetson/slash_ws/install/key_teleop/lib/python3.8/site-packages:${PYTHONPATH} /usr/bin/python3 -W ignore:setup.py install is deprecated -W ignore:easy_install command is deprecated setup.py egg_info --egg-base ../../../../../build/key_teleop build --build-base /home/jetson/slash_ws/build/key_teleop/build install --record /home/jetson/slash_ws/build/key_teleop/install.log --single-version-externally-managed install_data
