[0.295s] Invoking command in '/home/jetson/slash_ws/build/fast_lio': CMAKE_PREFIX_PATH=/home/jetson/slash_ws/install/livox_ros_driver2:/home/jetson/slash_ws/install/vesc:/home/jetson/slash_ws/install/vesc_driver:/home/jetson/slash_ws/install/vesc_ackermann:/home/jetson/slash_ws/install/vesc_msgs:/home/jetson/slash_ws/install/teleop_tools:/home/jetson/slash_ws/install/teleop_tools_msgs:/home/jetson/slash_ws/install/teb_local_planner:/home/jetson/slash_ws/install/teb_msgs:/home/jetson/slash_ws/install/slash_nav2:/home/jetson/slash_ws/install/simple_mpc:/home/jetson/slash_ws/install/pointcloud_to_laserscan:/home/jetson/slash_ws/install/fast_lio:/home/jetson/slash_ws/install/linefit_ground_segmentation_ros:/home/jetson/slash_ws/install/linefit_ground_segmentation:/home/jetson/slash_ws/install/costmap_converter:/home/jetson/slash_ws/install/costmap_converter_msgs:/home/jetson/slash_ws/install/ackermann_mux:/home/jetson/slash_ws/install/f1tenth_stack:/home/jetson/slash_ws/install/twist_to_ackermann:/home/jetson/slash_ws/install/joy_teleop:/home/jetson/slash_ws/install/roboracer_china_2025:/home/jetson/slash_ws/install/mouse_teleop:/home/jetson/slash_ws/install/key_teleop:/opt/ros/foxy LD_LIBRARY_PATH=/home/jetson/slash_ws/install/livox_ros_driver2/lib:/usr/local/cuda/lib64:/usr/local/cuda/lib64:/usr/local/cuda/lib64:/usr/local/cuda/lib64:/usr/local/cuda-11.4/lib64:/usr/local/cuda/lib64:/usr/local/cuda/lib64:/usr/local/cuda/lib64:/usr/local/cuda/lib64:/home/jetson/slash_ws/install/vesc_driver/lib:/home/jetson/slash_ws/install/vesc_ackermann/lib:/home/jetson/slash_ws/install/vesc_msgs/lib:/home/jetson/slash_ws/install/teleop_tools_msgs/lib:/home/jetson/slash_ws/install/teb_local_planner/lib:/home/jetson/slash_ws/install/teb_msgs/lib:/home/jetson/slash_ws/install/pointcloud_to_laserscan/lib:/home/jetson/slash_ws/install/fast_lio/lib:/home/jetson/slash_ws/install/linefit_ground_segmentation/lib:/home/jetson/slash_ws/install/costmap_converter/lib:/home/jetson/slash_ws/install/costmap_converter_msgs/lib:/usr/lib/aarch64-linux-gnu/gazebo-11/plugins:/opt/ros/foxy/opt/yaml_cpp_vendor/lib:/opt/ros/foxy/opt/rviz_ogre_vendor/lib:/opt/ros/foxy/lib/aarch64-linux-gnu:/opt/ros/foxy/lib:/usr/local/cuda-11.4/lib64 PYTHONPATH=/home/jetson/slash_ws/install/livox_ros_driver2/lib/python3.8/site-packages:/home/jetson/slash_ws/install/f1tenth_stack/lib/python3.8/site-packages:/home/jetson/slash_ws/install/vesc_msgs/lib/python3.8/site-packages:/home/jetson/slash_ws/install/twist_to_ackermann/lib/python3.8/site-packages:/home/jetson/slash_ws/install/joy_teleop/lib/python3.8/site-packages:/home/jetson/slash_ws/install/teleop_tools_msgs/lib/python3.8/site-packages:/home/jetson/slash_ws/install/teb_msgs/lib/python3.8/site-packages:/home/jetson/slash_ws/install/roboracer_china_2025/lib/python3.8/site-packages:/home/jetson/slash_ws/install/mouse_teleop/lib/python3.8/site-packages:/home/jetson/slash_ws/install/fast_lio/lib/python3.8/site-packages:/home/jetson/slash_ws/install/key_teleop/lib/python3.8/site-packages:/home/jetson/slash_ws/install/costmap_converter_msgs/lib/python3.8/site-packages:/opt/ros/foxy/lib/python3.8/site-packages /usr/bin/cmake --build /home/jetson/slash_ws/build/fast_lio -- -j8 -l8
[0.555s] [  2%] Built target fast_lio__cpp
[0.573s] [ 11%] Built target fast_lio__rosidl_generator_c
[0.672s] [ 20%] Built target fast_lio__rosidl_typesupport_cpp
[0.711s] [ 28%] Built target fast_lio__rosidl_typesupport_introspection_cpp
[0.732s] [ 37%] Built target fast_lio__rosidl_typesupport_fastrtps_cpp
[0.805s] [ 45%] Built target fast_lio__rosidl_typesupport_c
[0.874s] [ 54%] Built target fast_lio__rosidl_typesupport_introspection_c
[0.903s] [ 62%] Built target fast_lio__rosidl_typesupport_fastrtps_c
[0.996s] [ 62%] Built target fast_lio
[1.145s] [ 65%] Built target fast_lio__py
[1.220s] [ 77%] Built target fastlio_mapping
[1.221s] [ 82%] Built target fast_lio__python
[1.363s] [ 88%] Built target fast_lio__rosidl_typesupport_c__pyext
[1.387s] [ 94%] Built target fast_lio__rosidl_typesupport_introspection_c__pyext
[1.392s] [100%] Built target fast_lio__rosidl_typesupport_fastrtps_c__pyext
[1.423s] Invoked command in '/home/jetson/slash_ws/build/fast_lio' returned '0': CMAKE_PREFIX_PATH=/home/jetson/slash_ws/install/livox_ros_driver2:/home/jetson/slash_ws/install/vesc:/home/jetson/slash_ws/install/vesc_driver:/home/jetson/slash_ws/install/vesc_ackermann:/home/jetson/slash_ws/install/vesc_msgs:/home/jetson/slash_ws/install/teleop_tools:/home/jetson/slash_ws/install/teleop_tools_msgs:/home/jetson/slash_ws/install/teb_local_planner:/home/jetson/slash_ws/install/teb_msgs:/home/jetson/slash_ws/install/slash_nav2:/home/jetson/slash_ws/install/simple_mpc:/home/jetson/slash_ws/install/pointcloud_to_laserscan:/home/jetson/slash_ws/install/fast_lio:/home/jetson/slash_ws/install/linefit_ground_segmentation_ros:/home/jetson/slash_ws/install/linefit_ground_segmentation:/home/jetson/slash_ws/install/costmap_converter:/home/jetson/slash_ws/install/costmap_converter_msgs:/home/jetson/slash_ws/install/ackermann_mux:/home/jetson/slash_ws/install/f1tenth_stack:/home/jetson/slash_ws/install/twist_to_ackermann:/home/jetson/slash_ws/install/joy_teleop:/home/jetson/slash_ws/install/roboracer_china_2025:/home/jetson/slash_ws/install/mouse_teleop:/home/jetson/slash_ws/install/key_teleop:/opt/ros/foxy LD_LIBRARY_PATH=/home/jetson/slash_ws/install/livox_ros_driver2/lib:/usr/local/cuda/lib64:/usr/local/cuda/lib64:/usr/local/cuda/lib64:/usr/local/cuda/lib64:/usr/local/cuda-11.4/lib64:/usr/local/cuda/lib64:/usr/local/cuda/lib64:/usr/local/cuda/lib64:/usr/local/cuda/lib64:/home/jetson/slash_ws/install/vesc_driver/lib:/home/jetson/slash_ws/install/vesc_ackermann/lib:/home/jetson/slash_ws/install/vesc_msgs/lib:/home/jetson/slash_ws/install/teleop_tools_msgs/lib:/home/jetson/slash_ws/install/teb_local_planner/lib:/home/jetson/slash_ws/install/teb_msgs/lib:/home/jetson/slash_ws/install/pointcloud_to_laserscan/lib:/home/jetson/slash_ws/install/fast_lio/lib:/home/jetson/slash_ws/install/linefit_ground_segmentation/lib:/home/jetson/slash_ws/install/costmap_converter/lib:/home/jetson/slash_ws/install/costmap_converter_msgs/lib:/usr/lib/aarch64-linux-gnu/gazebo-11/plugins:/opt/ros/foxy/opt/yaml_cpp_vendor/lib:/opt/ros/foxy/opt/rviz_ogre_vendor/lib:/opt/ros/foxy/lib/aarch64-linux-gnu:/opt/ros/foxy/lib:/usr/local/cuda-11.4/lib64 PYTHONPATH=/home/jetson/slash_ws/install/livox_ros_driver2/lib/python3.8/site-packages:/home/jetson/slash_ws/install/f1tenth_stack/lib/python3.8/site-packages:/home/jetson/slash_ws/install/vesc_msgs/lib/python3.8/site-packages:/home/jetson/slash_ws/install/twist_to_ackermann/lib/python3.8/site-packages:/home/jetson/slash_ws/install/joy_teleop/lib/python3.8/site-packages:/home/jetson/slash_ws/install/teleop_tools_msgs/lib/python3.8/site-packages:/home/jetson/slash_ws/install/teb_msgs/lib/python3.8/site-packages:/home/jetson/slash_ws/install/roboracer_china_2025/lib/python3.8/site-packages:/home/jetson/slash_ws/install/mouse_teleop/lib/python3.8/site-packages:/home/jetson/slash_ws/install/fast_lio/lib/python3.8/site-packages:/home/jetson/slash_ws/install/key_teleop/lib/python3.8/site-packages:/home/jetson/slash_ws/install/costmap_converter_msgs/lib/python3.8/site-packages:/opt/ros/foxy/lib/python3.8/site-packages /usr/bin/cmake --build /home/jetson/slash_ws/build/fast_lio -- -j8 -l8
[1.432s] Invoking command in '/home/jetson/slash_ws/build/fast_lio': CMAKE_PREFIX_PATH=/home/jetson/slash_ws/install/livox_ros_driver2:/home/jetson/slash_ws/install/vesc:/home/jetson/slash_ws/install/vesc_driver:/home/jetson/slash_ws/install/vesc_ackermann:/home/jetson/slash_ws/install/vesc_msgs:/home/jetson/slash_ws/install/teleop_tools:/home/jetson/slash_ws/install/teleop_tools_msgs:/home/jetson/slash_ws/install/teb_local_planner:/home/jetson/slash_ws/install/teb_msgs:/home/jetson/slash_ws/install/slash_nav2:/home/jetson/slash_ws/install/simple_mpc:/home/jetson/slash_ws/install/pointcloud_to_laserscan:/home/jetson/slash_ws/install/fast_lio:/home/jetson/slash_ws/install/linefit_ground_segmentation_ros:/home/jetson/slash_ws/install/linefit_ground_segmentation:/home/jetson/slash_ws/install/costmap_converter:/home/jetson/slash_ws/install/costmap_converter_msgs:/home/jetson/slash_ws/install/ackermann_mux:/home/jetson/slash_ws/install/f1tenth_stack:/home/jetson/slash_ws/install/twist_to_ackermann:/home/jetson/slash_ws/install/joy_teleop:/home/jetson/slash_ws/install/roboracer_china_2025:/home/jetson/slash_ws/install/mouse_teleop:/home/jetson/slash_ws/install/key_teleop:/opt/ros/foxy LD_LIBRARY_PATH=/home/jetson/slash_ws/install/livox_ros_driver2/lib:/usr/local/cuda/lib64:/usr/local/cuda/lib64:/usr/local/cuda/lib64:/usr/local/cuda/lib64:/usr/local/cuda-11.4/lib64:/usr/local/cuda/lib64:/usr/local/cuda/lib64:/usr/local/cuda/lib64:/usr/local/cuda/lib64:/home/jetson/slash_ws/install/vesc_driver/lib:/home/jetson/slash_ws/install/vesc_ackermann/lib:/home/jetson/slash_ws/install/vesc_msgs/lib:/home/jetson/slash_ws/install/teleop_tools_msgs/lib:/home/jetson/slash_ws/install/teb_local_planner/lib:/home/jetson/slash_ws/install/teb_msgs/lib:/home/jetson/slash_ws/install/pointcloud_to_laserscan/lib:/home/jetson/slash_ws/install/fast_lio/lib:/home/jetson/slash_ws/install/linefit_ground_segmentation/lib:/home/jetson/slash_ws/install/costmap_converter/lib:/home/jetson/slash_ws/install/costmap_converter_msgs/lib:/usr/lib/aarch64-linux-gnu/gazebo-11/plugins:/opt/ros/foxy/opt/yaml_cpp_vendor/lib:/opt/ros/foxy/opt/rviz_ogre_vendor/lib:/opt/ros/foxy/lib/aarch64-linux-gnu:/opt/ros/foxy/lib:/usr/local/cuda-11.4/lib64 PYTHONPATH=/home/jetson/slash_ws/install/livox_ros_driver2/lib/python3.8/site-packages:/home/jetson/slash_ws/install/f1tenth_stack/lib/python3.8/site-packages:/home/jetson/slash_ws/install/vesc_msgs/lib/python3.8/site-packages:/home/jetson/slash_ws/install/twist_to_ackermann/lib/python3.8/site-packages:/home/jetson/slash_ws/install/joy_teleop/lib/python3.8/site-packages:/home/jetson/slash_ws/install/teleop_tools_msgs/lib/python3.8/site-packages:/home/jetson/slash_ws/install/teb_msgs/lib/python3.8/site-packages:/home/jetson/slash_ws/install/roboracer_china_2025/lib/python3.8/site-packages:/home/jetson/slash_ws/install/mouse_teleop/lib/python3.8/site-packages:/home/jetson/slash_ws/install/fast_lio/lib/python3.8/site-packages:/home/jetson/slash_ws/install/key_teleop/lib/python3.8/site-packages:/home/jetson/slash_ws/install/costmap_converter_msgs/lib/python3.8/site-packages:/opt/ros/foxy/lib/python3.8/site-packages /usr/bin/cmake --install /home/jetson/slash_ws/build/fast_lio
[1.464s] -- Install configuration: "Release"
[1.464s] -- Up-to-date: /home/jetson/slash_ws/install/fast_lio/share/ament_index/resource_index/rosidl_interfaces/fast_lio
[1.464s] -- Up-to-date: /home/jetson/slash_ws/install/fast_lio/include/fast_lio
[1.465s] -- Up-to-date: /home/jetson/slash_ws/install/fast_lio/include/fast_lio/msg
[1.465s] -- Up-to-date: /home/jetson/slash_ws/install/fast_lio/include/fast_lio/msg/pose6_d.h
[1.466s] -- Up-to-date: /home/jetson/slash_ws/install/fast_lio/include/fast_lio/msg/detail
[1.467s] -- Up-to-date: /home/jetson/slash_ws/install/fast_lio/include/fast_lio/msg/detail/pose6_d__struct.h
[1.467s] -- Up-to-date: /home/jetson/slash_ws/install/fast_lio/include/fast_lio/msg/detail/pose6_d__functions.h
[1.467s] -- Up-to-date: /home/jetson/slash_ws/install/fast_lio/include/fast_lio/msg/detail/pose6_d__functions.c
[1.467s] -- Up-to-date: /home/jetson/slash_ws/install/fast_lio/include/fast_lio/msg/detail/pose6_d__type_support.h
[1.467s] -- Up-to-date: /home/jetson/slash_ws/install/fast_lio/include/fast_lio/msg/rosidl_generator_c__visibility_control.h
[1.467s] -- Up-to-date: /home/jetson/slash_ws/install/fast_lio/share/fast_lio/environment/library_path.sh
[1.467s] -- Up-to-date: /home/jetson/slash_ws/install/fast_lio/share/fast_lio/environment/library_path.dsv
[1.467s] -- Up-to-date: /home/jetson/slash_ws/install/fast_lio/lib/libfast_lio__rosidl_generator_c.so
[1.468s] -- Up-to-date: /home/jetson/slash_ws/install/fast_lio/include/fast_lio
[1.468s] -- Up-to-date: /home/jetson/slash_ws/install/fast_lio/include/fast_lio/msg
[1.468s] -- Up-to-date: /home/jetson/slash_ws/install/fast_lio/include/fast_lio/msg/detail
[1.468s] -- Up-to-date: /home/jetson/slash_ws/install/fast_lio/include/fast_lio/msg/detail/pose6_d__rosidl_typesupport_fastrtps_c.h
[1.468s] -- Up-to-date: /home/jetson/slash_ws/install/fast_lio/include/fast_lio/msg/rosidl_typesupport_fastrtps_c__visibility_control.h
[1.468s] -- Up-to-date: /home/jetson/slash_ws/install/fast_lio/lib/libfast_lio__rosidl_typesupport_fastrtps_c.so
[1.468s] -- Up-to-date: /home/jetson/slash_ws/install/fast_lio/include/fast_lio
[1.468s] -- Up-to-date: /home/jetson/slash_ws/install/fast_lio/include/fast_lio/msg
[1.468s] -- Up-to-date: /home/jetson/slash_ws/install/fast_lio/include/fast_lio/msg/rosidl_typesupport_fastrtps_cpp__visibility_control.h
[1.469s] -- Up-to-date: /home/jetson/slash_ws/install/fast_lio/include/fast_lio/msg/detail
[1.469s] -- Up-to-date: /home/jetson/slash_ws/install/fast_lio/include/fast_lio/msg/detail/pose6_d__rosidl_typesupport_fastrtps_cpp.hpp
[1.469s] -- Up-to-date: /home/jetson/slash_ws/install/fast_lio/include/fast_lio/msg/detail/dds_fastrtps
[1.475s] -- Up-to-date: /home/jetson/slash_ws/install/fast_lio/lib/libfast_lio__rosidl_typesupport_fastrtps_cpp.so
[1.475s] -- Up-to-date: /home/jetson/slash_ws/install/fast_lio/include/fast_lio
[1.475s] -- Up-to-date: /home/jetson/slash_ws/install/fast_lio/include/fast_lio/msg
[1.475s] -- Up-to-date: /home/jetson/slash_ws/install/fast_lio/include/fast_lio/msg/rosidl_typesupport_introspection_c__visibility_control.h
[1.475s] -- Up-to-date: /home/jetson/slash_ws/install/fast_lio/include/fast_lio/msg/detail
[1.475s] -- Up-to-date: /home/jetson/slash_ws/install/fast_lio/include/fast_lio/msg/detail/pose6_d__rosidl_typesupport_introspection_c.h
[1.476s] -- Up-to-date: /home/jetson/slash_ws/install/fast_lio/include/fast_lio/msg/detail/pose6_d__type_support.c
[1.476s] -- Up-to-date: /home/jetson/slash_ws/install/fast_lio/lib/libfast_lio__rosidl_typesupport_introspection_c.so
[1.476s] -- Up-to-date: /home/jetson/slash_ws/install/fast_lio/lib/libfast_lio__rosidl_typesupport_c.so
[1.476s] -- Up-to-date: /home/jetson/slash_ws/install/fast_lio/include/fast_lio
[1.476s] -- Up-to-date: /home/jetson/slash_ws/install/fast_lio/include/fast_lio/msg
[1.476s] -- Up-to-date: /home/jetson/slash_ws/install/fast_lio/include/fast_lio/msg/pose6_d.hpp
[1.476s] -- Up-to-date: /home/jetson/slash_ws/install/fast_lio/include/fast_lio/msg/rosidl_generator_cpp__visibility_control.hpp
[1.476s] -- Up-to-date: /home/jetson/slash_ws/install/fast_lio/include/fast_lio/msg/detail
[1.477s] -- Up-to-date: /home/jetson/slash_ws/install/fast_lio/include/fast_lio/msg/detail/pose6_d__traits.hpp
[1.477s] -- Up-to-date: /home/jetson/slash_ws/install/fast_lio/include/fast_lio/msg/detail/pose6_d__builder.hpp
[1.477s] -- Up-to-date: /home/jetson/slash_ws/install/fast_lio/include/fast_lio/msg/detail/pose6_d__type_support.hpp
[1.477s] -- Up-to-date: /home/jetson/slash_ws/install/fast_lio/include/fast_lio/msg/detail/pose6_d__struct.hpp
[1.477s] -- Up-to-date: /home/jetson/slash_ws/install/fast_lio/include/fast_lio
[1.477s] -- Up-to-date: /home/jetson/slash_ws/install/fast_lio/include/fast_lio/msg
[1.477s] -- Up-to-date: /home/jetson/slash_ws/install/fast_lio/include/fast_lio/msg/detail
[1.477s] -- Up-to-date: /home/jetson/slash_ws/install/fast_lio/include/fast_lio/msg/detail/pose6_d__type_support.cpp
[1.477s] -- Up-to-date: /home/jetson/slash_ws/install/fast_lio/include/fast_lio/msg/detail/pose6_d__rosidl_typesupport_introspection_cpp.hpp
[1.478s] -- Up-to-date: /home/jetson/slash_ws/install/fast_lio/lib/libfast_lio__rosidl_typesupport_introspection_cpp.so
[1.478s] -- Up-to-date: /home/jetson/slash_ws/install/fast_lio/lib/libfast_lio__rosidl_typesupport_cpp.so
[1.478s] -- Up-to-date: /home/jetson/slash_ws/install/fast_lio/share/fast_lio/environment/pythonpath.sh
[1.478s] -- Up-to-date: /home/jetson/slash_ws/install/fast_lio/share/fast_lio/environment/pythonpath.dsv
[1.478s] -- Up-to-date: /home/jetson/slash_ws/install/fast_lio/lib/python3.8/site-packages/fast_lio/__init__.py
[1.562s] -- Up-to-date: /home/jetson/slash_ws/install/fast_lio/lib/python3.8/site-packages/fast_lio/msg
[1.563s] -- Up-to-date: /home/jetson/slash_ws/install/fast_lio/lib/python3.8/site-packages/fast_lio/msg/_pose6_d.py
[1.564s] -- Up-to-date: /home/jetson/slash_ws/install/fast_lio/lib/python3.8/site-packages/fast_lio/msg/_pose6_d_s.c
[1.564s] -- Up-to-date: /home/jetson/slash_ws/install/fast_lio/lib/python3.8/site-packages/fast_lio/msg/__init__.py
[1.567s] -- Up-to-date: /home/jetson/slash_ws/install/fast_lio/lib/python3.8/site-packages/fast_lio/fast_lio_s__rosidl_typesupport_fastrtps_c.cpython-38-aarch64-linux-gnu.so
[1.568s] -- Up-to-date: /home/jetson/slash_ws/install/fast_lio/lib/python3.8/site-packages/fast_lio/fast_lio_s__rosidl_typesupport_introspection_c.cpython-38-aarch64-linux-gnu.so
[1.569s] -- Up-to-date: /home/jetson/slash_ws/install/fast_lio/lib/python3.8/site-packages/fast_lio/fast_lio_s__rosidl_typesupport_c.cpython-38-aarch64-linux-gnu.so
[1.569s] -- Up-to-date: /home/jetson/slash_ws/install/fast_lio/lib/libfast_lio__python.so
[1.570s] -- Up-to-date: /home/jetson/slash_ws/install/fast_lio/share/fast_lio/msg/Pose6D.idl
[1.570s] -- Up-to-date: /home/jetson/slash_ws/install/fast_lio/share/fast_lio/msg/Pose6D.msg
[1.570s] -- Up-to-date: /home/jetson/slash_ws/install/fast_lio/lib/fast_lio/fastlio_mapping
[1.571s] -- Up-to-date: /home/jetson/slash_ws/install/fast_lio/share/fast_lio/config
[1.571s] -- Up-to-date: /home/jetson/slash_ws/install/fast_lio/share/fast_lio/config/ouster64.yaml
[1.571s] -- Up-to-date: /home/jetson/slash_ws/install/fast_lio/share/fast_lio/config/velodyne.yaml
[1.571s] -- Up-to-date: /home/jetson/slash_ws/install/fast_lio/share/fast_lio/config/horizon.yaml
[1.572s] -- Up-to-date: /home/jetson/slash_ws/install/fast_lio/share/fast_lio/config/avia.yaml
[1.572s] -- Up-to-date: /home/jetson/slash_ws/install/fast_lio/share/fast_lio/config/mid360.yaml
[1.572s] -- Up-to-date: /home/jetson/slash_ws/install/fast_lio/share/fast_lio/launch
[1.572s] -- Up-to-date: /home/jetson/slash_ws/install/fast_lio/share/fast_lio/launch/mapping.launch.py
[1.573s] -- Up-to-date: /home/jetson/slash_ws/install/fast_lio/share/fast_lio/launch/gdb_debug_example.launch
[1.573s] -- Up-to-date: /home/jetson/slash_ws/install/fast_lio/share/fast_lio/rviz
[1.573s] -- Up-to-date: /home/jetson/slash_ws/install/fast_lio/share/fast_lio/rviz/fastlio.rviz
[1.574s] -- Up-to-date: /home/jetson/slash_ws/install/fast_lio/share/ament_index/resource_index/package_run_dependencies/fast_lio
[1.574s] -- Up-to-date: /home/jetson/slash_ws/install/fast_lio/share/ament_index/resource_index/parent_prefix_path/fast_lio
[1.575s] -- Up-to-date: /home/jetson/slash_ws/install/fast_lio/share/fast_lio/environment/ament_prefix_path.sh
[1.575s] -- Up-to-date: /home/jetson/slash_ws/install/fast_lio/share/fast_lio/environment/ament_prefix_path.dsv
[1.576s] -- Up-to-date: /home/jetson/slash_ws/install/fast_lio/share/fast_lio/environment/path.sh
[1.576s] -- Up-to-date: /home/jetson/slash_ws/install/fast_lio/share/fast_lio/environment/path.dsv
[1.576s] -- Up-to-date: /home/jetson/slash_ws/install/fast_lio/share/fast_lio/local_setup.bash
[1.576s] -- Up-to-date: /home/jetson/slash_ws/install/fast_lio/share/fast_lio/local_setup.sh
[1.576s] -- Up-to-date: /home/jetson/slash_ws/install/fast_lio/share/fast_lio/local_setup.zsh
[1.577s] -- Up-to-date: /home/jetson/slash_ws/install/fast_lio/share/fast_lio/local_setup.dsv
[1.577s] -- Installing: /home/jetson/slash_ws/install/fast_lio/share/fast_lio/package.dsv
[1.579s] -- Up-to-date: /home/jetson/slash_ws/install/fast_lio/share/ament_index/resource_index/packages/fast_lio
[1.579s] -- Up-to-date: /home/jetson/slash_ws/install/fast_lio/share/fast_lio/cmake/fast_lio__rosidl_generator_cExport.cmake
[1.579s] -- Up-to-date: /home/jetson/slash_ws/install/fast_lio/share/fast_lio/cmake/fast_lio__rosidl_generator_cExport-release.cmake
[1.579s] -- Up-to-date: /home/jetson/slash_ws/install/fast_lio/share/fast_lio/cmake/fast_lio__rosidl_typesupport_introspection_cExport.cmake
[1.579s] -- Up-to-date: /home/jetson/slash_ws/install/fast_lio/share/fast_lio/cmake/fast_lio__rosidl_typesupport_introspection_cExport-release.cmake
[1.579s] -- Up-to-date: /home/jetson/slash_ws/install/fast_lio/share/fast_lio/cmake/fast_lio__rosidl_typesupport_cExport.cmake
[1.579s] -- Up-to-date: /home/jetson/slash_ws/install/fast_lio/share/fast_lio/cmake/fast_lio__rosidl_typesupport_cExport-release.cmake
[1.579s] -- Up-to-date: /home/jetson/slash_ws/install/fast_lio/share/fast_lio/cmake/fast_lio__rosidl_generator_cppExport.cmake
[1.579s] -- Up-to-date: /home/jetson/slash_ws/install/fast_lio/share/fast_lio/cmake/fast_lio__rosidl_typesupport_introspection_cppExport.cmake
[1.583s] -- Up-to-date: /home/jetson/slash_ws/install/fast_lio/share/fast_lio/cmake/fast_lio__rosidl_typesupport_introspection_cppExport-release.cmake
[1.587s] -- Up-to-date: /home/jetson/slash_ws/install/fast_lio/share/fast_lio/cmake/fast_lio__rosidl_typesupport_cppExport.cmake
[1.588s] -- Up-to-date: /home/jetson/slash_ws/install/fast_lio/share/fast_lio/cmake/fast_lio__rosidl_typesupport_cppExport-release.cmake
[1.588s] -- Up-to-date: /home/jetson/slash_ws/install/fast_lio/share/fast_lio/cmake/rosidl_cmake-extras.cmake
[1.588s] -- Up-to-date: /home/jetson/slash_ws/install/fast_lio/share/fast_lio/cmake/ament_cmake_export_dependencies-extras.cmake
[1.588s] -- Up-to-date: /home/jetson/slash_ws/install/fast_lio/share/fast_lio/cmake/ament_cmake_export_libraries-extras.cmake
[1.588s] -- Up-to-date: /home/jetson/slash_ws/install/fast_lio/share/fast_lio/cmake/ament_cmake_export_targets-extras.cmake
[1.589s] -- Up-to-date: /home/jetson/slash_ws/install/fast_lio/share/fast_lio/cmake/ament_cmake_export_include_directories-extras.cmake
[1.589s] -- Up-to-date: /home/jetson/slash_ws/install/fast_lio/share/fast_lio/cmake/rosidl_cmake_export_typesupport_libraries-extras.cmake
[1.589s] -- Up-to-date: /home/jetson/slash_ws/install/fast_lio/share/fast_lio/cmake/rosidl_cmake_export_typesupport_targets-extras.cmake
[1.589s] -- Up-to-date: /home/jetson/slash_ws/install/fast_lio/share/fast_lio/cmake/fast_lioConfig.cmake
[1.589s] -- Up-to-date: /home/jetson/slash_ws/install/fast_lio/share/fast_lio/cmake/fast_lioConfig-version.cmake
[1.592s] -- Up-to-date: /home/jetson/slash_ws/install/fast_lio/share/fast_lio/package.xml
[1.660s] Invoked command in '/home/jetson/slash_ws/build/fast_lio' returned '0': CMAKE_PREFIX_PATH=/home/jetson/slash_ws/install/livox_ros_driver2:/home/jetson/slash_ws/install/vesc:/home/jetson/slash_ws/install/vesc_driver:/home/jetson/slash_ws/install/vesc_ackermann:/home/jetson/slash_ws/install/vesc_msgs:/home/jetson/slash_ws/install/teleop_tools:/home/jetson/slash_ws/install/teleop_tools_msgs:/home/jetson/slash_ws/install/teb_local_planner:/home/jetson/slash_ws/install/teb_msgs:/home/jetson/slash_ws/install/slash_nav2:/home/jetson/slash_ws/install/simple_mpc:/home/jetson/slash_ws/install/pointcloud_to_laserscan:/home/jetson/slash_ws/install/fast_lio:/home/jetson/slash_ws/install/linefit_ground_segmentation_ros:/home/jetson/slash_ws/install/linefit_ground_segmentation:/home/jetson/slash_ws/install/costmap_converter:/home/jetson/slash_ws/install/costmap_converter_msgs:/home/jetson/slash_ws/install/ackermann_mux:/home/jetson/slash_ws/install/f1tenth_stack:/home/jetson/slash_ws/install/twist_to_ackermann:/home/jetson/slash_ws/install/joy_teleop:/home/jetson/slash_ws/install/roboracer_china_2025:/home/jetson/slash_ws/install/mouse_teleop:/home/jetson/slash_ws/install/key_teleop:/opt/ros/foxy LD_LIBRARY_PATH=/home/jetson/slash_ws/install/livox_ros_driver2/lib:/usr/local/cuda/lib64:/usr/local/cuda/lib64:/usr/local/cuda/lib64:/usr/local/cuda/lib64:/usr/local/cuda-11.4/lib64:/usr/local/cuda/lib64:/usr/local/cuda/lib64:/usr/local/cuda/lib64:/usr/local/cuda/lib64:/home/jetson/slash_ws/install/vesc_driver/lib:/home/jetson/slash_ws/install/vesc_ackermann/lib:/home/jetson/slash_ws/install/vesc_msgs/lib:/home/jetson/slash_ws/install/teleop_tools_msgs/lib:/home/jetson/slash_ws/install/teb_local_planner/lib:/home/jetson/slash_ws/install/teb_msgs/lib:/home/jetson/slash_ws/install/pointcloud_to_laserscan/lib:/home/jetson/slash_ws/install/fast_lio/lib:/home/jetson/slash_ws/install/linefit_ground_segmentation/lib:/home/jetson/slash_ws/install/costmap_converter/lib:/home/jetson/slash_ws/install/costmap_converter_msgs/lib:/usr/lib/aarch64-linux-gnu/gazebo-11/plugins:/opt/ros/foxy/opt/yaml_cpp_vendor/lib:/opt/ros/foxy/opt/rviz_ogre_vendor/lib:/opt/ros/foxy/lib/aarch64-linux-gnu:/opt/ros/foxy/lib:/usr/local/cuda-11.4/lib64 PYTHONPATH=/home/jetson/slash_ws/install/livox_ros_driver2/lib/python3.8/site-packages:/home/jetson/slash_ws/install/f1tenth_stack/lib/python3.8/site-packages:/home/jetson/slash_ws/install/vesc_msgs/lib/python3.8/site-packages:/home/jetson/slash_ws/install/twist_to_ackermann/lib/python3.8/site-packages:/home/jetson/slash_ws/install/joy_teleop/lib/python3.8/site-packages:/home/jetson/slash_ws/install/teleop_tools_msgs/lib/python3.8/site-packages:/home/jetson/slash_ws/install/teb_msgs/lib/python3.8/site-packages:/home/jetson/slash_ws/install/roboracer_china_2025/lib/python3.8/site-packages:/home/jetson/slash_ws/install/mouse_teleop/lib/python3.8/site-packages:/home/jetson/slash_ws/install/fast_lio/lib/python3.8/site-packages:/home/jetson/slash_ws/install/key_teleop/lib/python3.8/site-packages:/home/jetson/slash_ws/install/costmap_converter_msgs/lib/python3.8/site-packages:/opt/ros/foxy/lib/python3.8/site-packages /usr/bin/cmake --install /home/jetson/slash_ws/build/fast_lio
