[0.182s] Invoking command in '/home/jetson/slash_ws/build/vesc_msgs': CMAKE_PREFIX_PATH=${CMAKE_PREFIX_PATH}:/home/jetson/slash_ws/install/f1tenth_stack:/home/jetson/slash_ws/install/twist_to_ackermann:/home/jetson/slash_ws/install/joy_teleop:/home/jetson/slash_ws/install/roboracer_china_2025:/home/jetson/slash_ws/install/mouse_teleop:/home/jetson/slash_ws/install/key_teleop:/opt/ros/foxy /usr/bin/cmake --build /home/jetson/slash_ws/build/vesc_msgs -- -j8 -l8
[1.362s] [ 10%] Built target vesc_msgs__rosidl_generator_c
[1.362s] [ 12%] Built target vesc_msgs__cpp
[1.362s] [ 23%] Built target vesc_msgs__rosidl_typesupport_introspection_c
[1.362s] [ 34%] Built target vesc_msgs__rosidl_typesupport_c
[1.363s] [ 45%] Built target vesc_msgs__rosidl_typesupport_cpp
[1.363s] [ 56%] Built target vesc_msgs__rosidl_typesupport_introspection_cpp
[1.363s] [ 67%] Built target vesc_msgs__rosidl_typesupport_fastrtps_cpp
[1.363s] [ 78%] Built target vesc_msgs__rosidl_typesupport_fastrtps_c
[1.363s] [ 78%] Built target vesc_msgs
[1.363s] [ 80%] Built target vesc_msgs__py
[1.363s] [ 89%] Built target vesc_msgs__python
[1.363s] [ 92%] Built target vesc_msgs__rosidl_typesupport_fastrtps_c__pyext
[1.363s] [ 96%] Built target vesc_msgs__rosidl_typesupport_introspection_c__pyext
[1.376s] [100%] Built target vesc_msgs__rosidl_typesupport_c__pyext
[2.410s] Invoked command in '/home/jetson/slash_ws/build/vesc_msgs' returned '0': CMAKE_PREFIX_PATH=${CMAKE_PREFIX_PATH}:/home/jetson/slash_ws/install/f1tenth_stack:/home/jetson/slash_ws/install/twist_to_ackermann:/home/jetson/slash_ws/install/joy_teleop:/home/jetson/slash_ws/install/roboracer_china_2025:/home/jetson/slash_ws/install/mouse_teleop:/home/jetson/slash_ws/install/key_teleop:/opt/ros/foxy /usr/bin/cmake --build /home/jetson/slash_ws/build/vesc_msgs -- -j8 -l8
[2.412s] Invoking command in '/home/jetson/slash_ws/build/vesc_msgs': CMAKE_PREFIX_PATH=${CMAKE_PREFIX_PATH}:/home/jetson/slash_ws/install/f1tenth_stack:/home/jetson/slash_ws/install/twist_to_ackermann:/home/jetson/slash_ws/install/joy_teleop:/home/jetson/slash_ws/install/roboracer_china_2025:/home/jetson/slash_ws/install/mouse_teleop:/home/jetson/slash_ws/install/key_teleop:/opt/ros/foxy /usr/bin/cmake --install /home/jetson/slash_ws/build/vesc_msgs
[2.530s] -- Install configuration: ""
[2.530s] -- Up-to-date: /home/jetson/slash_ws/install/vesc_msgs/share/ament_index/resource_index/rosidl_interfaces/vesc_msgs
[2.530s] -- Up-to-date: /home/jetson/slash_ws/install/vesc_msgs/include/vesc_msgs
[2.530s] -- Up-to-date: /home/jetson/slash_ws/install/vesc_msgs/include/vesc_msgs/msg
[2.530s] -- Up-to-date: /home/jetson/slash_ws/install/vesc_msgs/include/vesc_msgs/msg/vesc_state.h
[2.530s] -- Up-to-date: /home/jetson/slash_ws/install/vesc_msgs/include/vesc_msgs/msg/detail
[2.530s] -- Up-to-date: /home/jetson/slash_ws/install/vesc_msgs/include/vesc_msgs/msg/detail/vesc_state_stamped__functions.h
[2.531s] -- Up-to-date: /home/jetson/slash_ws/install/vesc_msgs/include/vesc_msgs/msg/detail/vesc_state__struct.h
[2.531s] -- Up-to-date: /home/jetson/slash_ws/install/vesc_msgs/include/vesc_msgs/msg/detail/vesc_imu__functions.c
[2.531s] -- Up-to-date: /home/jetson/slash_ws/install/vesc_msgs/include/vesc_msgs/msg/detail/vesc_imu_stamped__functions.c
[2.531s] -- Up-to-date: /home/jetson/slash_ws/install/vesc_msgs/include/vesc_msgs/msg/detail/vesc_imu_stamped__type_support.h
[2.531s] -- Up-to-date: /home/jetson/slash_ws/install/vesc_msgs/include/vesc_msgs/msg/detail/vesc_state_stamped__struct.h
[2.531s] -- Up-to-date: /home/jetson/slash_ws/install/vesc_msgs/include/vesc_msgs/msg/detail/vesc_imu_stamped__struct.h
[2.533s] -- Up-to-date: /home/jetson/slash_ws/install/vesc_msgs/include/vesc_msgs/msg/detail/vesc_imu__type_support.h
[2.534s] -- Up-to-date: /home/jetson/slash_ws/install/vesc_msgs/include/vesc_msgs/msg/detail/vesc_state__functions.c
[2.534s] -- Up-to-date: /home/jetson/slash_ws/install/vesc_msgs/include/vesc_msgs/msg/detail/vesc_state_stamped__functions.c
[2.536s] -- Up-to-date: /home/jetson/slash_ws/install/vesc_msgs/include/vesc_msgs/msg/detail/vesc_imu__functions.h
[2.536s] -- Up-to-date: /home/jetson/slash_ws/install/vesc_msgs/include/vesc_msgs/msg/detail/vesc_imu__struct.h
[2.536s] -- Up-to-date: /home/jetson/slash_ws/install/vesc_msgs/include/vesc_msgs/msg/detail/vesc_imu_stamped__functions.h
[2.537s] -- Up-to-date: /home/jetson/slash_ws/install/vesc_msgs/include/vesc_msgs/msg/detail/vesc_state_stamped__type_support.h
[2.537s] -- Up-to-date: /home/jetson/slash_ws/install/vesc_msgs/include/vesc_msgs/msg/detail/vesc_state__functions.h
[2.537s] -- Up-to-date: /home/jetson/slash_ws/install/vesc_msgs/include/vesc_msgs/msg/detail/vesc_state__type_support.h
[2.537s] -- Up-to-date: /home/jetson/slash_ws/install/vesc_msgs/include/vesc_msgs/msg/vesc_state_stamped.h
[2.537s] -- Up-to-date: /home/jetson/slash_ws/install/vesc_msgs/include/vesc_msgs/msg/vesc_imu.h
[2.537s] -- Up-to-date: /home/jetson/slash_ws/install/vesc_msgs/include/vesc_msgs/msg/vesc_imu_stamped.h
[2.537s] -- Up-to-date: /home/jetson/slash_ws/install/vesc_msgs/include/vesc_msgs/msg/rosidl_generator_c__visibility_control.h
[2.537s] -- Up-to-date: /home/jetson/slash_ws/install/vesc_msgs/share/vesc_msgs/environment/library_path.sh
[2.537s] -- Up-to-date: /home/jetson/slash_ws/install/vesc_msgs/share/vesc_msgs/environment/library_path.dsv
[2.538s] -- Up-to-date: /home/jetson/slash_ws/install/vesc_msgs/lib/libvesc_msgs__rosidl_generator_c.so
[2.538s] -- Up-to-date: /home/jetson/slash_ws/install/vesc_msgs/include/vesc_msgs
[2.538s] -- Up-to-date: /home/jetson/slash_ws/install/vesc_msgs/include/vesc_msgs/msg
[2.538s] -- Up-to-date: /home/jetson/slash_ws/install/vesc_msgs/include/vesc_msgs/msg/detail
[2.538s] -- Up-to-date: /home/jetson/slash_ws/install/vesc_msgs/include/vesc_msgs/msg/detail/vesc_imu_stamped__rosidl_typesupport_fastrtps_c.h
[2.538s] -- Up-to-date: /home/jetson/slash_ws/install/vesc_msgs/include/vesc_msgs/msg/detail/vesc_imu__rosidl_typesupport_fastrtps_c.h
[2.538s] -- Up-to-date: /home/jetson/slash_ws/install/vesc_msgs/include/vesc_msgs/msg/detail/vesc_state__rosidl_typesupport_fastrtps_c.h
[2.538s] -- Up-to-date: /home/jetson/slash_ws/install/vesc_msgs/include/vesc_msgs/msg/detail/vesc_state_stamped__rosidl_typesupport_fastrtps_c.h
[2.539s] -- Up-to-date: /home/jetson/slash_ws/install/vesc_msgs/include/vesc_msgs/msg/rosidl_typesupport_fastrtps_c__visibility_control.h
[2.539s] -- Up-to-date: /home/jetson/slash_ws/install/vesc_msgs/lib/libvesc_msgs__rosidl_typesupport_fastrtps_c.so
[2.539s] -- Up-to-date: /home/jetson/slash_ws/install/vesc_msgs/include/vesc_msgs
[2.573s] -- Up-to-date: /home/jetson/slash_ws/install/vesc_msgs/include/vesc_msgs/msg
[2.576s] -- Up-to-date: /home/jetson/slash_ws/install/vesc_msgs/include/vesc_msgs/msg/rosidl_typesupport_fastrtps_cpp__visibility_control.h
[2.577s] -- Up-to-date: /home/jetson/slash_ws/install/vesc_msgs/include/vesc_msgs/msg/detail
[2.578s] -- Up-to-date: /home/jetson/slash_ws/install/vesc_msgs/include/vesc_msgs/msg/detail/vesc_state__rosidl_typesupport_fastrtps_cpp.hpp
[2.578s] -- Up-to-date: /home/jetson/slash_ws/install/vesc_msgs/include/vesc_msgs/msg/detail/vesc_imu_stamped__rosidl_typesupport_fastrtps_cpp.hpp
[2.578s] -- Up-to-date: /home/jetson/slash_ws/install/vesc_msgs/include/vesc_msgs/msg/detail/dds_fastrtps
[2.582s] -- Up-to-date: /home/jetson/slash_ws/install/vesc_msgs/include/vesc_msgs/msg/detail/vesc_imu__rosidl_typesupport_fastrtps_cpp.hpp
[2.585s] -- Up-to-date: /home/jetson/slash_ws/install/vesc_msgs/include/vesc_msgs/msg/detail/vesc_state_stamped__rosidl_typesupport_fastrtps_cpp.hpp
[2.586s] -- Up-to-date: /home/jetson/slash_ws/install/vesc_msgs/lib/libvesc_msgs__rosidl_typesupport_fastrtps_cpp.so
[2.587s] -- Up-to-date: /home/jetson/slash_ws/install/vesc_msgs/include/vesc_msgs
[2.588s] -- Up-to-date: /home/jetson/slash_ws/install/vesc_msgs/include/vesc_msgs/msg
[2.588s] -- Up-to-date: /home/jetson/slash_ws/install/vesc_msgs/include/vesc_msgs/msg/rosidl_typesupport_introspection_c__visibility_control.h
[2.589s] -- Up-to-date: /home/jetson/slash_ws/install/vesc_msgs/include/vesc_msgs/msg/detail
[2.589s] -- Up-to-date: /home/jetson/slash_ws/install/vesc_msgs/include/vesc_msgs/msg/detail/vesc_state_stamped__rosidl_typesupport_introspection_c.h
[2.590s] -- Up-to-date: /home/jetson/slash_ws/install/vesc_msgs/include/vesc_msgs/msg/detail/vesc_imu__rosidl_typesupport_introspection_c.h
[2.590s] -- Up-to-date: /home/jetson/slash_ws/install/vesc_msgs/include/vesc_msgs/msg/detail/vesc_state__type_support.c
[2.592s] -- Up-to-date: /home/jetson/slash_ws/install/vesc_msgs/include/vesc_msgs/msg/detail/vesc_imu_stamped__type_support.c
[2.614s] -- Up-to-date: /home/jetson/slash_ws/install/vesc_msgs/include/vesc_msgs/msg/detail/vesc_state__rosidl_typesupport_introspection_c.h
[2.635s] -- Up-to-date: /home/jetson/slash_ws/install/vesc_msgs/include/vesc_msgs/msg/detail/vesc_state_stamped__type_support.c
[2.635s] -- Up-to-date: /home/jetson/slash_ws/install/vesc_msgs/include/vesc_msgs/msg/detail/vesc_imu__type_support.c
[2.635s] -- Up-to-date: /home/jetson/slash_ws/install/vesc_msgs/include/vesc_msgs/msg/detail/vesc_imu_stamped__rosidl_typesupport_introspection_c.h
[2.635s] -- Up-to-date: /home/jetson/slash_ws/install/vesc_msgs/lib/libvesc_msgs__rosidl_typesupport_introspection_c.so
[2.636s] -- Up-to-date: /home/jetson/slash_ws/install/vesc_msgs/lib/libvesc_msgs__rosidl_typesupport_c.so
[2.636s] -- Up-to-date: /home/jetson/slash_ws/install/vesc_msgs/include/vesc_msgs
[2.636s] -- Up-to-date: /home/jetson/slash_ws/install/vesc_msgs/include/vesc_msgs/msg
[2.636s] -- Up-to-date: /home/jetson/slash_ws/install/vesc_msgs/include/vesc_msgs/msg/vesc_imu_stamped.hpp
[2.636s] -- Up-to-date: /home/jetson/slash_ws/install/vesc_msgs/include/vesc_msgs/msg/rosidl_generator_cpp__visibility_control.hpp
[2.637s] -- Up-to-date: /home/jetson/slash_ws/install/vesc_msgs/include/vesc_msgs/msg/detail
[2.637s] -- Up-to-date: /home/jetson/slash_ws/install/vesc_msgs/include/vesc_msgs/msg/detail/vesc_state_stamped__traits.hpp
[2.637s] -- Up-to-date: /home/jetson/slash_ws/install/vesc_msgs/include/vesc_msgs/msg/detail/vesc_imu_stamped__traits.hpp
[2.637s] -- Up-to-date: /home/jetson/slash_ws/install/vesc_msgs/include/vesc_msgs/msg/detail/vesc_state_stamped__type_support.hpp
[2.639s] -- Up-to-date: /home/jetson/slash_ws/install/vesc_msgs/include/vesc_msgs/msg/detail/vesc_state_stamped__builder.hpp
[2.640s] -- Up-to-date: /home/jetson/slash_ws/install/vesc_msgs/include/vesc_msgs/msg/detail/vesc_state__builder.hpp
[2.642s] -- Up-to-date: /home/jetson/slash_ws/install/vesc_msgs/include/vesc_msgs/msg/detail/vesc_imu__type_support.hpp
[2.642s] -- Up-to-date: /home/jetson/slash_ws/install/vesc_msgs/include/vesc_msgs/msg/detail/vesc_state_stamped__struct.hpp
[2.644s] -- Up-to-date: /home/jetson/slash_ws/install/vesc_msgs/include/vesc_msgs/msg/detail/vesc_imu_stamped__builder.hpp
[2.650s] -- Up-to-date: /home/jetson/slash_ws/install/vesc_msgs/include/vesc_msgs/msg/detail/vesc_state__traits.hpp
[2.654s] -- Up-to-date: /home/jetson/slash_ws/install/vesc_msgs/include/vesc_msgs/msg/detail/vesc_imu__struct.hpp
[2.662s] -- Up-to-date: /home/jetson/slash_ws/install/vesc_msgs/include/vesc_msgs/msg/detail/vesc_imu_stamped__struct.hpp
[2.668s] -- Up-to-date: /home/jetson/slash_ws/install/vesc_msgs/include/vesc_msgs/msg/detail/vesc_state__struct.hpp
[2.668s] -- Up-to-date: /home/jetson/slash_ws/install/vesc_msgs/include/vesc_msgs/msg/detail/vesc_imu__builder.hpp
[2.668s] -- Up-to-date: /home/jetson/slash_ws/install/vesc_msgs/include/vesc_msgs/msg/detail/vesc_state__type_support.hpp
[2.668s] -- Up-to-date: /home/jetson/slash_ws/install/vesc_msgs/include/vesc_msgs/msg/detail/vesc_imu__traits.hpp
[2.668s] -- Up-to-date: /home/jetson/slash_ws/install/vesc_msgs/include/vesc_msgs/msg/detail/vesc_imu_stamped__type_support.hpp
[2.668s] -- Up-to-date: /home/jetson/slash_ws/install/vesc_msgs/include/vesc_msgs/msg/vesc_imu.hpp
[2.669s] -- Up-to-date: /home/jetson/slash_ws/install/vesc_msgs/include/vesc_msgs/msg/vesc_state.hpp
[2.669s] -- Up-to-date: /home/jetson/slash_ws/install/vesc_msgs/include/vesc_msgs/msg/vesc_state_stamped.hpp
[2.669s] -- Up-to-date: /home/jetson/slash_ws/install/vesc_msgs/include/vesc_msgs
[2.669s] -- Up-to-date: /home/jetson/slash_ws/install/vesc_msgs/include/vesc_msgs/msg
[2.669s] -- Up-to-date: /home/jetson/slash_ws/install/vesc_msgs/include/vesc_msgs/msg/detail
[2.669s] -- Up-to-date: /home/jetson/slash_ws/install/vesc_msgs/include/vesc_msgs/msg/detail/vesc_imu__type_support.cpp
[2.669s] -- Up-to-date: /home/jetson/slash_ws/install/vesc_msgs/include/vesc_msgs/msg/detail/vesc_state__type_support.cpp
[2.669s] -- Up-to-date: /home/jetson/slash_ws/install/vesc_msgs/include/vesc_msgs/msg/detail/vesc_imu_stamped__rosidl_typesupport_introspection_cpp.hpp
[2.670s] -- Up-to-date: /home/jetson/slash_ws/install/vesc_msgs/include/vesc_msgs/msg/detail/vesc_state_stamped__type_support.cpp
[2.670s] -- Up-to-date: /home/jetson/slash_ws/install/vesc_msgs/include/vesc_msgs/msg/detail/vesc_imu__rosidl_typesupport_introspection_cpp.hpp
[2.670s] -- Up-to-date: /home/jetson/slash_ws/install/vesc_msgs/include/vesc_msgs/msg/detail/vesc_state__rosidl_typesupport_introspection_cpp.hpp
[2.670s] -- Up-to-date: /home/jetson/slash_ws/install/vesc_msgs/include/vesc_msgs/msg/detail/vesc_state_stamped__rosidl_typesupport_introspection_cpp.hpp
[2.670s] -- Up-to-date: /home/jetson/slash_ws/install/vesc_msgs/include/vesc_msgs/msg/detail/vesc_imu_stamped__type_support.cpp
[2.670s] -- Up-to-date: /home/jetson/slash_ws/install/vesc_msgs/lib/libvesc_msgs__rosidl_typesupport_introspection_cpp.so
[2.670s] -- Up-to-date: /home/jetson/slash_ws/install/vesc_msgs/lib/libvesc_msgs__rosidl_typesupport_cpp.so
[2.670s] -- Up-to-date: /home/jetson/slash_ws/install/vesc_msgs/share/vesc_msgs/environment/pythonpath.sh
[2.670s] -- Up-to-date: /home/jetson/slash_ws/install/vesc_msgs/share/vesc_msgs/environment/pythonpath.dsv
[2.671s] -- Up-to-date: /home/jetson/slash_ws/install/vesc_msgs/lib/python3.8/site-packages/vesc_msgs/__init__.py
[2.743s] -- Up-to-date: /home/jetson/slash_ws/install/vesc_msgs/lib/python3.8/site-packages/vesc_msgs/msg
[2.743s] -- Up-to-date: /home/jetson/slash_ws/install/vesc_msgs/lib/python3.8/site-packages/vesc_msgs/msg/_vesc_imu_stamped_s.c
[2.743s] -- Up-to-date: /home/jetson/slash_ws/install/vesc_msgs/lib/python3.8/site-packages/vesc_msgs/msg/_vesc_state.py
[2.743s] -- Up-to-date: /home/jetson/slash_ws/install/vesc_msgs/lib/python3.8/site-packages/vesc_msgs/msg/_vesc_imu_s.c
[2.743s] -- Up-to-date: /home/jetson/slash_ws/install/vesc_msgs/lib/python3.8/site-packages/vesc_msgs/msg/_vesc_imu_stamped.py
[2.744s] -- Up-to-date: /home/jetson/slash_ws/install/vesc_msgs/lib/python3.8/site-packages/vesc_msgs/msg/_vesc_state_stamped.py
[2.744s] -- Up-to-date: /home/jetson/slash_ws/install/vesc_msgs/lib/python3.8/site-packages/vesc_msgs/msg/_vesc_state_s.c
[2.744s] -- Up-to-date: /home/jetson/slash_ws/install/vesc_msgs/lib/python3.8/site-packages/vesc_msgs/msg/_vesc_state_stamped_s.c
[2.744s] -- Up-to-date: /home/jetson/slash_ws/install/vesc_msgs/lib/python3.8/site-packages/vesc_msgs/msg/_vesc_imu.py
[2.744s] -- Up-to-date: /home/jetson/slash_ws/install/vesc_msgs/lib/python3.8/site-packages/vesc_msgs/msg/__init__.py
[2.744s] -- Up-to-date: /home/jetson/slash_ws/install/vesc_msgs/lib/python3.8/site-packages/vesc_msgs/vesc_msgs_s__rosidl_typesupport_fastrtps_c.cpython-38-aarch64-linux-gnu.so
[2.745s] -- Up-to-date: /home/jetson/slash_ws/install/vesc_msgs/lib/python3.8/site-packages/vesc_msgs/vesc_msgs_s__rosidl_typesupport_introspection_c.cpython-38-aarch64-linux-gnu.so
[2.746s] -- Up-to-date: /home/jetson/slash_ws/install/vesc_msgs/lib/python3.8/site-packages/vesc_msgs/vesc_msgs_s__rosidl_typesupport_c.cpython-38-aarch64-linux-gnu.so
[2.746s] -- Up-to-date: /home/jetson/slash_ws/install/vesc_msgs/lib/libvesc_msgs__python.so
[2.746s] -- Up-to-date: /home/jetson/slash_ws/install/vesc_msgs/share/vesc_msgs/msg/VescState.idl
[2.746s] -- Up-to-date: /home/jetson/slash_ws/install/vesc_msgs/share/vesc_msgs/msg/VescStateStamped.idl
[2.747s] -- Up-to-date: /home/jetson/slash_ws/install/vesc_msgs/share/vesc_msgs/msg/VescImu.idl
[2.747s] -- Up-to-date: /home/jetson/slash_ws/install/vesc_msgs/share/vesc_msgs/msg/VescImuStamped.idl
[2.747s] -- Up-to-date: /home/jetson/slash_ws/install/vesc_msgs/share/vesc_msgs/msg/VescState.msg
[2.748s] -- Up-to-date: /home/jetson/slash_ws/install/vesc_msgs/share/vesc_msgs/msg/VescStateStamped.msg
[2.748s] -- Up-to-date: /home/jetson/slash_ws/install/vesc_msgs/share/vesc_msgs/msg/VescImu.msg
[2.749s] -- Up-to-date: /home/jetson/slash_ws/install/vesc_msgs/share/vesc_msgs/msg/VescImuStamped.msg
[2.750s] -- Up-to-date: /home/jetson/slash_ws/install/vesc_msgs/share/ament_index/resource_index/package_run_dependencies/vesc_msgs
[2.761s] -- Up-to-date: /home/jetson/slash_ws/install/vesc_msgs/share/ament_index/resource_index/parent_prefix_path/vesc_msgs
[2.761s] -- Up-to-date: /home/jetson/slash_ws/install/vesc_msgs/share/vesc_msgs/environment/ament_prefix_path.sh
[2.762s] -- Up-to-date: /home/jetson/slash_ws/install/vesc_msgs/share/vesc_msgs/environment/ament_prefix_path.dsv
[2.762s] -- Up-to-date: /home/jetson/slash_ws/install/vesc_msgs/share/vesc_msgs/environment/path.sh
[2.762s] -- Up-to-date: /home/jetson/slash_ws/install/vesc_msgs/share/vesc_msgs/environment/path.dsv
[2.763s] -- Up-to-date: /home/jetson/slash_ws/install/vesc_msgs/share/vesc_msgs/local_setup.bash
[2.769s] -- Up-to-date: /home/jetson/slash_ws/install/vesc_msgs/share/vesc_msgs/local_setup.sh
[2.770s] -- Up-to-date: /home/jetson/slash_ws/install/vesc_msgs/share/vesc_msgs/local_setup.zsh
[2.771s] -- Up-to-date: /home/jetson/slash_ws/install/vesc_msgs/share/vesc_msgs/local_setup.dsv
[2.772s] -- Installing: /home/jetson/slash_ws/install/vesc_msgs/share/vesc_msgs/package.dsv
[2.773s] -- Up-to-date: /home/jetson/slash_ws/install/vesc_msgs/share/ament_index/resource_index/packages/vesc_msgs
[2.774s] -- Up-to-date: /home/jetson/slash_ws/install/vesc_msgs/share/vesc_msgs/cmake/vesc_msgs__rosidl_generator_cExport.cmake
[2.774s] -- Up-to-date: /home/jetson/slash_ws/install/vesc_msgs/share/vesc_msgs/cmake/vesc_msgs__rosidl_generator_cExport-noconfig.cmake
[2.775s] -- Up-to-date: /home/jetson/slash_ws/install/vesc_msgs/share/vesc_msgs/cmake/vesc_msgs__rosidl_typesupport_introspection_cExport.cmake
[2.775s] -- Up-to-date: /home/jetson/slash_ws/install/vesc_msgs/share/vesc_msgs/cmake/vesc_msgs__rosidl_typesupport_introspection_cExport-noconfig.cmake
[2.775s] -- Up-to-date: /home/jetson/slash_ws/install/vesc_msgs/share/vesc_msgs/cmake/vesc_msgs__rosidl_typesupport_cExport.cmake
[2.776s] -- Up-to-date: /home/jetson/slash_ws/install/vesc_msgs/share/vesc_msgs/cmake/vesc_msgs__rosidl_typesupport_cExport-noconfig.cmake
[2.777s] -- Up-to-date: /home/jetson/slash_ws/install/vesc_msgs/share/vesc_msgs/cmake/vesc_msgs__rosidl_generator_cppExport.cmake
[2.777s] -- Up-to-date: /home/jetson/slash_ws/install/vesc_msgs/share/vesc_msgs/cmake/vesc_msgs__rosidl_typesupport_introspection_cppExport.cmake
[2.777s] -- Up-to-date: /home/jetson/slash_ws/install/vesc_msgs/share/vesc_msgs/cmake/vesc_msgs__rosidl_typesupport_introspection_cppExport-noconfig.cmake
[2.778s] -- Up-to-date: /home/jetson/slash_ws/install/vesc_msgs/share/vesc_msgs/cmake/vesc_msgs__rosidl_typesupport_cppExport.cmake
[2.779s] -- Up-to-date: /home/jetson/slash_ws/install/vesc_msgs/share/vesc_msgs/cmake/vesc_msgs__rosidl_typesupport_cppExport-noconfig.cmake
[2.782s] -- Up-to-date: /home/jetson/slash_ws/install/vesc_msgs/share/vesc_msgs/cmake/rosidl_cmake-extras.cmake
[2.790s] -- Up-to-date: /home/jetson/slash_ws/install/vesc_msgs/share/vesc_msgs/cmake/ament_cmake_export_dependencies-extras.cmake
[2.790s] -- Up-to-date: /home/jetson/slash_ws/install/vesc_msgs/share/vesc_msgs/cmake/ament_cmake_export_libraries-extras.cmake
[2.791s] -- Up-to-date: /home/jetson/slash_ws/install/vesc_msgs/share/vesc_msgs/cmake/ament_cmake_export_targets-extras.cmake
[2.791s] -- Up-to-date: /home/jetson/slash_ws/install/vesc_msgs/share/vesc_msgs/cmake/ament_cmake_export_include_directories-extras.cmake
[2.791s] -- Up-to-date: /home/jetson/slash_ws/install/vesc_msgs/share/vesc_msgs/cmake/rosidl_cmake_export_typesupport_libraries-extras.cmake
[2.797s] -- Up-to-date: /home/jetson/slash_ws/install/vesc_msgs/share/vesc_msgs/cmake/rosidl_cmake_export_typesupport_targets-extras.cmake
[2.797s] -- Up-to-date: /home/jetson/slash_ws/install/vesc_msgs/share/vesc_msgs/cmake/vesc_msgsConfig.cmake
[2.797s] -- Up-to-date: /home/jetson/slash_ws/install/vesc_msgs/share/vesc_msgs/cmake/vesc_msgsConfig-version.cmake
[2.797s] -- Up-to-date: /home/jetson/slash_ws/install/vesc_msgs/share/vesc_msgs/package.xml
[3.249s] Invoked command in '/home/jetson/slash_ws/build/vesc_msgs' returned '0': CMAKE_PREFIX_PATH=${CMAKE_PREFIX_PATH}:/home/jetson/slash_ws/install/f1tenth_stack:/home/jetson/slash_ws/install/twist_to_ackermann:/home/jetson/slash_ws/install/joy_teleop:/home/jetson/slash_ws/install/roboracer_china_2025:/home/jetson/slash_ws/install/mouse_teleop:/home/jetson/slash_ws/install/key_teleop:/opt/ros/foxy /usr/bin/cmake --install /home/jetson/slash_ws/build/vesc_msgs
