[0.160s] Invoking command in '/home/jetson/slash_ws/build/ackermann_mux': CMAKE_PREFIX_PATH=${CMAKE_PREFIX_PATH}:/home/jetson/slash_ws/install/f1tenth_stack:/home/jetson/slash_ws/install/twist_to_ackermann:/home/jetson/slash_ws/install/joy_teleop:/home/jetson/slash_ws/install/roboracer_china_2025:/home/jetson/slash_ws/install/mouse_teleop:/home/jetson/slash_ws/install/key_teleop:/opt/ros/foxy /usr/bin/cmake --build /home/jetson/slash_ws/build/ackermann_mux -- -j8 -l8
[1.048s] [100%] Built target ackermann_mux
[1.846s] Invoked command in '/home/jetson/slash_ws/build/ackermann_mux' returned '0': CMAKE_PREFIX_PATH=${CMAKE_PREFIX_PATH}:/home/jetson/slash_ws/install/f1tenth_stack:/home/jetson/slash_ws/install/twist_to_ackermann:/home/jetson/slash_ws/install/joy_teleop:/home/jetson/slash_ws/install/roboracer_china_2025:/home/jetson/slash_ws/install/mouse_teleop:/home/jetson/slash_ws/install/key_teleop:/opt/ros/foxy /usr/bin/cmake --build /home/jetson/slash_ws/build/ackermann_mux -- -j8 -l8
[1.849s] Invoking command in '/home/jetson/slash_ws/build/ackermann_mux': CMAKE_PREFIX_PATH=${CMAKE_PREFIX_PATH}:/home/jetson/slash_ws/install/f1tenth_stack:/home/jetson/slash_ws/install/twist_to_ackermann:/home/jetson/slash_ws/install/joy_teleop:/home/jetson/slash_ws/install/roboracer_china_2025:/home/jetson/slash_ws/install/mouse_teleop:/home/jetson/slash_ws/install/key_teleop:/opt/ros/foxy /usr/bin/cmake --install /home/jetson/slash_ws/build/ackermann_mux
[1.926s] -- Install configuration: ""
[1.926s] -- Up-to-date: /home/jetson/slash_ws/install/ackermann_mux/lib/ackermann_mux/ackermann_mux
[1.927s] -- Up-to-date: /home/jetson/slash_ws/install/ackermann_mux/share/ackermann_mux/launch
[1.927s] -- Up-to-date: /home/jetson/slash_ws/install/ackermann_mux/share/ackermann_mux/launch/ackermann_mux_launch.py
[1.927s] -- Up-to-date: /home/jetson/slash_ws/install/ackermann_mux/share/ackermann_mux/config
[1.927s] -- Up-to-date: /home/jetson/slash_ws/install/ackermann_mux/share/ackermann_mux/config/ackermann_mux_topics.yaml
[1.927s] -- Up-to-date: /home/jetson/slash_ws/install/ackermann_mux/share/ackermann_mux/config/ackermann_mux_locks.yaml
[1.927s] -- Up-to-date: /home/jetson/slash_ws/install/ackermann_mux/share/ackermann_mux/config/joystick.yaml
[1.927s] -- Up-to-date: /home/jetson/slash_ws/install/ackermann_mux/include
[1.927s] -- Up-to-date: /home/jetson/slash_ws/install/ackermann_mux/include/ackermann_mux
[1.927s] -- Up-to-date: /home/jetson/slash_ws/install/ackermann_mux/include/ackermann_mux/ackermann_mux.hpp
[1.928s] -- Up-to-date: /home/jetson/slash_ws/install/ackermann_mux/include/ackermann_mux/topic_handle.hpp
[1.928s] -- Up-to-date: /home/jetson/slash_ws/install/ackermann_mux/include/ackermann_mux/utils.hpp
[1.928s] -- Up-to-date: /home/jetson/slash_ws/install/ackermann_mux/include/ackermann_mux/ackermann_mux_diagnostics_status.hpp
[1.928s] -- Up-to-date: /home/jetson/slash_ws/install/ackermann_mux/include/ackermann_mux/ackermann_mux_diagnostics.hpp
[1.928s] -- Up-to-date: /home/jetson/slash_ws/install/ackermann_mux/include/ackermann_mux/params_helpers.hpp
[1.928s] -- Up-to-date: /home/jetson/slash_ws/install/ackermann_mux/share/ament_index/resource_index/package_run_dependencies/ackermann_mux
[1.928s] -- Up-to-date: /home/jetson/slash_ws/install/ackermann_mux/share/ament_index/resource_index/parent_prefix_path/ackermann_mux
[1.928s] -- Up-to-date: /home/jetson/slash_ws/install/ackermann_mux/share/ackermann_mux/environment/ament_prefix_path.sh
[1.929s] -- Up-to-date: /home/jetson/slash_ws/install/ackermann_mux/share/ackermann_mux/environment/ament_prefix_path.dsv
[1.929s] -- Up-to-date: /home/jetson/slash_ws/install/ackermann_mux/share/ackermann_mux/environment/path.sh
[1.929s] -- Up-to-date: /home/jetson/slash_ws/install/ackermann_mux/share/ackermann_mux/environment/path.dsv
[1.929s] -- Up-to-date: /home/jetson/slash_ws/install/ackermann_mux/share/ackermann_mux/local_setup.bash
[1.929s] -- Up-to-date: /home/jetson/slash_ws/install/ackermann_mux/share/ackermann_mux/local_setup.sh
[1.929s] -- Up-to-date: /home/jetson/slash_ws/install/ackermann_mux/share/ackermann_mux/local_setup.zsh
[1.929s] -- Up-to-date: /home/jetson/slash_ws/install/ackermann_mux/share/ackermann_mux/local_setup.dsv
[1.929s] -- Installing: /home/jetson/slash_ws/install/ackermann_mux/share/ackermann_mux/package.dsv
[1.930s] -- Up-to-date: /home/jetson/slash_ws/install/ackermann_mux/share/ament_index/resource_index/packages/ackermann_mux
[1.930s] -- Up-to-date: /home/jetson/slash_ws/install/ackermann_mux/share/ackermann_mux/cmake/ament_cmake_export_include_directories-extras.cmake
[1.930s] -- Up-to-date: /home/jetson/slash_ws/install/ackermann_mux/share/ackermann_mux/cmake/ament_cmake_export_dependencies-extras.cmake
[1.930s] -- Up-to-date: /home/jetson/slash_ws/install/ackermann_mux/share/ackermann_mux/cmake/ackermann_muxConfig.cmake
[1.930s] -- Up-to-date: /home/jetson/slash_ws/install/ackermann_mux/share/ackermann_mux/cmake/ackermann_muxConfig-version.cmake
[1.930s] -- Up-to-date: /home/jetson/slash_ws/install/ackermann_mux/share/ackermann_mux/package.xml
[2.054s] Invoked command in '/home/jetson/slash_ws/build/ackermann_mux' returned '0': CMAKE_PREFIX_PATH=${CMAKE_PREFIX_PATH}:/home/jetson/slash_ws/install/f1tenth_stack:/home/jetson/slash_ws/install/twist_to_ackermann:/home/jetson/slash_ws/install/joy_teleop:/home/jetson/slash_ws/install/roboracer_china_2025:/home/jetson/slash_ws/install/mouse_teleop:/home/jetson/slash_ws/install/key_teleop:/opt/ros/foxy /usr/bin/cmake --install /home/jetson/slash_ws/build/ackermann_mux
