[0.164s] Invoking command in '/home/jetson/slash_ws/build/vesc_msgs': CMAKE_PREFIX_PATH=${CMAKE_PREFIX_PATH}:/home/jetson/slash_ws/install/f1tenth_stack:/home/jetson/slash_ws/install/twist_to_ackermann:/home/jetson/slash_ws/install/joy_teleop:/home/jetson/slash_ws/install/roboracer_china_2025:/home/jetson/slash_ws/install/mouse_teleop:/home/jetson/slash_ws/install/key_teleop:/opt/ros/foxy /usr/bin/cmake /home/jetson/slash_ws/src/slash_hardware/f1tenth_system/vesc/vesc_msgs -DCMAKE_INSTALL_PREFIX=/home/jetson/slash_ws/install/vesc_msgs
[1.721s] -- The C compiler identification is GNU 9.4.0
[1.721s] -- The CXX compiler identification is GNU 9.4.0
[1.721s] -- Check for working C compiler: /usr/bin/cc
[1.721s] -- Check for working C compiler: /usr/bin/cc -- works
[1.722s] -- Detecting C compiler ABI info
[1.722s] -- Detecting C compiler ABI info - done
[1.748s] -- Detecting C compile features
[1.753s] -- Detecting C compile features - done
[1.763s] -- Check for working CXX compiler: /usr/bin/c++
[2.113s] -- Check for working CXX compiler: /usr/bin/c++ -- works
[2.117s] -- Detecting CXX compiler ABI info
[2.605s] -- Detecting CXX compiler ABI info - done
[2.640s] -- Detecting CXX compile features
[2.649s] -- Detecting CXX compile features - done
[2.675s] -- Found ament_cmake_auto: 0.9.12 (/opt/ros/foxy/share/ament_cmake_auto/cmake)
[2.814s] -- Found PythonInterp: /usr/bin/python3 (found suitable version "3.8.10", minimum required is "3") 
[2.815s] -- Using PYTHON_EXECUTABLE: /usr/bin/python3
[3.950s] -- Using all available rosidl_typesupport_c: rosidl_typesupport_fastrtps_c;rosidl_typesupport_introspection_c
[3.985s] -- Found rosidl_adapter: 1.3.1 (/opt/ros/foxy/share/rosidl_adapter/cmake)
[4.537s] -- Found OpenSSL: /usr/lib/aarch64-linux-gnu/libcrypto.so (found version "1.1.1f")  
[4.638s] -- Found FastRTPS: /opt/ros/foxy/include  
[4.882s] -- Using all available rosidl_typesupport_cpp: rosidl_typesupport_fastrtps_cpp;rosidl_typesupport_introspection_cpp
[5.312s] -- Found PythonInterp: /usr/bin/python3 (found version "3.8.10") 
[5.711s] -- Found ament_cmake_ros: 0.9.2 (/opt/ros/foxy/share/ament_cmake_ros/cmake)
[6.436s] -- Using all available rosidl_typesupport_c: rosidl_typesupport_fastrtps_c;rosidl_typesupport_introspection_c
[6.790s] -- Using all available rosidl_typesupport_cpp: rosidl_typesupport_fastrtps_cpp;rosidl_typesupport_introspection_cpp
[6.924s] -- Found PythonInterp: /usr/bin/python3 (found suitable version "3.8.10", minimum required is "3.5") 
[6.927s] -- Found python_cmake_module: 0.8.1 (/opt/ros/foxy/share/python_cmake_module/cmake)
[7.028s] -- Found PythonLibs: /usr/lib/aarch64-linux-gnu/libpython3.8.so (found suitable version "3.8.10", minimum required is "3.5") 
[7.032s] -- Using PYTHON_EXECUTABLE: /usr/bin/python3
[7.033s] -- Using PYTHON_INCLUDE_DIRS: /usr/include/python3.8
[7.033s] -- Using PYTHON_LIBRARIES: /usr/lib/aarch64-linux-gnu/libpython3.8.so
[7.137s] -- Found PythonExtra: .so  
[8.393s] -- Found ament_lint_auto: 0.9.8 (/opt/ros/foxy/share/ament_lint_auto/cmake)
[8.521s] -- Added test 'copyright' to check source files copyright and LICENSE
[8.524s] -- Added test 'lint_cmake' to check CMake code style
[8.529s] -- Added test 'xmllint' to check XML markup files
[8.592s] -- Configuring done
[8.769s] -- Generating done
[8.832s] -- Build files have been written to: /home/jetson/slash_ws/build/vesc_msgs
[8.976s] Invoked command in '/home/jetson/slash_ws/build/vesc_msgs' returned '0': CMAKE_PREFIX_PATH=${CMAKE_PREFIX_PATH}:/home/jetson/slash_ws/install/f1tenth_stack:/home/jetson/slash_ws/install/twist_to_ackermann:/home/jetson/slash_ws/install/joy_teleop:/home/jetson/slash_ws/install/roboracer_china_2025:/home/jetson/slash_ws/install/mouse_teleop:/home/jetson/slash_ws/install/key_teleop:/opt/ros/foxy /usr/bin/cmake /home/jetson/slash_ws/src/slash_hardware/f1tenth_system/vesc/vesc_msgs -DCMAKE_INSTALL_PREFIX=/home/jetson/slash_ws/install/vesc_msgs
[8.981s] Invoking command in '/home/jetson/slash_ws/build/vesc_msgs': CMAKE_PREFIX_PATH=${CMAKE_PREFIX_PATH}:/home/jetson/slash_ws/install/f1tenth_stack:/home/jetson/slash_ws/install/twist_to_ackermann:/home/jetson/slash_ws/install/joy_teleop:/home/jetson/slash_ws/install/roboracer_china_2025:/home/jetson/slash_ws/install/mouse_teleop:/home/jetson/slash_ws/install/key_teleop:/opt/ros/foxy /usr/bin/cmake --build /home/jetson/slash_ws/build/vesc_msgs -- -j8 -l8
[10.928s] [35m[1mScanning dependencies of target vesc_msgs__cpp[0m
[10.928s] [  1%] [34m[1mGenerating C++ code for ROS interfaces[0m
[10.929s] [  3%] [34m[1mGenerating C code for ROS interfaces[0m
[12.344s] [  3%] Built target vesc_msgs__cpp
[12.382s] [35m[1mScanning dependencies of target vesc_msgs__rosidl_generator_c[0m
[12.475s] [  5%] [34m[1mGenerating C++ type support dispatch for ROS interfaces[0m
[12.497s] [  7%] [34m[1mGenerating C++ type support for eProsima Fast-RTPS[0m
[12.510s] [  9%] [34m[1mGenerating C++ introspection for ROS interfaces[0m
[12.556s] [ 10%] [32mBuilding C object CMakeFiles/vesc_msgs__rosidl_generator_c.dir/rosidl_generator_c/vesc_msgs/msg/detail/vesc_state__functions.c.o[0m
[12.570s] [ 12%] [32mBuilding C object CMakeFiles/vesc_msgs__rosidl_generator_c.dir/rosidl_generator_c/vesc_msgs/msg/detail/vesc_imu__functions.c.o[0m
[12.582s] [ 14%] [32mBuilding C object CMakeFiles/vesc_msgs__rosidl_generator_c.dir/rosidl_generator_c/vesc_msgs/msg/detail/vesc_state_stamped__functions.c.o[0m
[12.653s] [ 16%] [32mBuilding C object CMakeFiles/vesc_msgs__rosidl_generator_c.dir/rosidl_generator_c/vesc_msgs/msg/detail/vesc_imu_stamped__functions.c.o[0m
[13.096s] [ 18%] [32m[1mLinking C shared library libvesc_msgs__rosidl_generator_c.so[0m
[13.562s] [ 18%] Built target vesc_msgs__rosidl_generator_c
[13.610s] [ 20%] [34m[1mGenerating C introspection for ROS interfaces[0m
[13.645s] [ 21%] [34m[1mGenerating C type support dispatch for ROS interfaces[0m
[15.620s] [35m[1mScanning dependencies of target vesc_msgs__rosidl_typesupport_cpp[0m
[15.758s] [ 23%] [32mBuilding CXX object CMakeFiles/vesc_msgs__rosidl_typesupport_cpp.dir/rosidl_typesupport_cpp/vesc_msgs/msg/vesc_state_stamped__type_support.cpp.o[0m
[15.782s] [ 25%] [32mBuilding CXX object CMakeFiles/vesc_msgs__rosidl_typesupport_cpp.dir/rosidl_typesupport_cpp/vesc_msgs/msg/vesc_state__type_support.cpp.o[0m
[15.885s] [ 27%] [32mBuilding CXX object CMakeFiles/vesc_msgs__rosidl_typesupport_cpp.dir/rosidl_typesupport_cpp/vesc_msgs/msg/vesc_imu__type_support.cpp.o[0m
[15.953s] [35m[1mScanning dependencies of target vesc_msgs__rosidl_typesupport_introspection_cpp[0m
[16.101s] [ 29%] [32mBuilding CXX object CMakeFiles/vesc_msgs__rosidl_typesupport_introspection_cpp.dir/rosidl_typesupport_introspection_cpp/vesc_msgs/msg/detail/vesc_state__type_support.cpp.o[0m
[17.176s] [35m[1mScanning dependencies of target vesc_msgs__rosidl_typesupport_c[0m
[17.275s] [35m[1mScanning dependencies of target vesc_msgs__rosidl_typesupport_fastrtps_cpp[0m
[17.334s] [ 30%] [32mBuilding CXX object CMakeFiles/vesc_msgs__rosidl_typesupport_c.dir/rosidl_typesupport_c/vesc_msgs/msg/vesc_state__type_support.cpp.o[0m
[17.447s] [ 32%] [32mBuilding CXX object CMakeFiles/vesc_msgs__rosidl_typesupport_fastrtps_cpp.dir/rosidl_typesupport_fastrtps_cpp/vesc_msgs/msg/detail/dds_fastrtps/vesc_state__type_support.cpp.o[0m
[17.635s] [ 34%] [32mBuilding CXX object CMakeFiles/vesc_msgs__rosidl_typesupport_c.dir/rosidl_typesupport_c/vesc_msgs/msg/vesc_state_stamped__type_support.cpp.o[0m
[17.799s] [35m[1mScanning dependencies of target vesc_msgs__rosidl_typesupport_introspection_c[0m
[17.892s] [ 36%] [32mBuilding CXX object CMakeFiles/vesc_msgs__rosidl_typesupport_cpp.dir/rosidl_typesupport_cpp/vesc_msgs/msg/vesc_imu_stamped__type_support.cpp.o[0m
[17.902s] [ 38%] [32mBuilding CXX object CMakeFiles/vesc_msgs__rosidl_typesupport_c.dir/rosidl_typesupport_c/vesc_msgs/msg/vesc_imu__type_support.cpp.o[0m
[17.955s] [ 40%] [32mBuilding CXX object CMakeFiles/vesc_msgs__rosidl_typesupport_c.dir/rosidl_typesupport_c/vesc_msgs/msg/vesc_imu_stamped__type_support.cpp.o[0m
[18.018s] [ 41%] [32mBuilding C object CMakeFiles/vesc_msgs__rosidl_typesupport_introspection_c.dir/rosidl_typesupport_introspection_c/vesc_msgs/msg/detail/vesc_state__type_support.c.o[0m
[18.184s] [ 43%] [32mBuilding CXX object CMakeFiles/vesc_msgs__rosidl_typesupport_fastrtps_cpp.dir/rosidl_typesupport_fastrtps_cpp/vesc_msgs/msg/detail/dds_fastrtps/vesc_state_stamped__type_support.cpp.o[0m
[18.207s] [ 45%] [32mBuilding C object CMakeFiles/vesc_msgs__rosidl_typesupport_introspection_c.dir/rosidl_typesupport_introspection_c/vesc_msgs/msg/detail/vesc_state_stamped__type_support.c.o[0m
[18.250s] [ 47%] [32m[1mLinking CXX shared library libvesc_msgs__rosidl_typesupport_c.so[0m
[18.323s] [ 49%] [32mBuilding CXX object CMakeFiles/vesc_msgs__rosidl_typesupport_introspection_cpp.dir/rosidl_typesupport_introspection_cpp/vesc_msgs/msg/detail/vesc_state_stamped__type_support.cpp.o[0m
[18.383s] [ 50%] [32mBuilding C object CMakeFiles/vesc_msgs__rosidl_typesupport_introspection_c.dir/rosidl_typesupport_introspection_c/vesc_msgs/msg/detail/vesc_imu__type_support.c.o[0m
[18.546s] [ 52%] [32mBuilding CXX object CMakeFiles/vesc_msgs__rosidl_typesupport_introspection_cpp.dir/rosidl_typesupport_introspection_cpp/vesc_msgs/msg/detail/vesc_imu__type_support.cpp.o[0m
[18.570s] [ 54%] [32mBuilding C object CMakeFiles/vesc_msgs__rosidl_typesupport_introspection_c.dir/rosidl_typesupport_introspection_c/vesc_msgs/msg/detail/vesc_imu_stamped__type_support.c.o[0m
[18.654s] [ 54%] Built target vesc_msgs__rosidl_typesupport_c
[18.943s] [ 56%] [32m[1mLinking C shared library libvesc_msgs__rosidl_typesupport_introspection_c.so[0m
[19.353s] [ 56%] Built target vesc_msgs__rosidl_typesupport_introspection_c
[19.484s] [ 58%] [32mBuilding CXX object CMakeFiles/vesc_msgs__rosidl_typesupport_fastrtps_cpp.dir/rosidl_typesupport_fastrtps_cpp/vesc_msgs/msg/detail/dds_fastrtps/vesc_imu_stamped__type_support.cpp.o[0m
[20.275s] [ 60%] [32m[1mLinking CXX shared library libvesc_msgs__rosidl_typesupport_cpp.so[0m
[20.486s] [ 61%] [32mBuilding CXX object CMakeFiles/vesc_msgs__rosidl_typesupport_introspection_cpp.dir/rosidl_typesupport_introspection_cpp/vesc_msgs/msg/detail/vesc_imu_stamped__type_support.cpp.o[0m
[20.659s] [ 61%] Built target vesc_msgs__rosidl_typesupport_cpp
[22.039s] [ 63%] [32mBuilding CXX object CMakeFiles/vesc_msgs__rosidl_typesupport_fastrtps_cpp.dir/rosidl_typesupport_fastrtps_cpp/vesc_msgs/msg/detail/dds_fastrtps/vesc_imu__type_support.cpp.o[0m
[22.111s] [ 65%] [32m[1mLinking CXX shared library libvesc_msgs__rosidl_typesupport_introspection_cpp.so[0m
[22.583s] [ 65%] Built target vesc_msgs__rosidl_typesupport_introspection_cpp
[23.925s] [ 67%] [32m[1mLinking CXX shared library libvesc_msgs__rosidl_typesupport_fastrtps_cpp.so[0m
[24.497s] [ 67%] Built target vesc_msgs__rosidl_typesupport_fastrtps_cpp
[24.576s] [ 69%] [34m[1mGenerating C type support for eProsima Fast-RTPS[0m
[27.280s] [35m[1mScanning dependencies of target vesc_msgs__rosidl_typesupport_fastrtps_c[0m
[27.425s] [ 70%] [32mBuilding CXX object CMakeFiles/vesc_msgs__rosidl_typesupport_fastrtps_c.dir/rosidl_typesupport_fastrtps_c/vesc_msgs/msg/detail/vesc_state__type_support_c.cpp.o[0m
[29.019s] [ 72%] [32mBuilding CXX object CMakeFiles/vesc_msgs__rosidl_typesupport_fastrtps_c.dir/rosidl_typesupport_fastrtps_c/vesc_msgs/msg/detail/vesc_imu_stamped__type_support_c.cpp.o[0m
[30.676s] [ 74%] [32mBuilding CXX object CMakeFiles/vesc_msgs__rosidl_typesupport_fastrtps_c.dir/rosidl_typesupport_fastrtps_c/vesc_msgs/msg/detail/vesc_imu__type_support_c.cpp.o[0m
[32.169s] [ 76%] [32mBuilding CXX object CMakeFiles/vesc_msgs__rosidl_typesupport_fastrtps_c.dir/rosidl_typesupport_fastrtps_c/vesc_msgs/msg/detail/vesc_state_stamped__type_support_c.cpp.o[0m
[33.167s] [ 78%] [32m[1mLinking CXX shared library libvesc_msgs__rosidl_typesupport_fastrtps_c.so[0m
[33.773s] [ 78%] Built target vesc_msgs__rosidl_typesupport_fastrtps_c
[33.881s] [35m[1mScanning dependencies of target vesc_msgs[0m
[33.976s] [ 78%] Built target vesc_msgs
[34.069s] [35m[1mScanning dependencies of target vesc_msgs__py[0m
[34.158s] [ 80%] [34m[1mGenerating Python code for ROS interfaces[0m
[38.049s] [ 80%] Built target vesc_msgs__py
[38.119s] [35m[1mScanning dependencies of target vesc_msgs__python[0m
[38.210s] [ 81%] [32mBuilding C object CMakeFiles/vesc_msgs__python.dir/rosidl_generator_py/vesc_msgs/msg/_vesc_state_s.c.o[0m
[38.446s] [ 83%] [32mBuilding C object CMakeFiles/vesc_msgs__python.dir/rosidl_generator_py/vesc_msgs/msg/_vesc_imu_stamped_s.c.o[0m
[38.965s] [ 85%] [32mBuilding C object CMakeFiles/vesc_msgs__python.dir/rosidl_generator_py/vesc_msgs/msg/_vesc_imu_s.c.o[0m
[39.477s] [ 87%] [32mBuilding C object CMakeFiles/vesc_msgs__python.dir/rosidl_generator_py/vesc_msgs/msg/_vesc_state_stamped_s.c.o[0m
[39.981s] [ 89%] [32m[1mLinking C shared library rosidl_generator_py/vesc_msgs/libvesc_msgs__python.so[0m
[40.183s] [ 89%] Built target vesc_msgs__python
[40.267s] [35m[1mScanning dependencies of target vesc_msgs__rosidl_typesupport_c__pyext[0m
[40.384s] [ 90%] [32mBuilding C object CMakeFiles/vesc_msgs__rosidl_typesupport_c__pyext.dir/rosidl_generator_py/vesc_msgs/_vesc_msgs_s.ep.rosidl_typesupport_c.c.o[0m
[40.727s] [ 92%] [32m[1mLinking C shared library rosidl_generator_py/vesc_msgs/vesc_msgs_s__rosidl_typesupport_c.cpython-38-aarch64-linux-gnu.so[0m
[40.952s] [ 92%] Built target vesc_msgs__rosidl_typesupport_c__pyext
[41.027s] [35m[1mScanning dependencies of target vesc_msgs__rosidl_typesupport_fastrtps_c__pyext[0m
[41.137s] [ 94%] [32mBuilding C object CMakeFiles/vesc_msgs__rosidl_typesupport_fastrtps_c__pyext.dir/rosidl_generator_py/vesc_msgs/_vesc_msgs_s.ep.rosidl_typesupport_fastrtps_c.c.o[0m
[41.579s] [ 96%] [32m[1mLinking CXX shared library rosidl_generator_py/vesc_msgs/vesc_msgs_s__rosidl_typesupport_fastrtps_c.cpython-38-aarch64-linux-gnu.so[0m
[41.963s] [ 96%] Built target vesc_msgs__rosidl_typesupport_fastrtps_c__pyext
[42.052s] [35m[1mScanning dependencies of target vesc_msgs__rosidl_typesupport_introspection_c__pyext[0m
[42.179s] [ 98%] [32mBuilding C object CMakeFiles/vesc_msgs__rosidl_typesupport_introspection_c__pyext.dir/rosidl_generator_py/vesc_msgs/_vesc_msgs_s.ep.rosidl_typesupport_introspection_c.c.o[0m
[42.553s] [100%] [32m[1mLinking C shared library rosidl_generator_py/vesc_msgs/vesc_msgs_s__rosidl_typesupport_introspection_c.cpython-38-aarch64-linux-gnu.so[0m
[42.777s] [100%] Built target vesc_msgs__rosidl_typesupport_introspection_c__pyext
[42.896s] Invoked command in '/home/jetson/slash_ws/build/vesc_msgs' returned '0': CMAKE_PREFIX_PATH=${CMAKE_PREFIX_PATH}:/home/jetson/slash_ws/install/f1tenth_stack:/home/jetson/slash_ws/install/twist_to_ackermann:/home/jetson/slash_ws/install/joy_teleop:/home/jetson/slash_ws/install/roboracer_china_2025:/home/jetson/slash_ws/install/mouse_teleop:/home/jetson/slash_ws/install/key_teleop:/opt/ros/foxy /usr/bin/cmake --build /home/jetson/slash_ws/build/vesc_msgs -- -j8 -l8
[42.898s] Invoking command in '/home/jetson/slash_ws/build/vesc_msgs': CMAKE_PREFIX_PATH=${CMAKE_PREFIX_PATH}:/home/jetson/slash_ws/install/f1tenth_stack:/home/jetson/slash_ws/install/twist_to_ackermann:/home/jetson/slash_ws/install/joy_teleop:/home/jetson/slash_ws/install/roboracer_china_2025:/home/jetson/slash_ws/install/mouse_teleop:/home/jetson/slash_ws/install/key_teleop:/opt/ros/foxy /usr/bin/cmake --install /home/jetson/slash_ws/build/vesc_msgs
[46.156s] -- Install configuration: ""
[46.156s] -- Installing: /home/jetson/slash_ws/install/vesc_msgs/share/ament_index/resource_index/rosidl_interfaces/vesc_msgs
[46.157s] -- Installing: /home/jetson/slash_ws/install/vesc_msgs/include/vesc_msgs
[46.157s] -- Installing: /home/jetson/slash_ws/install/vesc_msgs/include/vesc_msgs/msg
[46.157s] -- Installing: /home/jetson/slash_ws/install/vesc_msgs/include/vesc_msgs/msg/vesc_state.h
[46.157s] -- Installing: /home/jetson/slash_ws/install/vesc_msgs/include/vesc_msgs/msg/detail
[46.157s] -- Installing: /home/jetson/slash_ws/install/vesc_msgs/include/vesc_msgs/msg/detail/vesc_state_stamped__functions.h
[46.157s] -- Installing: /home/jetson/slash_ws/install/vesc_msgs/include/vesc_msgs/msg/detail/vesc_state__struct.h
[46.157s] -- Installing: /home/jetson/slash_ws/install/vesc_msgs/include/vesc_msgs/msg/detail/vesc_imu__functions.c
[46.157s] -- Installing: /home/jetson/slash_ws/install/vesc_msgs/include/vesc_msgs/msg/detail/vesc_imu_stamped__functions.c
[46.157s] -- Installing: /home/jetson/slash_ws/install/vesc_msgs/include/vesc_msgs/msg/detail/vesc_imu_stamped__type_support.h
[46.158s] -- Installing: /home/jetson/slash_ws/install/vesc_msgs/include/vesc_msgs/msg/detail/vesc_state_stamped__struct.h
[46.158s] -- Installing: /home/jetson/slash_ws/install/vesc_msgs/include/vesc_msgs/msg/detail/vesc_imu_stamped__struct.h
[46.158s] -- Installing: /home/jetson/slash_ws/install/vesc_msgs/include/vesc_msgs/msg/detail/vesc_imu__type_support.h
[46.159s] -- Installing: /home/jetson/slash_ws/install/vesc_msgs/include/vesc_msgs/msg/detail/vesc_state__functions.c
[46.160s] -- Installing: /home/jetson/slash_ws/install/vesc_msgs/include/vesc_msgs/msg/detail/vesc_state_stamped__functions.c
[46.160s] -- Installing: /home/jetson/slash_ws/install/vesc_msgs/include/vesc_msgs/msg/detail/vesc_imu__functions.h
[46.160s] -- Installing: /home/jetson/slash_ws/install/vesc_msgs/include/vesc_msgs/msg/detail/vesc_imu__struct.h
[46.160s] -- Installing: /home/jetson/slash_ws/install/vesc_msgs/include/vesc_msgs/msg/detail/vesc_imu_stamped__functions.h
[46.160s] -- Installing: /home/jetson/slash_ws/install/vesc_msgs/include/vesc_msgs/msg/detail/vesc_state_stamped__type_support.h
[46.160s] -- Installing: /home/jetson/slash_ws/install/vesc_msgs/include/vesc_msgs/msg/detail/vesc_state__functions.h
[46.160s] -- Installing: /home/jetson/slash_ws/install/vesc_msgs/include/vesc_msgs/msg/detail/vesc_state__type_support.h
[46.160s] -- Installing: /home/jetson/slash_ws/install/vesc_msgs/include/vesc_msgs/msg/vesc_state_stamped.h
[46.161s] -- Installing: /home/jetson/slash_ws/install/vesc_msgs/include/vesc_msgs/msg/vesc_imu.h
[46.161s] -- Installing: /home/jetson/slash_ws/install/vesc_msgs/include/vesc_msgs/msg/vesc_imu_stamped.h
[46.161s] -- Installing: /home/jetson/slash_ws/install/vesc_msgs/include/vesc_msgs/msg/rosidl_generator_c__visibility_control.h
[46.161s] -- Installing: /home/jetson/slash_ws/install/vesc_msgs/share/vesc_msgs/environment/library_path.sh
[46.161s] -- Installing: /home/jetson/slash_ws/install/vesc_msgs/share/vesc_msgs/environment/library_path.dsv
[46.161s] -- Installing: /home/jetson/slash_ws/install/vesc_msgs/lib/libvesc_msgs__rosidl_generator_c.so
[46.161s] -- Set runtime path of "/home/jetson/slash_ws/install/vesc_msgs/lib/libvesc_msgs__rosidl_generator_c.so" to ""
[46.161s] -- Up-to-date: /home/jetson/slash_ws/install/vesc_msgs/include/vesc_msgs
[46.162s] -- Up-to-date: /home/jetson/slash_ws/install/vesc_msgs/include/vesc_msgs/msg
[46.162s] -- Up-to-date: /home/jetson/slash_ws/install/vesc_msgs/include/vesc_msgs/msg/detail
[46.162s] -- Installing: /home/jetson/slash_ws/install/vesc_msgs/include/vesc_msgs/msg/detail/vesc_imu_stamped__rosidl_typesupport_fastrtps_c.h
[46.162s] -- Installing: /home/jetson/slash_ws/install/vesc_msgs/include/vesc_msgs/msg/detail/vesc_imu__rosidl_typesupport_fastrtps_c.h
[46.162s] -- Installing: /home/jetson/slash_ws/install/vesc_msgs/include/vesc_msgs/msg/detail/vesc_state__rosidl_typesupport_fastrtps_c.h
[46.162s] -- Installing: /home/jetson/slash_ws/install/vesc_msgs/include/vesc_msgs/msg/detail/vesc_state_stamped__rosidl_typesupport_fastrtps_c.h
[46.162s] -- Installing: /home/jetson/slash_ws/install/vesc_msgs/include/vesc_msgs/msg/rosidl_typesupport_fastrtps_c__visibility_control.h
[46.162s] -- Installing: /home/jetson/slash_ws/install/vesc_msgs/lib/libvesc_msgs__rosidl_typesupport_fastrtps_c.so
[46.163s] -- Set runtime path of "/home/jetson/slash_ws/install/vesc_msgs/lib/libvesc_msgs__rosidl_typesupport_fastrtps_c.so" to ""
[46.163s] -- Up-to-date: /home/jetson/slash_ws/install/vesc_msgs/include/vesc_msgs
[46.163s] -- Up-to-date: /home/jetson/slash_ws/install/vesc_msgs/include/vesc_msgs/msg
[46.163s] -- Installing: /home/jetson/slash_ws/install/vesc_msgs/include/vesc_msgs/msg/rosidl_typesupport_fastrtps_cpp__visibility_control.h
[46.163s] -- Up-to-date: /home/jetson/slash_ws/install/vesc_msgs/include/vesc_msgs/msg/detail
[46.163s] -- Installing: /home/jetson/slash_ws/install/vesc_msgs/include/vesc_msgs/msg/detail/vesc_state__rosidl_typesupport_fastrtps_cpp.hpp
[46.163s] -- Installing: /home/jetson/slash_ws/install/vesc_msgs/include/vesc_msgs/msg/detail/vesc_imu_stamped__rosidl_typesupport_fastrtps_cpp.hpp
[46.166s] -- Installing: /home/jetson/slash_ws/install/vesc_msgs/include/vesc_msgs/msg/detail/dds_fastrtps
[46.166s] -- Installing: /home/jetson/slash_ws/install/vesc_msgs/include/vesc_msgs/msg/detail/vesc_imu__rosidl_typesupport_fastrtps_cpp.hpp
[46.166s] -- Installing: /home/jetson/slash_ws/install/vesc_msgs/include/vesc_msgs/msg/detail/vesc_state_stamped__rosidl_typesupport_fastrtps_cpp.hpp
[46.166s] -- Installing: /home/jetson/slash_ws/install/vesc_msgs/lib/libvesc_msgs__rosidl_typesupport_fastrtps_cpp.so
[46.166s] -- Set runtime path of "/home/jetson/slash_ws/install/vesc_msgs/lib/libvesc_msgs__rosidl_typesupport_fastrtps_cpp.so" to ""
[46.166s] -- Up-to-date: /home/jetson/slash_ws/install/vesc_msgs/include/vesc_msgs
[46.167s] -- Up-to-date: /home/jetson/slash_ws/install/vesc_msgs/include/vesc_msgs/msg
[46.167s] -- Installing: /home/jetson/slash_ws/install/vesc_msgs/include/vesc_msgs/msg/rosidl_typesupport_introspection_c__visibility_control.h
[46.167s] -- Up-to-date: /home/jetson/slash_ws/install/vesc_msgs/include/vesc_msgs/msg/detail
[46.167s] -- Installing: /home/jetson/slash_ws/install/vesc_msgs/include/vesc_msgs/msg/detail/vesc_state_stamped__rosidl_typesupport_introspection_c.h
[46.167s] -- Installing: /home/jetson/slash_ws/install/vesc_msgs/include/vesc_msgs/msg/detail/vesc_imu__rosidl_typesupport_introspection_c.h
[46.167s] -- Installing: /home/jetson/slash_ws/install/vesc_msgs/include/vesc_msgs/msg/detail/vesc_state__type_support.c
[46.167s] -- Installing: /home/jetson/slash_ws/install/vesc_msgs/include/vesc_msgs/msg/detail/vesc_imu_stamped__type_support.c
[46.167s] -- Installing: /home/jetson/slash_ws/install/vesc_msgs/include/vesc_msgs/msg/detail/vesc_state__rosidl_typesupport_introspection_c.h
[46.167s] -- Installing: /home/jetson/slash_ws/install/vesc_msgs/include/vesc_msgs/msg/detail/vesc_state_stamped__type_support.c
[46.168s] -- Installing: /home/jetson/slash_ws/install/vesc_msgs/include/vesc_msgs/msg/detail/vesc_imu__type_support.c
[46.168s] -- Installing: /home/jetson/slash_ws/install/vesc_msgs/include/vesc_msgs/msg/detail/vesc_imu_stamped__rosidl_typesupport_introspection_c.h
[46.168s] -- Installing: /home/jetson/slash_ws/install/vesc_msgs/lib/libvesc_msgs__rosidl_typesupport_introspection_c.so
[46.168s] -- Set runtime path of "/home/jetson/slash_ws/install/vesc_msgs/lib/libvesc_msgs__rosidl_typesupport_introspection_c.so" to ""
[46.168s] -- Installing: /home/jetson/slash_ws/install/vesc_msgs/lib/libvesc_msgs__rosidl_typesupport_c.so
[46.168s] -- Set runtime path of "/home/jetson/slash_ws/install/vesc_msgs/lib/libvesc_msgs__rosidl_typesupport_c.so" to ""
[46.168s] -- Up-to-date: /home/jetson/slash_ws/install/vesc_msgs/include/vesc_msgs
[46.168s] -- Up-to-date: /home/jetson/slash_ws/install/vesc_msgs/include/vesc_msgs/msg
[46.168s] -- Installing: /home/jetson/slash_ws/install/vesc_msgs/include/vesc_msgs/msg/vesc_imu_stamped.hpp
[46.169s] -- Installing: /home/jetson/slash_ws/install/vesc_msgs/include/vesc_msgs/msg/rosidl_generator_cpp__visibility_control.hpp
[46.169s] -- Up-to-date: /home/jetson/slash_ws/install/vesc_msgs/include/vesc_msgs/msg/detail
[46.169s] -- Installing: /home/jetson/slash_ws/install/vesc_msgs/include/vesc_msgs/msg/detail/vesc_state_stamped__traits.hpp
[46.169s] -- Installing: /home/jetson/slash_ws/install/vesc_msgs/include/vesc_msgs/msg/detail/vesc_imu_stamped__traits.hpp
[46.169s] -- Installing: /home/jetson/slash_ws/install/vesc_msgs/include/vesc_msgs/msg/detail/vesc_state_stamped__type_support.hpp
[46.169s] -- Installing: /home/jetson/slash_ws/install/vesc_msgs/include/vesc_msgs/msg/detail/vesc_state_stamped__builder.hpp
[46.175s] -- Installing: /home/jetson/slash_ws/install/vesc_msgs/include/vesc_msgs/msg/detail/vesc_state__builder.hpp
[46.176s] -- Installing: /home/jetson/slash_ws/install/vesc_msgs/include/vesc_msgs/msg/detail/vesc_imu__type_support.hpp
[46.176s] -- Installing: /home/jetson/slash_ws/install/vesc_msgs/include/vesc_msgs/msg/detail/vesc_state_stamped__struct.hpp
[46.176s] -- Installing: /home/jetson/slash_ws/install/vesc_msgs/include/vesc_msgs/msg/detail/vesc_imu_stamped__builder.hpp
[46.176s] -- Installing: /home/jetson/slash_ws/install/vesc_msgs/include/vesc_msgs/msg/detail/vesc_state__traits.hpp
[46.176s] -- Installing: /home/jetson/slash_ws/install/vesc_msgs/include/vesc_msgs/msg/detail/vesc_imu__struct.hpp
[46.176s] -- Installing: /home/jetson/slash_ws/install/vesc_msgs/include/vesc_msgs/msg/detail/vesc_imu_stamped__struct.hpp
[46.176s] -- Installing: /home/jetson/slash_ws/install/vesc_msgs/include/vesc_msgs/msg/detail/vesc_state__struct.hpp
[46.176s] -- Installing: /home/jetson/slash_ws/install/vesc_msgs/include/vesc_msgs/msg/detail/vesc_imu__builder.hpp
[46.177s] -- Installing: /home/jetson/slash_ws/install/vesc_msgs/include/vesc_msgs/msg/detail/vesc_state__type_support.hpp
[46.177s] -- Installing: /home/jetson/slash_ws/install/vesc_msgs/include/vesc_msgs/msg/detail/vesc_imu__traits.hpp
[46.177s] -- Installing: /home/jetson/slash_ws/install/vesc_msgs/include/vesc_msgs/msg/detail/vesc_imu_stamped__type_support.hpp
[46.177s] -- Installing: /home/jetson/slash_ws/install/vesc_msgs/include/vesc_msgs/msg/vesc_imu.hpp
[46.177s] -- Installing: /home/jetson/slash_ws/install/vesc_msgs/include/vesc_msgs/msg/vesc_state.hpp
[46.177s] -- Installing: /home/jetson/slash_ws/install/vesc_msgs/include/vesc_msgs/msg/vesc_state_stamped.hpp
[46.177s] -- Up-to-date: /home/jetson/slash_ws/install/vesc_msgs/include/vesc_msgs
[46.177s] -- Up-to-date: /home/jetson/slash_ws/install/vesc_msgs/include/vesc_msgs/msg
[46.177s] -- Up-to-date: /home/jetson/slash_ws/install/vesc_msgs/include/vesc_msgs/msg/detail
[46.178s] -- Installing: /home/jetson/slash_ws/install/vesc_msgs/include/vesc_msgs/msg/detail/vesc_imu__type_support.cpp
[46.178s] -- Installing: /home/jetson/slash_ws/install/vesc_msgs/include/vesc_msgs/msg/detail/vesc_state__type_support.cpp
[46.178s] -- Installing: /home/jetson/slash_ws/install/vesc_msgs/include/vesc_msgs/msg/detail/vesc_imu_stamped__rosidl_typesupport_introspection_cpp.hpp
[46.178s] -- Installing: /home/jetson/slash_ws/install/vesc_msgs/include/vesc_msgs/msg/detail/vesc_state_stamped__type_support.cpp
[46.178s] -- Installing: /home/jetson/slash_ws/install/vesc_msgs/include/vesc_msgs/msg/detail/vesc_imu__rosidl_typesupport_introspection_cpp.hpp
[46.178s] -- Installing: /home/jetson/slash_ws/install/vesc_msgs/include/vesc_msgs/msg/detail/vesc_state__rosidl_typesupport_introspection_cpp.hpp
[46.178s] -- Installing: /home/jetson/slash_ws/install/vesc_msgs/include/vesc_msgs/msg/detail/vesc_state_stamped__rosidl_typesupport_introspection_cpp.hpp
[46.178s] -- Installing: /home/jetson/slash_ws/install/vesc_msgs/include/vesc_msgs/msg/detail/vesc_imu_stamped__type_support.cpp
[46.178s] -- Installing: /home/jetson/slash_ws/install/vesc_msgs/lib/libvesc_msgs__rosidl_typesupport_introspection_cpp.so
[46.179s] -- Set runtime path of "/home/jetson/slash_ws/install/vesc_msgs/lib/libvesc_msgs__rosidl_typesupport_introspection_cpp.so" to ""
[46.179s] -- Installing: /home/jetson/slash_ws/install/vesc_msgs/lib/libvesc_msgs__rosidl_typesupport_cpp.so
[46.179s] -- Set runtime path of "/home/jetson/slash_ws/install/vesc_msgs/lib/libvesc_msgs__rosidl_typesupport_cpp.so" to ""
[46.179s] -- Installing: /home/jetson/slash_ws/install/vesc_msgs/share/vesc_msgs/environment/pythonpath.sh
[46.179s] -- Installing: /home/jetson/slash_ws/install/vesc_msgs/share/vesc_msgs/environment/pythonpath.dsv
[46.179s] -- Installing: /home/jetson/slash_ws/install/vesc_msgs/lib/python3.8/site-packages/vesc_msgs/__init__.py
[46.179s] Compiling '/home/jetson/slash_ws/install/vesc_msgs/lib/python3.8/site-packages/vesc_msgs/__init__.py'...
[46.179s] -- Installing: /home/jetson/slash_ws/install/vesc_msgs/lib/python3.8/site-packages/vesc_msgs/msg
[46.179s] -- Installing: /home/jetson/slash_ws/install/vesc_msgs/lib/python3.8/site-packages/vesc_msgs/msg/_vesc_imu_stamped_s.c
[46.180s] -- Installing: /home/jetson/slash_ws/install/vesc_msgs/lib/python3.8/site-packages/vesc_msgs/msg/_vesc_state.py
[46.180s] -- Installing: /home/jetson/slash_ws/install/vesc_msgs/lib/python3.8/site-packages/vesc_msgs/msg/_vesc_imu_s.c
[46.180s] -- Installing: /home/jetson/slash_ws/install/vesc_msgs/lib/python3.8/site-packages/vesc_msgs/msg/_vesc_imu_stamped.py
[46.186s] -- Installing: /home/jetson/slash_ws/install/vesc_msgs/lib/python3.8/site-packages/vesc_msgs/msg/_vesc_state_stamped.py
[46.186s] -- Installing: /home/jetson/slash_ws/install/vesc_msgs/lib/python3.8/site-packages/vesc_msgs/msg/_vesc_state_s.c
[46.186s] -- Installing: /home/jetson/slash_ws/install/vesc_msgs/lib/python3.8/site-packages/vesc_msgs/msg/_vesc_state_stamped_s.c
[46.186s] -- Installing: /home/jetson/slash_ws/install/vesc_msgs/lib/python3.8/site-packages/vesc_msgs/msg/_vesc_imu.py
[46.186s] -- Installing: /home/jetson/slash_ws/install/vesc_msgs/lib/python3.8/site-packages/vesc_msgs/msg/__init__.py
[46.186s] -- Installing: /home/jetson/slash_ws/install/vesc_msgs/lib/python3.8/site-packages/vesc_msgs/vesc_msgs_s__rosidl_typesupport_fastrtps_c.cpython-38-aarch64-linux-gnu.so
[46.187s] -- Set runtime path of "/home/jetson/slash_ws/install/vesc_msgs/lib/python3.8/site-packages/vesc_msgs/vesc_msgs_s__rosidl_typesupport_fastrtps_c.cpython-38-aarch64-linux-gnu.so" to ""
[46.187s] -- Installing: /home/jetson/slash_ws/install/vesc_msgs/lib/python3.8/site-packages/vesc_msgs/vesc_msgs_s__rosidl_typesupport_introspection_c.cpython-38-aarch64-linux-gnu.so
[46.187s] -- Set runtime path of "/home/jetson/slash_ws/install/vesc_msgs/lib/python3.8/site-packages/vesc_msgs/vesc_msgs_s__rosidl_typesupport_introspection_c.cpython-38-aarch64-linux-gnu.so" to ""
[46.187s] -- Installing: /home/jetson/slash_ws/install/vesc_msgs/lib/python3.8/site-packages/vesc_msgs/vesc_msgs_s__rosidl_typesupport_c.cpython-38-aarch64-linux-gnu.so
[46.187s] -- Set runtime path of "/home/jetson/slash_ws/install/vesc_msgs/lib/python3.8/site-packages/vesc_msgs/vesc_msgs_s__rosidl_typesupport_c.cpython-38-aarch64-linux-gnu.so" to ""
[46.187s] -- Installing: /home/jetson/slash_ws/install/vesc_msgs/lib/libvesc_msgs__python.so
[46.191s] -- Set runtime path of "/home/jetson/slash_ws/install/vesc_msgs/lib/libvesc_msgs__python.so" to ""
[46.192s] -- Installing: /home/jetson/slash_ws/install/vesc_msgs/share/vesc_msgs/msg/VescState.idl
[46.192s] -- Installing: /home/jetson/slash_ws/install/vesc_msgs/share/vesc_msgs/msg/VescStateStamped.idl
[46.192s] -- Installing: /home/jetson/slash_ws/install/vesc_msgs/share/vesc_msgs/msg/VescImu.idl
[46.192s] -- Installing: /home/jetson/slash_ws/install/vesc_msgs/share/vesc_msgs/msg/VescImuStamped.idl
[46.192s] -- Installing: /home/jetson/slash_ws/install/vesc_msgs/share/vesc_msgs/msg/VescState.msg
[46.192s] -- Installing: /home/jetson/slash_ws/install/vesc_msgs/share/vesc_msgs/msg/VescStateStamped.msg
[46.192s] -- Installing: /home/jetson/slash_ws/install/vesc_msgs/share/vesc_msgs/msg/VescImu.msg
[46.192s] -- Installing: /home/jetson/slash_ws/install/vesc_msgs/share/vesc_msgs/msg/VescImuStamped.msg
[46.193s] -- Installing: /home/jetson/slash_ws/install/vesc_msgs/share/ament_index/resource_index/package_run_dependencies/vesc_msgs
[46.193s] -- Installing: /home/jetson/slash_ws/install/vesc_msgs/share/ament_index/resource_index/parent_prefix_path/vesc_msgs
[46.193s] -- Installing: /home/jetson/slash_ws/install/vesc_msgs/share/vesc_msgs/environment/ament_prefix_path.sh
[46.193s] -- Installing: /home/jetson/slash_ws/install/vesc_msgs/share/vesc_msgs/environment/ament_prefix_path.dsv
[46.193s] -- Installing: /home/jetson/slash_ws/install/vesc_msgs/share/vesc_msgs/environment/path.sh
[46.193s] -- Installing: /home/jetson/slash_ws/install/vesc_msgs/share/vesc_msgs/environment/path.dsv
[46.193s] -- Installing: /home/jetson/slash_ws/install/vesc_msgs/share/vesc_msgs/local_setup.bash
[46.193s] -- Installing: /home/jetson/slash_ws/install/vesc_msgs/share/vesc_msgs/local_setup.sh
[46.193s] -- Installing: /home/jetson/slash_ws/install/vesc_msgs/share/vesc_msgs/local_setup.zsh
[46.194s] -- Installing: /home/jetson/slash_ws/install/vesc_msgs/share/vesc_msgs/local_setup.dsv
[46.194s] -- Installing: /home/jetson/slash_ws/install/vesc_msgs/share/vesc_msgs/package.dsv
[46.194s] -- Installing: /home/jetson/slash_ws/install/vesc_msgs/share/ament_index/resource_index/packages/vesc_msgs
[46.194s] -- Installing: /home/jetson/slash_ws/install/vesc_msgs/share/vesc_msgs/cmake/vesc_msgs__rosidl_generator_cExport.cmake
[46.194s] -- Installing: /home/jetson/slash_ws/install/vesc_msgs/share/vesc_msgs/cmake/vesc_msgs__rosidl_generator_cExport-noconfig.cmake
[46.194s] -- Installing: /home/jetson/slash_ws/install/vesc_msgs/share/vesc_msgs/cmake/vesc_msgs__rosidl_typesupport_introspection_cExport.cmake
[46.194s] -- Installing: /home/jetson/slash_ws/install/vesc_msgs/share/vesc_msgs/cmake/vesc_msgs__rosidl_typesupport_introspection_cExport-noconfig.cmake
[46.198s] -- Installing: /home/jetson/slash_ws/install/vesc_msgs/share/vesc_msgs/cmake/vesc_msgs__rosidl_typesupport_cExport.cmake
[46.198s] -- Installing: /home/jetson/slash_ws/install/vesc_msgs/share/vesc_msgs/cmake/vesc_msgs__rosidl_typesupport_cExport-noconfig.cmake
[46.198s] -- Installing: /home/jetson/slash_ws/install/vesc_msgs/share/vesc_msgs/cmake/vesc_msgs__rosidl_generator_cppExport.cmake
[46.198s] -- Installing: /home/jetson/slash_ws/install/vesc_msgs/share/vesc_msgs/cmake/vesc_msgs__rosidl_typesupport_introspection_cppExport.cmake
[46.198s] -- Installing: /home/jetson/slash_ws/install/vesc_msgs/share/vesc_msgs/cmake/vesc_msgs__rosidl_typesupport_introspection_cppExport-noconfig.cmake
[46.199s] -- Installing: /home/jetson/slash_ws/install/vesc_msgs/share/vesc_msgs/cmake/vesc_msgs__rosidl_typesupport_cppExport.cmake
[46.199s] -- Installing: /home/jetson/slash_ws/install/vesc_msgs/share/vesc_msgs/cmake/vesc_msgs__rosidl_typesupport_cppExport-noconfig.cmake
[46.200s] -- Installing: /home/jetson/slash_ws/install/vesc_msgs/share/vesc_msgs/cmake/rosidl_cmake-extras.cmake
[46.204s] -- Installing: /home/jetson/slash_ws/install/vesc_msgs/share/vesc_msgs/cmake/ament_cmake_export_dependencies-extras.cmake
[46.205s] -- Installing: /home/jetson/slash_ws/install/vesc_msgs/share/vesc_msgs/cmake/ament_cmake_export_libraries-extras.cmake
[46.205s] -- Installing: /home/jetson/slash_ws/install/vesc_msgs/share/vesc_msgs/cmake/ament_cmake_export_targets-extras.cmake
[46.205s] -- Installing: /home/jetson/slash_ws/install/vesc_msgs/share/vesc_msgs/cmake/ament_cmake_export_include_directories-extras.cmake
[46.205s] -- Installing: /home/jetson/slash_ws/install/vesc_msgs/share/vesc_msgs/cmake/rosidl_cmake_export_typesupport_libraries-extras.cmake
[46.209s] -- Installing: /home/jetson/slash_ws/install/vesc_msgs/share/vesc_msgs/cmake/rosidl_cmake_export_typesupport_targets-extras.cmake
[46.209s] -- Installing: /home/jetson/slash_ws/install/vesc_msgs/share/vesc_msgs/cmake/vesc_msgsConfig.cmake
[46.209s] -- Installing: /home/jetson/slash_ws/install/vesc_msgs/share/vesc_msgs/cmake/vesc_msgsConfig-version.cmake
[46.210s] -- Installing: /home/jetson/slash_ws/install/vesc_msgs/share/vesc_msgs/package.xml
[46.306s] Invoked command in '/home/jetson/slash_ws/build/vesc_msgs' returned '0': CMAKE_PREFIX_PATH=${CMAKE_PREFIX_PATH}:/home/jetson/slash_ws/install/f1tenth_stack:/home/jetson/slash_ws/install/twist_to_ackermann:/home/jetson/slash_ws/install/joy_teleop:/home/jetson/slash_ws/install/roboracer_china_2025:/home/jetson/slash_ws/install/mouse_teleop:/home/jetson/slash_ws/install/key_teleop:/opt/ros/foxy /usr/bin/cmake --install /home/jetson/slash_ws/build/vesc_msgs
