[4.342s] Invoking command in '/home/jetson/slash_ws/src/slash_navigation/roboracer_china_2025': PYTHONPATH=/home/jetson/slash_ws/build/roboracer_china_2025/prefix_override:/usr/lib/python3/dist-packages/colcon_core/task/python/colcon_distutils_commands:/home/jetson/slash_ws/install/roboracer_china_2025/lib/python3.8/site-packages:${PYTHONPATH} /usr/bin/python3 -W ignore:setup.py install is deprecated -W ignore:easy_install command is deprecated setup.py egg_info --egg-base ../../../build/roboracer_china_2025 build --build-base /home/jetson/slash_ws/build/roboracer_china_2025/build install --record /home/jetson/slash_ws/build/roboracer_china_2025/install.log --install-scripts $base/lib/roboracer_china_2025 --single-version-externally-managed install_data
[5.766s] /home/jetson/.local/lib/python3.8/site-packages/setuptools/dist.py:771: UserWarning: Usage of dash-separated 'script-dir' will not be supported in future versions. Please use the underscore name 'script_dir' instead
[5.766s]   warnings.warn(
[5.996s] running egg_info
[6.020s] writing ../../../build/roboracer_china_2025/roboracer_china_2025.egg-info/PKG-INFO
[6.023s] writing dependency_links to ../../../build/roboracer_china_2025/roboracer_china_2025.egg-info/dependency_links.txt
[6.023s] writing entry points to ../../../build/roboracer_china_2025/roboracer_china_2025.egg-info/entry_points.txt
[6.023s] writing requirements to ../../../build/roboracer_china_2025/roboracer_china_2025.egg-info/requires.txt
[6.023s] writing top-level names to ../../../build/roboracer_china_2025/roboracer_china_2025.egg-info/top_level.txt
[6.076s] reading manifest file '../../../build/roboracer_china_2025/roboracer_china_2025.egg-info/SOURCES.txt'
[6.078s] writing manifest file '../../../build/roboracer_china_2025/roboracer_china_2025.egg-info/SOURCES.txt'
[6.080s] running build
[6.080s] running build_py
[6.080s] copying roboracer_china_2025/battle_fast2_node.py -> /home/jetson/slash_ws/build/roboracer_china_2025/build/lib/roboracer_china_2025
[6.083s] running install
[6.092s] running install_lib
[6.117s] copying /home/jetson/slash_ws/build/roboracer_china_2025/build/lib/roboracer_china_2025/battle_fast2_node.py -> /home/jetson/slash_ws/install/roboracer_china_2025/lib/python3.8/site-packages/roboracer_china_2025
[6.122s] byte-compiling /home/jetson/slash_ws/install/roboracer_china_2025/lib/python3.8/site-packages/roboracer_china_2025/battle_fast2_node.py to battle_fast2_node.cpython-38.pyc
[6.139s] running install_data
[6.140s] running install_egg_info
[6.168s] removing '/home/jetson/slash_ws/install/roboracer_china_2025/lib/python3.8/site-packages/roboracer_china_2025-0.0.1-py3.8.egg-info' (and everything under it)
[6.170s] Copying ../../../build/roboracer_china_2025/roboracer_china_2025.egg-info to /home/jetson/slash_ws/install/roboracer_china_2025/lib/python3.8/site-packages/roboracer_china_2025-0.0.1-py3.8.egg-info
[6.177s] running install_scripts
[6.333s] Installing battle_fast2_node script to /home/jetson/slash_ws/install/roboracer_china_2025/lib/roboracer_china_2025
[6.334s] writing list of installed files to '/home/jetson/slash_ws/build/roboracer_china_2025/install.log'
[6.755s] Invoked command in '/home/jetson/slash_ws/src/slash_navigation/roboracer_china_2025' returned '0': PYTHONPATH=/home/jetson/slash_ws/build/roboracer_china_2025/prefix_override:/usr/lib/python3/dist-packages/colcon_core/task/python/colcon_distutils_commands:/home/jetson/slash_ws/install/roboracer_china_2025/lib/python3.8/site-packages:${PYTHONPATH} /usr/bin/python3 -W ignore:setup.py install is deprecated -W ignore:easy_install command is deprecated setup.py egg_info --egg-base ../../../build/roboracer_china_2025 build --build-base /home/jetson/slash_ws/build/roboracer_china_2025/build install --record /home/jetson/slash_ws/build/roboracer_china_2025/install.log --install-scripts $base/lib/roboracer_china_2025 --single-version-externally-managed install_data
