[1.174s] Invoking command in '/home/jetson/slash_ws/build/teb_msgs': CMAKE_PREFIX_PATH=/home/jetson/slash_ws/install/costmap_converter_msgs:/home/jetson/slash_ws/install/vesc:/home/jetson/slash_ws/install/vesc_driver:/home/jetson/slash_ws/install/vesc_ackermann:/home/jetson/slash_ws/install/vesc_msgs:/home/jetson/slash_ws/install/teleop_tools:/home/jetson/slash_ws/install/teleop_tools_msgs:/home/jetson/slash_ws/install/teb_local_planner:/home/jetson/slash_ws/install/teb_msgs:/home/jetson/slash_ws/install/slash_nav2:/home/jetson/slash_ws/install/simple_mpc:/home/jetson/slash_ws/install/pointcloud_to_laserscan:/home/jetson/slash_ws/install/fast_lio:/home/jetson/slash_ws/install/livox_ros_driver2:/home/jetson/slash_ws/install/linefit_ground_segmentation_ros:/home/jetson/slash_ws/install/linefit_ground_segmentation:/home/jetson/slash_ws/install/costmap_converter:/home/jetson/slash_ws/install/ackermann_mux:/home/jetson/slash_ws/install/f1tenth_stack:/home/jetson/slash_ws/install/twist_to_ackermann:/home/jetson/slash_ws/install/joy_teleop:/home/jetson/slash_ws/install/roboracer_china_2025:/home/jetson/slash_ws/install/mouse_teleop:/home/jetson/slash_ws/install/key_teleop:/opt/ros/foxy LD_LIBRARY_PATH=/home/jetson/slash_ws/install/costmap_converter_msgs/lib:/usr/local/cuda/lib64:/usr/local/cuda/lib64:/usr/local/cuda/lib64:/usr/local/cuda/lib64:/usr/local/cuda-11.4/lib64:/usr/local/cuda/lib64:/usr/local/cuda/lib64:/usr/local/cuda/lib64:/usr/local/cuda/lib64:/home/jetson/slash_ws/install/vesc_driver/lib:/home/jetson/slash_ws/install/vesc_ackermann/lib:/home/jetson/slash_ws/install/vesc_msgs/lib:/home/jetson/slash_ws/install/teleop_tools_msgs/lib:/home/jetson/slash_ws/install/teb_local_planner/lib:/home/jetson/slash_ws/install/teb_msgs/lib:/home/jetson/slash_ws/install/pointcloud_to_laserscan/lib:/home/jetson/slash_ws/install/fast_lio/lib:/home/jetson/slash_ws/install/livox_ros_driver2/lib:/home/jetson/slash_ws/install/linefit_ground_segmentation/lib:/home/jetson/slash_ws/install/costmap_converter/lib:/usr/lib/aarch64-linux-gnu/gazebo-11/plugins:/opt/ros/foxy/opt/yaml_cpp_vendor/lib:/opt/ros/foxy/opt/rviz_ogre_vendor/lib:/opt/ros/foxy/lib/aarch64-linux-gnu:/opt/ros/foxy/lib:/usr/local/cuda-11.4/lib64 PYTHONPATH=/home/jetson/slash_ws/install/costmap_converter_msgs/lib/python3.8/site-packages:/home/jetson/slash_ws/install/f1tenth_stack/lib/python3.8/site-packages:/home/jetson/slash_ws/install/vesc_msgs/lib/python3.8/site-packages:/home/jetson/slash_ws/install/twist_to_ackermann/lib/python3.8/site-packages:/home/jetson/slash_ws/install/joy_teleop/lib/python3.8/site-packages:/home/jetson/slash_ws/install/teleop_tools_msgs/lib/python3.8/site-packages:/home/jetson/slash_ws/install/teb_msgs/lib/python3.8/site-packages:/home/jetson/slash_ws/install/roboracer_china_2025/lib/python3.8/site-packages:/home/jetson/slash_ws/install/mouse_teleop/lib/python3.8/site-packages:/home/jetson/slash_ws/install/fast_lio/lib/python3.8/site-packages:/home/jetson/slash_ws/install/livox_ros_driver2/lib/python3.8/site-packages:/home/jetson/slash_ws/install/key_teleop/lib/python3.8/site-packages:/opt/ros/foxy/lib/python3.8/site-packages /usr/bin/cmake --build /home/jetson/slash_ws/build/teb_msgs -- -j8 -l8
[1.330s] [  2%] Built target teb_msgs__cpp
[1.365s] [ 12%] Built target teb_msgs__rosidl_generator_c
[1.436s] [ 23%] Built target teb_msgs__rosidl_typesupport_introspection_cpp
[1.457s] [ 34%] Built target teb_msgs__rosidl_typesupport_cpp
[1.490s] [ 44%] Built target teb_msgs__rosidl_typesupport_introspection_c
[1.496s] [ 55%] Built target teb_msgs__rosidl_typesupport_fastrtps_cpp
[1.547s] [ 65%] Built target teb_msgs__rosidl_typesupport_c
[1.576s] [ 76%] Built target teb_msgs__rosidl_typesupport_fastrtps_c
[1.658s] [ 76%] Built target teb_msgs
[1.805s] [ 78%] Built target teb_msgs__py
[1.950s] [ 87%] Built target teb_msgs__python
[2.086s] [ 95%] Built target teb_msgs__rosidl_typesupport_introspection_c__pyext
[2.087s] [ 95%] Built target teb_msgs__rosidl_typesupport_c__pyext
[2.099s] [100%] Built target teb_msgs__rosidl_typesupport_fastrtps_c__pyext
[2.852s] Invoked command in '/home/jetson/slash_ws/build/teb_msgs' returned '0': CMAKE_PREFIX_PATH=/home/jetson/slash_ws/install/costmap_converter_msgs:/home/jetson/slash_ws/install/vesc:/home/jetson/slash_ws/install/vesc_driver:/home/jetson/slash_ws/install/vesc_ackermann:/home/jetson/slash_ws/install/vesc_msgs:/home/jetson/slash_ws/install/teleop_tools:/home/jetson/slash_ws/install/teleop_tools_msgs:/home/jetson/slash_ws/install/teb_local_planner:/home/jetson/slash_ws/install/teb_msgs:/home/jetson/slash_ws/install/slash_nav2:/home/jetson/slash_ws/install/simple_mpc:/home/jetson/slash_ws/install/pointcloud_to_laserscan:/home/jetson/slash_ws/install/fast_lio:/home/jetson/slash_ws/install/livox_ros_driver2:/home/jetson/slash_ws/install/linefit_ground_segmentation_ros:/home/jetson/slash_ws/install/linefit_ground_segmentation:/home/jetson/slash_ws/install/costmap_converter:/home/jetson/slash_ws/install/ackermann_mux:/home/jetson/slash_ws/install/f1tenth_stack:/home/jetson/slash_ws/install/twist_to_ackermann:/home/jetson/slash_ws/install/joy_teleop:/home/jetson/slash_ws/install/roboracer_china_2025:/home/jetson/slash_ws/install/mouse_teleop:/home/jetson/slash_ws/install/key_teleop:/opt/ros/foxy LD_LIBRARY_PATH=/home/jetson/slash_ws/install/costmap_converter_msgs/lib:/usr/local/cuda/lib64:/usr/local/cuda/lib64:/usr/local/cuda/lib64:/usr/local/cuda/lib64:/usr/local/cuda-11.4/lib64:/usr/local/cuda/lib64:/usr/local/cuda/lib64:/usr/local/cuda/lib64:/usr/local/cuda/lib64:/home/jetson/slash_ws/install/vesc_driver/lib:/home/jetson/slash_ws/install/vesc_ackermann/lib:/home/jetson/slash_ws/install/vesc_msgs/lib:/home/jetson/slash_ws/install/teleop_tools_msgs/lib:/home/jetson/slash_ws/install/teb_local_planner/lib:/home/jetson/slash_ws/install/teb_msgs/lib:/home/jetson/slash_ws/install/pointcloud_to_laserscan/lib:/home/jetson/slash_ws/install/fast_lio/lib:/home/jetson/slash_ws/install/livox_ros_driver2/lib:/home/jetson/slash_ws/install/linefit_ground_segmentation/lib:/home/jetson/slash_ws/install/costmap_converter/lib:/usr/lib/aarch64-linux-gnu/gazebo-11/plugins:/opt/ros/foxy/opt/yaml_cpp_vendor/lib:/opt/ros/foxy/opt/rviz_ogre_vendor/lib:/opt/ros/foxy/lib/aarch64-linux-gnu:/opt/ros/foxy/lib:/usr/local/cuda-11.4/lib64 PYTHONPATH=/home/jetson/slash_ws/install/costmap_converter_msgs/lib/python3.8/site-packages:/home/jetson/slash_ws/install/f1tenth_stack/lib/python3.8/site-packages:/home/jetson/slash_ws/install/vesc_msgs/lib/python3.8/site-packages:/home/jetson/slash_ws/install/twist_to_ackermann/lib/python3.8/site-packages:/home/jetson/slash_ws/install/joy_teleop/lib/python3.8/site-packages:/home/jetson/slash_ws/install/teleop_tools_msgs/lib/python3.8/site-packages:/home/jetson/slash_ws/install/teb_msgs/lib/python3.8/site-packages:/home/jetson/slash_ws/install/roboracer_china_2025/lib/python3.8/site-packages:/home/jetson/slash_ws/install/mouse_teleop/lib/python3.8/site-packages:/home/jetson/slash_ws/install/fast_lio/lib/python3.8/site-packages:/home/jetson/slash_ws/install/livox_ros_driver2/lib/python3.8/site-packages:/home/jetson/slash_ws/install/key_teleop/lib/python3.8/site-packages:/opt/ros/foxy/lib/python3.8/site-packages /usr/bin/cmake --build /home/jetson/slash_ws/build/teb_msgs -- -j8 -l8
[2.855s] Invoking command in '/home/jetson/slash_ws/build/teb_msgs': CMAKE_PREFIX_PATH=/home/jetson/slash_ws/install/costmap_converter_msgs:/home/jetson/slash_ws/install/vesc:/home/jetson/slash_ws/install/vesc_driver:/home/jetson/slash_ws/install/vesc_ackermann:/home/jetson/slash_ws/install/vesc_msgs:/home/jetson/slash_ws/install/teleop_tools:/home/jetson/slash_ws/install/teleop_tools_msgs:/home/jetson/slash_ws/install/teb_local_planner:/home/jetson/slash_ws/install/teb_msgs:/home/jetson/slash_ws/install/slash_nav2:/home/jetson/slash_ws/install/simple_mpc:/home/jetson/slash_ws/install/pointcloud_to_laserscan:/home/jetson/slash_ws/install/fast_lio:/home/jetson/slash_ws/install/livox_ros_driver2:/home/jetson/slash_ws/install/linefit_ground_segmentation_ros:/home/jetson/slash_ws/install/linefit_ground_segmentation:/home/jetson/slash_ws/install/costmap_converter:/home/jetson/slash_ws/install/ackermann_mux:/home/jetson/slash_ws/install/f1tenth_stack:/home/jetson/slash_ws/install/twist_to_ackermann:/home/jetson/slash_ws/install/joy_teleop:/home/jetson/slash_ws/install/roboracer_china_2025:/home/jetson/slash_ws/install/mouse_teleop:/home/jetson/slash_ws/install/key_teleop:/opt/ros/foxy LD_LIBRARY_PATH=/home/jetson/slash_ws/install/costmap_converter_msgs/lib:/usr/local/cuda/lib64:/usr/local/cuda/lib64:/usr/local/cuda/lib64:/usr/local/cuda/lib64:/usr/local/cuda-11.4/lib64:/usr/local/cuda/lib64:/usr/local/cuda/lib64:/usr/local/cuda/lib64:/usr/local/cuda/lib64:/home/jetson/slash_ws/install/vesc_driver/lib:/home/jetson/slash_ws/install/vesc_ackermann/lib:/home/jetson/slash_ws/install/vesc_msgs/lib:/home/jetson/slash_ws/install/teleop_tools_msgs/lib:/home/jetson/slash_ws/install/teb_local_planner/lib:/home/jetson/slash_ws/install/teb_msgs/lib:/home/jetson/slash_ws/install/pointcloud_to_laserscan/lib:/home/jetson/slash_ws/install/fast_lio/lib:/home/jetson/slash_ws/install/livox_ros_driver2/lib:/home/jetson/slash_ws/install/linefit_ground_segmentation/lib:/home/jetson/slash_ws/install/costmap_converter/lib:/usr/lib/aarch64-linux-gnu/gazebo-11/plugins:/opt/ros/foxy/opt/yaml_cpp_vendor/lib:/opt/ros/foxy/opt/rviz_ogre_vendor/lib:/opt/ros/foxy/lib/aarch64-linux-gnu:/opt/ros/foxy/lib:/usr/local/cuda-11.4/lib64 PYTHONPATH=/home/jetson/slash_ws/install/costmap_converter_msgs/lib/python3.8/site-packages:/home/jetson/slash_ws/install/f1tenth_stack/lib/python3.8/site-packages:/home/jetson/slash_ws/install/vesc_msgs/lib/python3.8/site-packages:/home/jetson/slash_ws/install/twist_to_ackermann/lib/python3.8/site-packages:/home/jetson/slash_ws/install/joy_teleop/lib/python3.8/site-packages:/home/jetson/slash_ws/install/teleop_tools_msgs/lib/python3.8/site-packages:/home/jetson/slash_ws/install/teb_msgs/lib/python3.8/site-packages:/home/jetson/slash_ws/install/roboracer_china_2025/lib/python3.8/site-packages:/home/jetson/slash_ws/install/mouse_teleop/lib/python3.8/site-packages:/home/jetson/slash_ws/install/fast_lio/lib/python3.8/site-packages:/home/jetson/slash_ws/install/livox_ros_driver2/lib/python3.8/site-packages:/home/jetson/slash_ws/install/key_teleop/lib/python3.8/site-packages:/opt/ros/foxy/lib/python3.8/site-packages /usr/bin/cmake --install /home/jetson/slash_ws/build/teb_msgs
[2.951s] -- Install configuration: ""
[2.951s] -- Up-to-date: /home/jetson/slash_ws/install/teb_msgs/share/ament_index/resource_index/rosidl_interfaces/teb_msgs
[2.951s] -- Up-to-date: /home/jetson/slash_ws/install/teb_msgs/include/teb_msgs
[2.951s] -- Up-to-date: /home/jetson/slash_ws/install/teb_msgs/include/teb_msgs/msg
[2.951s] -- Up-to-date: /home/jetson/slash_ws/install/teb_msgs/include/teb_msgs/msg/feedback_msg.h
[2.951s] -- Up-to-date: /home/jetson/slash_ws/install/teb_msgs/include/teb_msgs/msg/trajectory_point_msg.h
[2.952s] -- Up-to-date: /home/jetson/slash_ws/install/teb_msgs/include/teb_msgs/msg/trajectory_msg.h
[2.952s] -- Up-to-date: /home/jetson/slash_ws/install/teb_msgs/include/teb_msgs/msg/detail
[2.952s] -- Up-to-date: /home/jetson/slash_ws/install/teb_msgs/include/teb_msgs/msg/detail/feedback_msg__functions.c
[2.952s] -- Up-to-date: /home/jetson/slash_ws/install/teb_msgs/include/teb_msgs/msg/detail/trajectory_point_msg__functions.h
[2.952s] -- Up-to-date: /home/jetson/slash_ws/install/teb_msgs/include/teb_msgs/msg/detail/trajectory_point_msg__struct.h
[2.952s] -- Up-to-date: /home/jetson/slash_ws/install/teb_msgs/include/teb_msgs/msg/detail/feedback_msg__type_support.h
[2.952s] -- Up-to-date: /home/jetson/slash_ws/install/teb_msgs/include/teb_msgs/msg/detail/trajectory_point_msg__functions.c
[2.952s] -- Up-to-date: /home/jetson/slash_ws/install/teb_msgs/include/teb_msgs/msg/detail/feedback_msg__functions.h
[2.952s] -- Up-to-date: /home/jetson/slash_ws/install/teb_msgs/include/teb_msgs/msg/detail/trajectory_msg__type_support.h
[2.953s] -- Up-to-date: /home/jetson/slash_ws/install/teb_msgs/include/teb_msgs/msg/detail/trajectory_msg__struct.h
[2.953s] -- Up-to-date: /home/jetson/slash_ws/install/teb_msgs/include/teb_msgs/msg/detail/feedback_msg__struct.h
[2.953s] -- Up-to-date: /home/jetson/slash_ws/install/teb_msgs/include/teb_msgs/msg/detail/trajectory_msg__functions.c
[2.957s] -- Up-to-date: /home/jetson/slash_ws/install/teb_msgs/include/teb_msgs/msg/detail/trajectory_msg__functions.h
[2.960s] -- Up-to-date: /home/jetson/slash_ws/install/teb_msgs/include/teb_msgs/msg/detail/trajectory_point_msg__type_support.h
[2.961s] -- Up-to-date: /home/jetson/slash_ws/install/teb_msgs/include/teb_msgs/msg/rosidl_generator_c__visibility_control.h
[2.961s] -- Up-to-date: /home/jetson/slash_ws/install/teb_msgs/share/teb_msgs/environment/library_path.sh
[2.961s] -- Up-to-date: /home/jetson/slash_ws/install/teb_msgs/share/teb_msgs/environment/library_path.dsv
[2.961s] -- Up-to-date: /home/jetson/slash_ws/install/teb_msgs/lib/libteb_msgs__rosidl_generator_c.so
[2.961s] -- Up-to-date: /home/jetson/slash_ws/install/teb_msgs/include/teb_msgs
[2.962s] -- Up-to-date: /home/jetson/slash_ws/install/teb_msgs/include/teb_msgs/msg
[2.962s] -- Up-to-date: /home/jetson/slash_ws/install/teb_msgs/include/teb_msgs/msg/detail
[2.962s] -- Up-to-date: /home/jetson/slash_ws/install/teb_msgs/include/teb_msgs/msg/detail/feedback_msg__rosidl_typesupport_fastrtps_c.h
[2.962s] -- Up-to-date: /home/jetson/slash_ws/install/teb_msgs/include/teb_msgs/msg/detail/trajectory_point_msg__rosidl_typesupport_fastrtps_c.h
[2.962s] -- Up-to-date: /home/jetson/slash_ws/install/teb_msgs/include/teb_msgs/msg/detail/trajectory_msg__rosidl_typesupport_fastrtps_c.h
[2.963s] -- Up-to-date: /home/jetson/slash_ws/install/teb_msgs/include/teb_msgs/msg/rosidl_typesupport_fastrtps_c__visibility_control.h
[2.963s] -- Up-to-date: /home/jetson/slash_ws/install/teb_msgs/lib/libteb_msgs__rosidl_typesupport_fastrtps_c.so
[2.963s] -- Up-to-date: /home/jetson/slash_ws/install/teb_msgs/include/teb_msgs
[2.963s] -- Up-to-date: /home/jetson/slash_ws/install/teb_msgs/include/teb_msgs/msg
[2.963s] -- Up-to-date: /home/jetson/slash_ws/install/teb_msgs/include/teb_msgs/msg/rosidl_typesupport_fastrtps_cpp__visibility_control.h
[2.963s] -- Up-to-date: /home/jetson/slash_ws/install/teb_msgs/include/teb_msgs/msg/detail
[2.963s] -- Up-to-date: /home/jetson/slash_ws/install/teb_msgs/include/teb_msgs/msg/detail/trajectory_point_msg__rosidl_typesupport_fastrtps_cpp.hpp
[2.963s] -- Up-to-date: /home/jetson/slash_ws/install/teb_msgs/include/teb_msgs/msg/detail/feedback_msg__rosidl_typesupport_fastrtps_cpp.hpp
[2.964s] -- Up-to-date: /home/jetson/slash_ws/install/teb_msgs/include/teb_msgs/msg/detail/dds_fastrtps
[2.964s] -- Up-to-date: /home/jetson/slash_ws/install/teb_msgs/include/teb_msgs/msg/detail/trajectory_msg__rosidl_typesupport_fastrtps_cpp.hpp
[2.964s] -- Up-to-date: /home/jetson/slash_ws/install/teb_msgs/lib/libteb_msgs__rosidl_typesupport_fastrtps_cpp.so
[2.965s] -- Up-to-date: /home/jetson/slash_ws/install/teb_msgs/include/teb_msgs
[2.965s] -- Up-to-date: /home/jetson/slash_ws/install/teb_msgs/include/teb_msgs/msg
[2.965s] -- Up-to-date: /home/jetson/slash_ws/install/teb_msgs/include/teb_msgs/msg/rosidl_typesupport_introspection_c__visibility_control.h
[2.965s] -- Up-to-date: /home/jetson/slash_ws/install/teb_msgs/include/teb_msgs/msg/detail
[2.965s] -- Up-to-date: /home/jetson/slash_ws/install/teb_msgs/include/teb_msgs/msg/detail/feedback_msg__type_support.c
[2.965s] -- Up-to-date: /home/jetson/slash_ws/install/teb_msgs/include/teb_msgs/msg/detail/trajectory_msg__type_support.c
[2.972s] -- Up-to-date: /home/jetson/slash_ws/install/teb_msgs/include/teb_msgs/msg/detail/feedback_msg__rosidl_typesupport_introspection_c.h
[2.973s] -- Up-to-date: /home/jetson/slash_ws/install/teb_msgs/include/teb_msgs/msg/detail/trajectory_point_msg__rosidl_typesupport_introspection_c.h
[2.973s] -- Up-to-date: /home/jetson/slash_ws/install/teb_msgs/include/teb_msgs/msg/detail/trajectory_point_msg__type_support.c
[2.973s] -- Up-to-date: /home/jetson/slash_ws/install/teb_msgs/include/teb_msgs/msg/detail/trajectory_msg__rosidl_typesupport_introspection_c.h
[2.973s] -- Up-to-date: /home/jetson/slash_ws/install/teb_msgs/lib/libteb_msgs__rosidl_typesupport_introspection_c.so
[2.973s] -- Up-to-date: /home/jetson/slash_ws/install/teb_msgs/lib/libteb_msgs__rosidl_typesupport_c.so
[2.973s] -- Up-to-date: /home/jetson/slash_ws/install/teb_msgs/include/teb_msgs
[2.973s] -- Up-to-date: /home/jetson/slash_ws/install/teb_msgs/include/teb_msgs/msg
[2.974s] -- Up-to-date: /home/jetson/slash_ws/install/teb_msgs/include/teb_msgs/msg/rosidl_generator_cpp__visibility_control.hpp
[2.974s] -- Up-to-date: /home/jetson/slash_ws/install/teb_msgs/include/teb_msgs/msg/detail
[2.974s] -- Up-to-date: /home/jetson/slash_ws/install/teb_msgs/include/teb_msgs/msg/detail/feedback_msg__struct.hpp
[2.974s] -- Up-to-date: /home/jetson/slash_ws/install/teb_msgs/include/teb_msgs/msg/detail/feedback_msg__builder.hpp
[2.974s] -- Up-to-date: /home/jetson/slash_ws/install/teb_msgs/include/teb_msgs/msg/detail/trajectory_point_msg__traits.hpp
[2.974s] -- Up-to-date: /home/jetson/slash_ws/install/teb_msgs/include/teb_msgs/msg/detail/trajectory_point_msg__struct.hpp
[2.974s] -- Up-to-date: /home/jetson/slash_ws/install/teb_msgs/include/teb_msgs/msg/detail/trajectory_point_msg__type_support.hpp
[2.974s] -- Up-to-date: /home/jetson/slash_ws/install/teb_msgs/include/teb_msgs/msg/detail/feedback_msg__type_support.hpp
[2.974s] -- Up-to-date: /home/jetson/slash_ws/install/teb_msgs/include/teb_msgs/msg/detail/trajectory_msg__builder.hpp
[2.975s] -- Up-to-date: /home/jetson/slash_ws/install/teb_msgs/include/teb_msgs/msg/detail/trajectory_msg__traits.hpp
[2.975s] -- Up-to-date: /home/jetson/slash_ws/install/teb_msgs/include/teb_msgs/msg/detail/trajectory_msg__struct.hpp
[2.975s] -- Up-to-date: /home/jetson/slash_ws/install/teb_msgs/include/teb_msgs/msg/detail/trajectory_point_msg__builder.hpp
[2.975s] -- Up-to-date: /home/jetson/slash_ws/install/teb_msgs/include/teb_msgs/msg/detail/feedback_msg__traits.hpp
[2.975s] -- Up-to-date: /home/jetson/slash_ws/install/teb_msgs/include/teb_msgs/msg/detail/trajectory_msg__type_support.hpp
[2.975s] -- Up-to-date: /home/jetson/slash_ws/install/teb_msgs/include/teb_msgs/msg/feedback_msg.hpp
[2.975s] -- Up-to-date: /home/jetson/slash_ws/install/teb_msgs/include/teb_msgs/msg/trajectory_point_msg.hpp
[2.975s] -- Up-to-date: /home/jetson/slash_ws/install/teb_msgs/include/teb_msgs/msg/trajectory_msg.hpp
[2.975s] -- Up-to-date: /home/jetson/slash_ws/install/teb_msgs/include/teb_msgs
[2.976s] -- Up-to-date: /home/jetson/slash_ws/install/teb_msgs/include/teb_msgs/msg
[2.976s] -- Up-to-date: /home/jetson/slash_ws/install/teb_msgs/include/teb_msgs/msg/detail
[2.976s] -- Up-to-date: /home/jetson/slash_ws/install/teb_msgs/include/teb_msgs/msg/detail/trajectory_msg__rosidl_typesupport_introspection_cpp.hpp
[2.976s] -- Up-to-date: /home/jetson/slash_ws/install/teb_msgs/include/teb_msgs/msg/detail/trajectory_point_msg__type_support.cpp
[2.976s] -- Up-to-date: /home/jetson/slash_ws/install/teb_msgs/include/teb_msgs/msg/detail/feedback_msg__type_support.cpp
[2.976s] -- Up-to-date: /home/jetson/slash_ws/install/teb_msgs/include/teb_msgs/msg/detail/trajectory_point_msg__rosidl_typesupport_introspection_cpp.hpp
[2.976s] -- Up-to-date: /home/jetson/slash_ws/install/teb_msgs/include/teb_msgs/msg/detail/feedback_msg__rosidl_typesupport_introspection_cpp.hpp
[2.976s] -- Up-to-date: /home/jetson/slash_ws/install/teb_msgs/include/teb_msgs/msg/detail/trajectory_msg__type_support.cpp
[2.976s] -- Up-to-date: /home/jetson/slash_ws/install/teb_msgs/lib/libteb_msgs__rosidl_typesupport_introspection_cpp.so
[2.977s] -- Up-to-date: /home/jetson/slash_ws/install/teb_msgs/lib/libteb_msgs__rosidl_typesupport_cpp.so
[2.977s] -- Up-to-date: /home/jetson/slash_ws/install/teb_msgs/share/teb_msgs/environment/pythonpath.sh
[2.977s] -- Up-to-date: /home/jetson/slash_ws/install/teb_msgs/share/teb_msgs/environment/pythonpath.dsv
[2.977s] -- Up-to-date: /home/jetson/slash_ws/install/teb_msgs/lib/python3.8/site-packages/teb_msgs/__init__.py
[3.112s] -- Up-to-date: /home/jetson/slash_ws/install/teb_msgs/lib/python3.8/site-packages/teb_msgs/msg
[3.112s] -- Up-to-date: /home/jetson/slash_ws/install/teb_msgs/lib/python3.8/site-packages/teb_msgs/msg/_trajectory_msg.py
[3.112s] -- Up-to-date: /home/jetson/slash_ws/install/teb_msgs/lib/python3.8/site-packages/teb_msgs/msg/_feedback_msg.py
[3.112s] -- Up-to-date: /home/jetson/slash_ws/install/teb_msgs/lib/python3.8/site-packages/teb_msgs/msg/_trajectory_point_msg.py
[3.112s] -- Up-to-date: /home/jetson/slash_ws/install/teb_msgs/lib/python3.8/site-packages/teb_msgs/msg/_feedback_msg_s.c
[3.113s] -- Up-to-date: /home/jetson/slash_ws/install/teb_msgs/lib/python3.8/site-packages/teb_msgs/msg/_trajectory_point_msg_s.c
[3.113s] -- Up-to-date: /home/jetson/slash_ws/install/teb_msgs/lib/python3.8/site-packages/teb_msgs/msg/__init__.py
[3.113s] -- Up-to-date: /home/jetson/slash_ws/install/teb_msgs/lib/python3.8/site-packages/teb_msgs/msg/_trajectory_msg_s.c
[3.113s] -- Up-to-date: /home/jetson/slash_ws/install/teb_msgs/lib/python3.8/site-packages/teb_msgs/teb_msgs_s__rosidl_typesupport_fastrtps_c.cpython-38-aarch64-linux-gnu.so
[3.113s] -- Up-to-date: /home/jetson/slash_ws/install/teb_msgs/lib/python3.8/site-packages/teb_msgs/teb_msgs_s__rosidl_typesupport_introspection_c.cpython-38-aarch64-linux-gnu.so
[3.119s] -- Up-to-date: /home/jetson/slash_ws/install/teb_msgs/lib/python3.8/site-packages/teb_msgs/teb_msgs_s__rosidl_typesupport_c.cpython-38-aarch64-linux-gnu.so
[3.126s] -- Up-to-date: /home/jetson/slash_ws/install/teb_msgs/lib/libteb_msgs__python.so
[3.127s] -- Up-to-date: /home/jetson/slash_ws/install/teb_msgs/share/teb_msgs/msg/FeedbackMsg.idl
[3.127s] -- Up-to-date: /home/jetson/slash_ws/install/teb_msgs/share/teb_msgs/msg/TrajectoryMsg.idl
[3.127s] -- Up-to-date: /home/jetson/slash_ws/install/teb_msgs/share/teb_msgs/msg/TrajectoryPointMsg.idl
[3.127s] -- Up-to-date: /home/jetson/slash_ws/install/teb_msgs/share/teb_msgs/msg/FeedbackMsg.msg
[3.127s] -- Up-to-date: /home/jetson/slash_ws/install/teb_msgs/share/teb_msgs/msg/TrajectoryMsg.msg
[3.127s] -- Up-to-date: /home/jetson/slash_ws/install/teb_msgs/share/teb_msgs/msg/TrajectoryPointMsg.msg
[3.127s] -- Up-to-date: /home/jetson/slash_ws/install/teb_msgs/share/ament_index/resource_index/package_run_dependencies/teb_msgs
[3.128s] -- Up-to-date: /home/jetson/slash_ws/install/teb_msgs/share/ament_index/resource_index/parent_prefix_path/teb_msgs
[3.128s] -- Up-to-date: /home/jetson/slash_ws/install/teb_msgs/share/teb_msgs/environment/ament_prefix_path.sh
[3.128s] -- Up-to-date: /home/jetson/slash_ws/install/teb_msgs/share/teb_msgs/environment/ament_prefix_path.dsv
[3.128s] -- Up-to-date: /home/jetson/slash_ws/install/teb_msgs/share/teb_msgs/environment/path.sh
[3.128s] -- Up-to-date: /home/jetson/slash_ws/install/teb_msgs/share/teb_msgs/environment/path.dsv
[3.128s] -- Up-to-date: /home/jetson/slash_ws/install/teb_msgs/share/teb_msgs/local_setup.bash
[3.128s] -- Up-to-date: /home/jetson/slash_ws/install/teb_msgs/share/teb_msgs/local_setup.sh
[3.128s] -- Up-to-date: /home/jetson/slash_ws/install/teb_msgs/share/teb_msgs/local_setup.zsh
[3.128s] -- Up-to-date: /home/jetson/slash_ws/install/teb_msgs/share/teb_msgs/local_setup.dsv
[3.129s] -- Installing: /home/jetson/slash_ws/install/teb_msgs/share/teb_msgs/package.dsv
[3.129s] -- Up-to-date: /home/jetson/slash_ws/install/teb_msgs/share/ament_index/resource_index/packages/teb_msgs
[3.129s] -- Up-to-date: /home/jetson/slash_ws/install/teb_msgs/share/teb_msgs/cmake/teb_msgs__rosidl_generator_cExport.cmake
[3.129s] -- Up-to-date: /home/jetson/slash_ws/install/teb_msgs/share/teb_msgs/cmake/teb_msgs__rosidl_generator_cExport-noconfig.cmake
[3.129s] -- Up-to-date: /home/jetson/slash_ws/install/teb_msgs/share/teb_msgs/cmake/teb_msgs__rosidl_typesupport_introspection_cExport.cmake
[3.129s] -- Up-to-date: /home/jetson/slash_ws/install/teb_msgs/share/teb_msgs/cmake/teb_msgs__rosidl_typesupport_introspection_cExport-noconfig.cmake
[3.129s] -- Up-to-date: /home/jetson/slash_ws/install/teb_msgs/share/teb_msgs/cmake/teb_msgs__rosidl_typesupport_cExport.cmake
[3.129s] -- Up-to-date: /home/jetson/slash_ws/install/teb_msgs/share/teb_msgs/cmake/teb_msgs__rosidl_typesupport_cExport-noconfig.cmake
[3.129s] -- Up-to-date: /home/jetson/slash_ws/install/teb_msgs/share/teb_msgs/cmake/teb_msgs__rosidl_generator_cppExport.cmake
[3.130s] -- Up-to-date: /home/jetson/slash_ws/install/teb_msgs/share/teb_msgs/cmake/teb_msgs__rosidl_typesupport_introspection_cppExport.cmake
[3.130s] -- Up-to-date: /home/jetson/slash_ws/install/teb_msgs/share/teb_msgs/cmake/teb_msgs__rosidl_typesupport_introspection_cppExport-noconfig.cmake
[3.130s] -- Up-to-date: /home/jetson/slash_ws/install/teb_msgs/share/teb_msgs/cmake/teb_msgs__rosidl_typesupport_cppExport.cmake
[3.130s] -- Up-to-date: /home/jetson/slash_ws/install/teb_msgs/share/teb_msgs/cmake/teb_msgs__rosidl_typesupport_cppExport-noconfig.cmake
[3.130s] -- Up-to-date: /home/jetson/slash_ws/install/teb_msgs/share/teb_msgs/cmake/rosidl_cmake-extras.cmake
[3.130s] -- Up-to-date: /home/jetson/slash_ws/install/teb_msgs/share/teb_msgs/cmake/ament_cmake_export_dependencies-extras.cmake
[3.130s] -- Up-to-date: /home/jetson/slash_ws/install/teb_msgs/share/teb_msgs/cmake/ament_cmake_export_libraries-extras.cmake
[3.130s] -- Up-to-date: /home/jetson/slash_ws/install/teb_msgs/share/teb_msgs/cmake/ament_cmake_export_targets-extras.cmake
[3.141s] -- Up-to-date: /home/jetson/slash_ws/install/teb_msgs/share/teb_msgs/cmake/ament_cmake_export_include_directories-extras.cmake
[3.141s] -- Up-to-date: /home/jetson/slash_ws/install/teb_msgs/share/teb_msgs/cmake/rosidl_cmake_export_typesupport_libraries-extras.cmake
[3.141s] -- Up-to-date: /home/jetson/slash_ws/install/teb_msgs/share/teb_msgs/cmake/rosidl_cmake_export_typesupport_targets-extras.cmake
[3.142s] -- Up-to-date: /home/jetson/slash_ws/install/teb_msgs/share/teb_msgs/cmake/teb_msgsConfig.cmake
[3.142s] -- Up-to-date: /home/jetson/slash_ws/install/teb_msgs/share/teb_msgs/cmake/teb_msgsConfig-version.cmake
[3.142s] -- Up-to-date: /home/jetson/slash_ws/install/teb_msgs/share/teb_msgs/package.xml
[4.109s] Invoked command in '/home/jetson/slash_ws/build/teb_msgs' returned '0': CMAKE_PREFIX_PATH=/home/jetson/slash_ws/install/costmap_converter_msgs:/home/jetson/slash_ws/install/vesc:/home/jetson/slash_ws/install/vesc_driver:/home/jetson/slash_ws/install/vesc_ackermann:/home/jetson/slash_ws/install/vesc_msgs:/home/jetson/slash_ws/install/teleop_tools:/home/jetson/slash_ws/install/teleop_tools_msgs:/home/jetson/slash_ws/install/teb_local_planner:/home/jetson/slash_ws/install/teb_msgs:/home/jetson/slash_ws/install/slash_nav2:/home/jetson/slash_ws/install/simple_mpc:/home/jetson/slash_ws/install/pointcloud_to_laserscan:/home/jetson/slash_ws/install/fast_lio:/home/jetson/slash_ws/install/livox_ros_driver2:/home/jetson/slash_ws/install/linefit_ground_segmentation_ros:/home/jetson/slash_ws/install/linefit_ground_segmentation:/home/jetson/slash_ws/install/costmap_converter:/home/jetson/slash_ws/install/ackermann_mux:/home/jetson/slash_ws/install/f1tenth_stack:/home/jetson/slash_ws/install/twist_to_ackermann:/home/jetson/slash_ws/install/joy_teleop:/home/jetson/slash_ws/install/roboracer_china_2025:/home/jetson/slash_ws/install/mouse_teleop:/home/jetson/slash_ws/install/key_teleop:/opt/ros/foxy LD_LIBRARY_PATH=/home/jetson/slash_ws/install/costmap_converter_msgs/lib:/usr/local/cuda/lib64:/usr/local/cuda/lib64:/usr/local/cuda/lib64:/usr/local/cuda/lib64:/usr/local/cuda-11.4/lib64:/usr/local/cuda/lib64:/usr/local/cuda/lib64:/usr/local/cuda/lib64:/usr/local/cuda/lib64:/home/jetson/slash_ws/install/vesc_driver/lib:/home/jetson/slash_ws/install/vesc_ackermann/lib:/home/jetson/slash_ws/install/vesc_msgs/lib:/home/jetson/slash_ws/install/teleop_tools_msgs/lib:/home/jetson/slash_ws/install/teb_local_planner/lib:/home/jetson/slash_ws/install/teb_msgs/lib:/home/jetson/slash_ws/install/pointcloud_to_laserscan/lib:/home/jetson/slash_ws/install/fast_lio/lib:/home/jetson/slash_ws/install/livox_ros_driver2/lib:/home/jetson/slash_ws/install/linefit_ground_segmentation/lib:/home/jetson/slash_ws/install/costmap_converter/lib:/usr/lib/aarch64-linux-gnu/gazebo-11/plugins:/opt/ros/foxy/opt/yaml_cpp_vendor/lib:/opt/ros/foxy/opt/rviz_ogre_vendor/lib:/opt/ros/foxy/lib/aarch64-linux-gnu:/opt/ros/foxy/lib:/usr/local/cuda-11.4/lib64 PYTHONPATH=/home/jetson/slash_ws/install/costmap_converter_msgs/lib/python3.8/site-packages:/home/jetson/slash_ws/install/f1tenth_stack/lib/python3.8/site-packages:/home/jetson/slash_ws/install/vesc_msgs/lib/python3.8/site-packages:/home/jetson/slash_ws/install/twist_to_ackermann/lib/python3.8/site-packages:/home/jetson/slash_ws/install/joy_teleop/lib/python3.8/site-packages:/home/jetson/slash_ws/install/teleop_tools_msgs/lib/python3.8/site-packages:/home/jetson/slash_ws/install/teb_msgs/lib/python3.8/site-packages:/home/jetson/slash_ws/install/roboracer_china_2025/lib/python3.8/site-packages:/home/jetson/slash_ws/install/mouse_teleop/lib/python3.8/site-packages:/home/jetson/slash_ws/install/fast_lio/lib/python3.8/site-packages:/home/jetson/slash_ws/install/livox_ros_driver2/lib/python3.8/site-packages:/home/jetson/slash_ws/install/key_teleop/lib/python3.8/site-packages:/opt/ros/foxy/lib/python3.8/site-packages /usr/bin/cmake --install /home/jetson/slash_ws/build/teb_msgs
