Performing C SOURCE FILE Test CMAKE_HAVE_LIBC_PTHREAD failed with the following output:
Change Dir: /home/jetson/slash_ws/build/livox_ros_driver2/CMakeFiles/CMakeTmp

Run Build Command(s):/usr/bin/make cmTC_f3810/fast && /usr/bin/make -f CMakeFiles/cmTC_f3810.dir/build.make CMakeFiles/cmTC_f3810.dir/build
make[1]: 进入目录“/home/jetson/slash_ws/build/livox_ros_driver2/CMakeFiles/CMakeTmp”
Building C object CMakeFiles/cmTC_f3810.dir/src.c.o
/usr/bin/cc   -DCMAKE_HAVE_LIBC_PTHREAD   -std=gnu99 -o CMakeFiles/cmTC_f3810.dir/src.c.o   -c /home/jetson/slash_ws/build/livox_ros_driver2/CMakeFiles/CMakeTmp/src.c
Linking C executable cmTC_f3810
/usr/bin/cmake -E cmake_link_script CMakeFiles/cmTC_f3810.dir/link.txt --verbose=1
/usr/bin/cc  -DCMAKE_HAVE_LIBC_PTHREAD    CMakeFiles/cmTC_f3810.dir/src.c.o  -o cmTC_f3810 
/usr/bin/ld: CMakeFiles/cmTC_f3810.dir/src.c.o: in function `main':
src.c:(.text+0x48): undefined reference to `pthread_create'
/usr/bin/ld: src.c:(.text+0x50): undefined reference to `pthread_detach'
/usr/bin/ld: src.c:(.text+0x5c): undefined reference to `pthread_join'
collect2: error: ld returned 1 exit status
make[1]: *** [CMakeFiles/cmTC_f3810.dir/build.make:87：cmTC_f3810] 错误 1
make[1]: 离开目录“/home/jetson/slash_ws/build/livox_ros_driver2/CMakeFiles/CMakeTmp”
make: *** [Makefile:121：cmTC_f3810/fast] 错误 2


Source file was:
#include <pthread.h>

void* test_func(void* data)
{
  return data;
}

int main(void)
{
  pthread_t thread;
  pthread_create(&thread, NULL, test_func, NULL);
  pthread_detach(thread);
  pthread_join(thread, NULL);
  pthread_atfork(NULL, NULL, NULL);
  pthread_exit(NULL);

  return 0;
}

Determining if the function pthread_create exists in the pthreads failed with the following output:
Change Dir: /home/jetson/slash_ws/build/livox_ros_driver2/CMakeFiles/CMakeTmp

Run Build Command(s):/usr/bin/make cmTC_0e9e8/fast && /usr/bin/make -f CMakeFiles/cmTC_0e9e8.dir/build.make CMakeFiles/cmTC_0e9e8.dir/build
make[1]: 进入目录“/home/jetson/slash_ws/build/livox_ros_driver2/CMakeFiles/CMakeTmp”
Building C object CMakeFiles/cmTC_0e9e8.dir/CheckFunctionExists.c.o
/usr/bin/cc   -DCHECK_FUNCTION_EXISTS=pthread_create   -std=gnu99 -o CMakeFiles/cmTC_0e9e8.dir/CheckFunctionExists.c.o   -c /usr/share/cmake-3.16/Modules/CheckFunctionExists.c
Linking C executable cmTC_0e9e8
/usr/bin/cmake -E cmake_link_script CMakeFiles/cmTC_0e9e8.dir/link.txt --verbose=1
/usr/bin/cc  -DCHECK_FUNCTION_EXISTS=pthread_create    CMakeFiles/cmTC_0e9e8.dir/CheckFunctionExists.c.o  -o cmTC_0e9e8  -lpthreads 
/usr/bin/ld: 找不到 -lpthreads
collect2: error: ld returned 1 exit status
make[1]: *** [CMakeFiles/cmTC_0e9e8.dir/build.make:87：cmTC_0e9e8] 错误 1
make[1]: 离开目录“/home/jetson/slash_ws/build/livox_ros_driver2/CMakeFiles/CMakeTmp”
make: *** [Makefile:121：cmTC_0e9e8/fast] 错误 2



