[0.299s] Invoking command in '/home/jetson/slash_ws/build/slash_nav2': CMAKE_PREFIX_PATH=${CMAKE_PREFIX_PATH}:/home/jetson/slash_ws/install/f1tenth_stack:/home/jetson/slash_ws/install/twist_to_ackermann:/home/jetson/slash_ws/install/joy_teleop:/home/jetson/slash_ws/install/roboracer_china_2025:/home/jetson/slash_ws/install/mouse_teleop:/home/jetson/slash_ws/install/key_teleop:/opt/ros/foxy /usr/bin/cmake --build /home/jetson/slash_ws/build/slash_nav2 -- -j8 -l8
[1.310s] Invoked command in '/home/jetson/slash_ws/build/slash_nav2' returned '0': CMAKE_PREFIX_PATH=${CMAKE_PREFIX_PATH}:/home/jetson/slash_ws/install/f1tenth_stack:/home/jetson/slash_ws/install/twist_to_ackermann:/home/jetson/slash_ws/install/joy_teleop:/home/jetson/slash_ws/install/roboracer_china_2025:/home/jetson/slash_ws/install/mouse_teleop:/home/jetson/slash_ws/install/key_teleop:/opt/ros/foxy /usr/bin/cmake --build /home/jetson/slash_ws/build/slash_nav2 -- -j8 -l8
[1.313s] Invoking command in '/home/jetson/slash_ws/build/slash_nav2': CMAKE_PREFIX_PATH=${CMAKE_PREFIX_PATH}:/home/jetson/slash_ws/install/f1tenth_stack:/home/jetson/slash_ws/install/twist_to_ackermann:/home/jetson/slash_ws/install/joy_teleop:/home/jetson/slash_ws/install/roboracer_china_2025:/home/jetson/slash_ws/install/mouse_teleop:/home/jetson/slash_ws/install/key_teleop:/opt/ros/foxy /usr/bin/cmake --install /home/jetson/slash_ws/build/slash_nav2
[1.356s] -- Install configuration: ""
[1.356s] -- Up-to-date: /home/jetson/slash_ws/install/slash_nav2/share/slash_nav2/launch
[1.357s] -- Up-to-date: /home/jetson/slash_ws/install/slash_nav2/share/slash_nav2/launch/bringup_real.launch.py
[1.357s] -- Up-to-date: /home/jetson/slash_ws/install/slash_nav2/share/slash_nav2/config
[1.357s] -- Up-to-date: /home/jetson/slash_ws/install/slash_nav2/share/slash_nav2/config/nav2_params.yaml
[1.357s] -- Up-to-date: /home/jetson/slash_ws/install/slash_nav2/share/slash_nav2/map
[1.357s] -- Up-to-date: /home/jetson/slash_ws/install/slash_nav2/share/slash_nav2/map/RMUC.posegraph
[1.357s] -- Up-to-date: /home/jetson/slash_ws/install/slash_nav2/share/slash_nav2/map/RMUL.yaml
[1.359s] -- Up-to-date: /home/jetson/slash_ws/install/slash_nav2/share/slash_nav2/map/RMUC.pgm
[1.360s] -- Up-to-date: /home/jetson/slash_ws/install/slash_nav2/share/slash_nav2/map/RMUL.pgm
[1.360s] -- Up-to-date: /home/jetson/slash_ws/install/slash_nav2/share/slash_nav2/map/RMUC.data
[1.360s] -- Up-to-date: /home/jetson/slash_ws/install/slash_nav2/share/slash_nav2/map/RMUL.data
[1.360s] -- Up-to-date: /home/jetson/slash_ws/install/slash_nav2/share/slash_nav2/map/RMUL.posegraph
[1.360s] -- Up-to-date: /home/jetson/slash_ws/install/slash_nav2/share/slash_nav2/map/RMUC.yaml
[1.360s] -- Up-to-date: /home/jetson/slash_ws/install/slash_nav2/share/slash_nav2/PCD
[1.360s] -- Up-to-date: /home/jetson/slash_ws/install/slash_nav2/share/slash_nav2/PCD/RMUL.pcd
[1.360s] -- Up-to-date: /home/jetson/slash_ws/install/slash_nav2/share/slash_nav2/PCD/RMUC.pcd
[1.360s] -- Up-to-date: /home/jetson/slash_ws/install/slash_nav2/share/slash_nav2/rviz
[1.361s] -- Up-to-date: /home/jetson/slash_ws/install/slash_nav2/share/slash_nav2/rviz/pointlio.rviz
[1.361s] -- Up-to-date: /home/jetson/slash_ws/install/slash_nav2/share/slash_nav2/rviz/fastlio.rviz
[1.361s] -- Up-to-date: /home/jetson/slash_ws/install/slash_nav2/share/slash_nav2/rviz/nav2.rviz
[1.361s] -- Up-to-date: /home/jetson/slash_ws/install/slash_nav2/share/slash_nav2/urdf
[1.361s] -- Up-to-date: /home/jetson/slash_ws/install/slash_nav2/share/slash_nav2/urdf/sentry_robot_sim.xacro
[1.361s] -- Up-to-date: /home/jetson/slash_ws/install/slash_nav2/share/slash_nav2/urdf/sentry_robot_real.xacro
[1.361s] -- Up-to-date: /home/jetson/slash_ws/install/slash_nav2/share/ament_index/resource_index/package_run_dependencies/slash_nav2
[1.361s] -- Up-to-date: /home/jetson/slash_ws/install/slash_nav2/share/ament_index/resource_index/parent_prefix_path/slash_nav2
[1.361s] -- Up-to-date: /home/jetson/slash_ws/install/slash_nav2/share/slash_nav2/environment/ament_prefix_path.sh
[1.362s] -- Up-to-date: /home/jetson/slash_ws/install/slash_nav2/share/slash_nav2/environment/ament_prefix_path.dsv
[1.362s] -- Up-to-date: /home/jetson/slash_ws/install/slash_nav2/share/slash_nav2/environment/path.sh
[1.362s] -- Up-to-date: /home/jetson/slash_ws/install/slash_nav2/share/slash_nav2/environment/path.dsv
[1.362s] -- Up-to-date: /home/jetson/slash_ws/install/slash_nav2/share/slash_nav2/local_setup.bash
[1.362s] -- Up-to-date: /home/jetson/slash_ws/install/slash_nav2/share/slash_nav2/local_setup.sh
[1.362s] -- Up-to-date: /home/jetson/slash_ws/install/slash_nav2/share/slash_nav2/local_setup.zsh
[1.362s] -- Up-to-date: /home/jetson/slash_ws/install/slash_nav2/share/slash_nav2/local_setup.dsv
[1.362s] -- Installing: /home/jetson/slash_ws/install/slash_nav2/share/slash_nav2/package.dsv
[1.362s] -- Up-to-date: /home/jetson/slash_ws/install/slash_nav2/share/ament_index/resource_index/packages/slash_nav2
[1.362s] -- Up-to-date: /home/jetson/slash_ws/install/slash_nav2/share/slash_nav2/cmake/slash_nav2Config.cmake
[1.363s] -- Up-to-date: /home/jetson/slash_ws/install/slash_nav2/share/slash_nav2/cmake/slash_nav2Config-version.cmake
[1.363s] -- Up-to-date: /home/jetson/slash_ws/install/slash_nav2/share/slash_nav2/package.xml
[1.608s] Invoked command in '/home/jetson/slash_ws/build/slash_nav2' returned '0': CMAKE_PREFIX_PATH=${CMAKE_PREFIX_PATH}:/home/jetson/slash_ws/install/f1tenth_stack:/home/jetson/slash_ws/install/twist_to_ackermann:/home/jetson/slash_ws/install/joy_teleop:/home/jetson/slash_ws/install/roboracer_china_2025:/home/jetson/slash_ws/install/mouse_teleop:/home/jetson/slash_ws/install/key_teleop:/opt/ros/foxy /usr/bin/cmake --install /home/jetson/slash_ws/build/slash_nav2
