[3.998s] Invoking command in '/home/jetson/slash_ws/src/slash_hardware/f1tenth_system/teleop_tools/joy_teleop': CMAKE_PREFIX_PATH=/home/jetson/slash_ws/install/teleop_tools_msgs:/home/jetson/slash_ws/install/vesc:/home/jetson/slash_ws/install/vesc_driver:/home/jetson/slash_ws/install/vesc_ackermann:/home/jetson/slash_ws/install/vesc_msgs:/home/jetson/slash_ws/install/teleop_tools:/home/jetson/slash_ws/install/teb_local_planner:/home/jetson/slash_ws/install/teb_msgs:/home/jetson/slash_ws/install/slash_nav2:/home/jetson/slash_ws/install/simple_mpc:/home/jetson/slash_ws/install/pointcloud_to_laserscan:/home/jetson/slash_ws/install/fast_lio:/home/jetson/slash_ws/install/livox_ros_driver2:/home/jetson/slash_ws/install/linefit_ground_segmentation_ros:/home/jetson/slash_ws/install/linefit_ground_segmentation:/home/jetson/slash_ws/install/costmap_converter:/home/jetson/slash_ws/install/costmap_converter_msgs:/home/jetson/slash_ws/install/ackermann_mux LD_LIBRARY_PATH=/home/jetson/slash_ws/install/teleop_tools_msgs/lib:/usr/local/cuda/lib64:/usr/local/cuda/lib64:/usr/local/cuda/lib64:/usr/local/cuda/lib64:/usr/local/cuda-11.4/lib64:/usr/local/cuda/lib64:/usr/local/cuda/lib64:/usr/local/cuda/lib64:/usr/local/cuda/lib64:/home/jetson/slash_ws/install/vesc_driver/lib:/home/jetson/slash_ws/install/vesc_ackermann/lib:/home/jetson/slash_ws/install/vesc_msgs/lib:/home/jetson/slash_ws/install/teb_local_planner/lib:/home/jetson/slash_ws/install/teb_msgs/lib:/home/jetson/slash_ws/install/pointcloud_to_laserscan/lib:/home/jetson/slash_ws/install/fast_lio/lib:/home/jetson/slash_ws/install/livox_ros_driver2/lib:/home/jetson/slash_ws/install/linefit_ground_segmentation/lib:/home/jetson/slash_ws/install/costmap_converter/lib:/home/jetson/slash_ws/install/costmap_converter_msgs/lib:/usr/lib/aarch64-linux-gnu/gazebo-11/plugins:/opt/ros/foxy/opt/yaml_cpp_vendor/lib:/opt/ros/foxy/opt/rviz_ogre_vendor/lib:/opt/ros/foxy/lib/aarch64-linux-gnu:/opt/ros/foxy/lib:/usr/local/cuda-11.4/lib64 PYTHONPATH=/home/jetson/slash_ws/build/joy_teleop/prefix_override:/usr/lib/python3/dist-packages/colcon_core/task/python/colcon_distutils_commands:/home/jetson/slash_ws/install/joy_teleop/lib/python3.8/site-packages:/home/jetson/slash_ws/install/teleop_tools_msgs/lib/python3.8/site-packages:/home/jetson/slash_ws/install/f1tenth_stack/lib/python3.8/site-packages:/home/jetson/slash_ws/install/vesc_msgs/lib/python3.8/site-packages:/home/jetson/slash_ws/install/twist_to_ackermann/lib/python3.8/site-packages:/home/jetson/slash_ws/install/joy_teleop/lib/python3.8/site-packages:/home/jetson/slash_ws/install/teb_msgs/lib/python3.8/site-packages:/home/jetson/slash_ws/install/roboracer_china_2025/lib/python3.8/site-packages:/home/jetson/slash_ws/install/mouse_teleop/lib/python3.8/site-packages:/home/jetson/slash_ws/install/fast_lio/lib/python3.8/site-packages:/home/jetson/slash_ws/install/livox_ros_driver2/lib/python3.8/site-packages:/home/jetson/slash_ws/install/key_teleop/lib/python3.8/site-packages:/home/jetson/slash_ws/install/costmap_converter_msgs/lib/python3.8/site-packages:/opt/ros/foxy/lib/python3.8/site-packages /usr/bin/python3 -W ignore:setup.py install is deprecated -W ignore:easy_install command is deprecated setup.py egg_info --egg-base ../../../../../build/joy_teleop build --build-base /home/jetson/slash_ws/build/joy_teleop/build install --record /home/jetson/slash_ws/build/joy_teleop/install.log --single-version-externally-managed install_data
[8.060s] running egg_info
[8.061s] creating ../../../../../build/joy_teleop/joy_teleop.egg-info
[8.062s] writing ../../../../../build/joy_teleop/joy_teleop.egg-info/PKG-INFO
[8.063s] writing dependency_links to ../../../../../build/joy_teleop/joy_teleop.egg-info/dependency_links.txt
[8.063s] writing entry points to ../../../../../build/joy_teleop/joy_teleop.egg-info/entry_points.txt
[8.063s] writing requirements to ../../../../../build/joy_teleop/joy_teleop.egg-info/requires.txt
[8.063s] writing top-level names to ../../../../../build/joy_teleop/joy_teleop.egg-info/top_level.txt
[8.063s] writing manifest file '../../../../../build/joy_teleop/joy_teleop.egg-info/SOURCES.txt'
[8.063s] reading manifest file '../../../../../build/joy_teleop/joy_teleop.egg-info/SOURCES.txt'
[8.063s] writing manifest file '../../../../../build/joy_teleop/joy_teleop.egg-info/SOURCES.txt'
[8.064s] running build
[8.064s] running build_py
[8.064s] creating /home/jetson/slash_ws/build/joy_teleop/build
[8.064s] creating /home/jetson/slash_ws/build/joy_teleop/build/lib
[8.064s] creating /home/jetson/slash_ws/build/joy_teleop/build/lib/joy_teleop
[8.064s] copying joy_teleop/joy_teleop.py -> /home/jetson/slash_ws/build/joy_teleop/build/lib/joy_teleop
[8.064s] copying joy_teleop/incrementer_server.py -> /home/jetson/slash_ws/build/joy_teleop/build/lib/joy_teleop
[8.064s] copying joy_teleop/__init__.py -> /home/jetson/slash_ws/build/joy_teleop/build/lib/joy_teleop
[8.064s] running install
[8.065s] running install_lib
[8.065s] creating /home/jetson/slash_ws/install/joy_teleop/lib/python3.8/site-packages/joy_teleop
[8.065s] copying /home/jetson/slash_ws/build/joy_teleop/build/lib/joy_teleop/joy_teleop.py -> /home/jetson/slash_ws/install/joy_teleop/lib/python3.8/site-packages/joy_teleop
[8.065s] copying /home/jetson/slash_ws/build/joy_teleop/build/lib/joy_teleop/incrementer_server.py -> /home/jetson/slash_ws/install/joy_teleop/lib/python3.8/site-packages/joy_teleop
[8.065s] copying /home/jetson/slash_ws/build/joy_teleop/build/lib/joy_teleop/__init__.py -> /home/jetson/slash_ws/install/joy_teleop/lib/python3.8/site-packages/joy_teleop
[8.065s] byte-compiling /home/jetson/slash_ws/install/joy_teleop/lib/python3.8/site-packages/joy_teleop/joy_teleop.py to joy_teleop.cpython-38.pyc
[8.065s] byte-compiling /home/jetson/slash_ws/install/joy_teleop/lib/python3.8/site-packages/joy_teleop/incrementer_server.py to incrementer_server.cpython-38.pyc
[8.065s] byte-compiling /home/jetson/slash_ws/install/joy_teleop/lib/python3.8/site-packages/joy_teleop/__init__.py to __init__.cpython-38.pyc
[8.066s] running install_data
[8.066s] copying package.xml -> /home/jetson/slash_ws/install/joy_teleop/share/joy_teleop
[8.066s] creating /home/jetson/slash_ws/install/joy_teleop/share/joy_teleop/config
[8.066s] copying config/joy_teleop_example.yaml -> /home/jetson/slash_ws/install/joy_teleop/share/joy_teleop/config
[8.066s] creating /home/jetson/slash_ws/install/joy_teleop/share/joy_teleop/launch
[8.066s] copying launch/example.launch.py -> /home/jetson/slash_ws/install/joy_teleop/share/joy_teleop/launch
[8.066s] creating /home/jetson/slash_ws/install/joy_teleop/share/ament_index
[8.067s] creating /home/jetson/slash_ws/install/joy_teleop/share/ament_index/resource_index
[8.067s] creating /home/jetson/slash_ws/install/joy_teleop/share/ament_index/resource_index/packages
[8.067s] copying resource/joy_teleop -> /home/jetson/slash_ws/install/joy_teleop/share/ament_index/resource_index/packages
[8.067s] running install_egg_info
[8.067s] Copying ../../../../../build/joy_teleop/joy_teleop.egg-info to /home/jetson/slash_ws/install/joy_teleop/lib/python3.8/site-packages/joy_teleop-0.3.0-py3.8.egg-info
[8.067s] running install_scripts
[8.067s] Installing incrementer_server script to /home/jetson/slash_ws/install/joy_teleop/lib/joy_teleop
[8.067s] Installing joy_teleop script to /home/jetson/slash_ws/install/joy_teleop/lib/joy_teleop
[8.067s] writing list of installed files to '/home/jetson/slash_ws/build/joy_teleop/install.log'
[8.143s] Invoked command in '/home/jetson/slash_ws/src/slash_hardware/f1tenth_system/teleop_tools/joy_teleop' returned '0': CMAKE_PREFIX_PATH=/home/jetson/slash_ws/install/teleop_tools_msgs:/home/jetson/slash_ws/install/vesc:/home/jetson/slash_ws/install/vesc_driver:/home/jetson/slash_ws/install/vesc_ackermann:/home/jetson/slash_ws/install/vesc_msgs:/home/jetson/slash_ws/install/teleop_tools:/home/jetson/slash_ws/install/teb_local_planner:/home/jetson/slash_ws/install/teb_msgs:/home/jetson/slash_ws/install/slash_nav2:/home/jetson/slash_ws/install/simple_mpc:/home/jetson/slash_ws/install/pointcloud_to_laserscan:/home/jetson/slash_ws/install/fast_lio:/home/jetson/slash_ws/install/livox_ros_driver2:/home/jetson/slash_ws/install/linefit_ground_segmentation_ros:/home/jetson/slash_ws/install/linefit_ground_segmentation:/home/jetson/slash_ws/install/costmap_converter:/home/jetson/slash_ws/install/costmap_converter_msgs:/home/jetson/slash_ws/install/ackermann_mux LD_LIBRARY_PATH=/home/jetson/slash_ws/install/teleop_tools_msgs/lib:/usr/local/cuda/lib64:/usr/local/cuda/lib64:/usr/local/cuda/lib64:/usr/local/cuda/lib64:/usr/local/cuda-11.4/lib64:/usr/local/cuda/lib64:/usr/local/cuda/lib64:/usr/local/cuda/lib64:/usr/local/cuda/lib64:/home/jetson/slash_ws/install/vesc_driver/lib:/home/jetson/slash_ws/install/vesc_ackermann/lib:/home/jetson/slash_ws/install/vesc_msgs/lib:/home/jetson/slash_ws/install/teb_local_planner/lib:/home/jetson/slash_ws/install/teb_msgs/lib:/home/jetson/slash_ws/install/pointcloud_to_laserscan/lib:/home/jetson/slash_ws/install/fast_lio/lib:/home/jetson/slash_ws/install/livox_ros_driver2/lib:/home/jetson/slash_ws/install/linefit_ground_segmentation/lib:/home/jetson/slash_ws/install/costmap_converter/lib:/home/jetson/slash_ws/install/costmap_converter_msgs/lib:/usr/lib/aarch64-linux-gnu/gazebo-11/plugins:/opt/ros/foxy/opt/yaml_cpp_vendor/lib:/opt/ros/foxy/opt/rviz_ogre_vendor/lib:/opt/ros/foxy/lib/aarch64-linux-gnu:/opt/ros/foxy/lib:/usr/local/cuda-11.4/lib64 PYTHONPATH=/home/jetson/slash_ws/build/joy_teleop/prefix_override:/usr/lib/python3/dist-packages/colcon_core/task/python/colcon_distutils_commands:/home/jetson/slash_ws/install/joy_teleop/lib/python3.8/site-packages:/home/jetson/slash_ws/install/teleop_tools_msgs/lib/python3.8/site-packages:/home/jetson/slash_ws/install/f1tenth_stack/lib/python3.8/site-packages:/home/jetson/slash_ws/install/vesc_msgs/lib/python3.8/site-packages:/home/jetson/slash_ws/install/twist_to_ackermann/lib/python3.8/site-packages:/home/jetson/slash_ws/install/joy_teleop/lib/python3.8/site-packages:/home/jetson/slash_ws/install/teb_msgs/lib/python3.8/site-packages:/home/jetson/slash_ws/install/roboracer_china_2025/lib/python3.8/site-packages:/home/jetson/slash_ws/install/mouse_teleop/lib/python3.8/site-packages:/home/jetson/slash_ws/install/fast_lio/lib/python3.8/site-packages:/home/jetson/slash_ws/install/livox_ros_driver2/lib/python3.8/site-packages:/home/jetson/slash_ws/install/key_teleop/lib/python3.8/site-packages:/home/jetson/slash_ws/install/costmap_converter_msgs/lib/python3.8/site-packages:/opt/ros/foxy/lib/python3.8/site-packages /usr/bin/python3 -W ignore:setup.py install is deprecated -W ignore:easy_install command is deprecated setup.py egg_info --egg-base ../../../../../build/joy_teleop build --build-base /home/jetson/slash_ws/build/joy_teleop/build install --record /home/jetson/slash_ws/build/joy_teleop/install.log --single-version-externally-managed install_data
