[4.968s] Invoking command in '/home/jetson/slash_ws/src/slash_hardware/f1tenth_system/teleop_tools/mouse_teleop': PYTHONPATH=/home/jetson/slash_ws/build/mouse_teleop/prefix_override:/usr/lib/python3/dist-packages/colcon_core/task/python/colcon_distutils_commands:/home/jetson/slash_ws/install/mouse_teleop/lib/python3.8/site-packages:${PYTHONPATH} /usr/bin/python3 -W ignore:setup.py install is deprecated -W ignore:easy_install command is deprecated setup.py egg_info --egg-base ../../../../../build/mouse_teleop build --build-base /home/jetson/slash_ws/build/mouse_teleop/build install --record /home/jetson/slash_ws/build/mouse_teleop/install.log --single-version-externally-managed install_data
[6.562s] running egg_info
[6.633s] writing ../../../../../build/mouse_teleop/mouse_teleop.egg-info/PKG-INFO
[6.634s] writing dependency_links to ../../../../../build/mouse_teleop/mouse_teleop.egg-info/dependency_links.txt
[6.634s] writing entry points to ../../../../../build/mouse_teleop/mouse_teleop.egg-info/entry_points.txt
[6.634s] writing requirements to ../../../../../build/mouse_teleop/mouse_teleop.egg-info/requires.txt
[6.635s] writing top-level names to ../../../../../build/mouse_teleop/mouse_teleop.egg-info/top_level.txt
[6.707s] reading manifest file '../../../../../build/mouse_teleop/mouse_teleop.egg-info/SOURCES.txt'
[6.708s] adding license file 'LICENSE'
[6.708s] writing manifest file '../../../../../build/mouse_teleop/mouse_teleop.egg-info/SOURCES.txt'
[6.708s] running build
[6.708s] running build_py
[6.712s] running install
[6.737s] running install_lib
[6.782s] running install_data
[6.782s] running install_egg_info
[6.831s] removing '/home/jetson/slash_ws/install/mouse_teleop/lib/python3.8/site-packages/mouse_teleop-0.3.0-py3.8.egg-info' (and everything under it)
[6.832s] Copying ../../../../../build/mouse_teleop/mouse_teleop.egg-info to /home/jetson/slash_ws/install/mouse_teleop/lib/python3.8/site-packages/mouse_teleop-0.3.0-py3.8.egg-info
[6.843s] running install_scripts
[7.102s] Installing mouse_teleop script to /home/jetson/slash_ws/install/mouse_teleop/lib/mouse_teleop
[7.103s] writing list of installed files to '/home/jetson/slash_ws/build/mouse_teleop/install.log'
[7.951s] Invoked command in '/home/jetson/slash_ws/src/slash_hardware/f1tenth_system/teleop_tools/mouse_teleop' returned '0': PYTHONPATH=/home/jetson/slash_ws/build/mouse_teleop/prefix_override:/usr/lib/python3/dist-packages/colcon_core/task/python/colcon_distutils_commands:/home/jetson/slash_ws/install/mouse_teleop/lib/python3.8/site-packages:${PYTHONPATH} /usr/bin/python3 -W ignore:setup.py install is deprecated -W ignore:easy_install command is deprecated setup.py egg_info --egg-base ../../../../../build/mouse_teleop build --build-base /home/jetson/slash_ws/build/mouse_teleop/build install --record /home/jetson/slash_ws/build/mouse_teleop/install.log --single-version-externally-managed install_data
