[7.742s] Invoking command in '/home/jetson/slash_ws/src/slash_navigation/roboracer_china_2025': PYTHONPATH=/home/jetson/slash_ws/build/roboracer_china_2025/prefix_override:/usr/lib/python3/dist-packages/colcon_core/task/python/colcon_distutils_commands:/home/jetson/slash_ws/install/roboracer_china_2025/lib/python3.8/site-packages:${PYTHONPATH} /usr/bin/python3 -W ignore:setup.py install is deprecated -W ignore:easy_install command is deprecated setup.py egg_info --egg-base ../../../build/roboracer_china_2025 build --build-base /home/jetson/slash_ws/build/roboracer_china_2025/build install --record /home/jetson/slash_ws/build/roboracer_china_2025/install.log --install-scripts $base/lib/roboracer_china_2025 --single-version-externally-managed install_data
[15.622s] running egg_info
[15.623s] creating ../../../build/roboracer_china_2025/roboracer_china_2025.egg-info
[15.624s] writing ../../../build/roboracer_china_2025/roboracer_china_2025.egg-info/PKG-INFO
[15.624s] writing dependency_links to ../../../build/roboracer_china_2025/roboracer_china_2025.egg-info/dependency_links.txt
[15.624s] writing entry points to ../../../build/roboracer_china_2025/roboracer_china_2025.egg-info/entry_points.txt
[15.624s] writing requirements to ../../../build/roboracer_china_2025/roboracer_china_2025.egg-info/requires.txt
[15.624s] writing top-level names to ../../../build/roboracer_china_2025/roboracer_china_2025.egg-info/top_level.txt
[15.624s] writing manifest file '../../../build/roboracer_china_2025/roboracer_china_2025.egg-info/SOURCES.txt'
[15.624s] reading manifest file '../../../build/roboracer_china_2025/roboracer_china_2025.egg-info/SOURCES.txt'
[15.624s] writing manifest file '../../../build/roboracer_china_2025/roboracer_china_2025.egg-info/SOURCES.txt'
[15.625s] running build
[15.625s] running build_py
[15.625s] creating /home/jetson/slash_ws/build/roboracer_china_2025/build
[15.625s] creating /home/jetson/slash_ws/build/roboracer_china_2025/build/lib
[15.625s] creating /home/jetson/slash_ws/build/roboracer_china_2025/build/lib/roboracer_china_2025
[15.625s] copying roboracer_china_2025/battle_fast2_node.py -> /home/jetson/slash_ws/build/roboracer_china_2025/build/lib/roboracer_china_2025
[15.625s] copying roboracer_china_2025/battle_fast2_node（另一个复件）.py -> /home/jetson/slash_ws/build/roboracer_china_2025/build/lib/roboracer_china_2025
[15.626s] copying roboracer_china_2025/battle_node_new.py -> /home/jetson/slash_ws/build/roboracer_china_2025/build/lib/roboracer_china_2025
[15.626s] copying roboracer_china_2025/battle_fast2_node（复件）.py -> /home/jetson/slash_ws/build/roboracer_china_2025/build/lib/roboracer_china_2025
[15.626s] copying roboracer_china_2025/AliLQRrosbag_offline_plots.py -> /home/jetson/slash_ws/build/roboracer_china_2025/build/lib/roboracer_china_2025
[15.626s] copying roboracer_china_2025/__init__.py -> /home/jetson/slash_ws/build/roboracer_china_2025/build/lib/roboracer_china_2025
[15.626s] copying roboracer_china_2025/battle_node.py -> /home/jetson/slash_ws/build/roboracer_china_2025/build/lib/roboracer_china_2025
[15.626s] running install
[15.626s] running install_lib
[15.626s] creating /home/jetson/slash_ws/install/roboracer_china_2025/lib/python3.8/site-packages/roboracer_china_2025
[15.626s] copying /home/jetson/slash_ws/build/roboracer_china_2025/build/lib/roboracer_china_2025/battle_fast2_node.py -> /home/jetson/slash_ws/install/roboracer_china_2025/lib/python3.8/site-packages/roboracer_china_2025
[15.627s] copying /home/jetson/slash_ws/build/roboracer_china_2025/build/lib/roboracer_china_2025/battle_fast2_node（另一个复件）.py -> /home/jetson/slash_ws/install/roboracer_china_2025/lib/python3.8/site-packages/roboracer_china_2025
[15.627s] copying /home/jetson/slash_ws/build/roboracer_china_2025/build/lib/roboracer_china_2025/battle_node_new.py -> /home/jetson/slash_ws/install/roboracer_china_2025/lib/python3.8/site-packages/roboracer_china_2025
[15.627s] copying /home/jetson/slash_ws/build/roboracer_china_2025/build/lib/roboracer_china_2025/battle_fast2_node（复件）.py -> /home/jetson/slash_ws/install/roboracer_china_2025/lib/python3.8/site-packages/roboracer_china_2025
[15.627s] copying /home/jetson/slash_ws/build/roboracer_china_2025/build/lib/roboracer_china_2025/AliLQRrosbag_offline_plots.py -> /home/jetson/slash_ws/install/roboracer_china_2025/lib/python3.8/site-packages/roboracer_china_2025
[15.627s] copying /home/jetson/slash_ws/build/roboracer_china_2025/build/lib/roboracer_china_2025/__init__.py -> /home/jetson/slash_ws/install/roboracer_china_2025/lib/python3.8/site-packages/roboracer_china_2025
[15.627s] copying /home/jetson/slash_ws/build/roboracer_china_2025/build/lib/roboracer_china_2025/battle_node.py -> /home/jetson/slash_ws/install/roboracer_china_2025/lib/python3.8/site-packages/roboracer_china_2025
[15.627s] byte-compiling /home/jetson/slash_ws/install/roboracer_china_2025/lib/python3.8/site-packages/roboracer_china_2025/battle_fast2_node.py to battle_fast2_node.cpython-38.pyc
[15.628s] byte-compiling /home/jetson/slash_ws/install/roboracer_china_2025/lib/python3.8/site-packages/roboracer_china_2025/battle_fast2_node（另一个复件）.py to battle_fast2_node（另一个复件）.cpython-38.pyc
[15.628s] byte-compiling /home/jetson/slash_ws/install/roboracer_china_2025/lib/python3.8/site-packages/roboracer_china_2025/battle_node_new.py to battle_node_new.cpython-38.pyc
[15.628s] byte-compiling /home/jetson/slash_ws/install/roboracer_china_2025/lib/python3.8/site-packages/roboracer_china_2025/battle_fast2_node（复件）.py to battle_fast2_node（复件）.cpython-38.pyc
[15.628s] byte-compiling /home/jetson/slash_ws/install/roboracer_china_2025/lib/python3.8/site-packages/roboracer_china_2025/AliLQRrosbag_offline_plots.py to AliLQRrosbag_offline_plots.cpython-38.pyc
[15.628s] byte-compiling /home/jetson/slash_ws/install/roboracer_china_2025/lib/python3.8/site-packages/roboracer_china_2025/__init__.py to __init__.cpython-38.pyc
[15.628s] byte-compiling /home/jetson/slash_ws/install/roboracer_china_2025/lib/python3.8/site-packages/roboracer_china_2025/battle_node.py to battle_node.cpython-38.pyc
[15.628s] running install_data
[15.628s] creating /home/jetson/slash_ws/install/roboracer_china_2025/share/ament_index
[15.628s] creating /home/jetson/slash_ws/install/roboracer_china_2025/share/ament_index/resource_index
[15.629s] creating /home/jetson/slash_ws/install/roboracer_china_2025/share/ament_index/resource_index/packages
[15.629s] copying resource/roboracer_china_2025 -> /home/jetson/slash_ws/install/roboracer_china_2025/share/ament_index/resource_index/packages
[15.629s] copying package.xml -> /home/jetson/slash_ws/install/roboracer_china_2025/share/roboracer_china_2025
[15.629s] creating /home/jetson/slash_ws/install/roboracer_china_2025/share/roboracer_china_2025/launch
[15.629s] copying launch/battle_fast2.launch.py -> /home/jetson/slash_ws/install/roboracer_china_2025/share/roboracer_china_2025/launch
[15.629s] running install_egg_info
[15.629s] Copying ../../../build/roboracer_china_2025/roboracer_china_2025.egg-info to /home/jetson/slash_ws/install/roboracer_china_2025/lib/python3.8/site-packages/roboracer_china_2025-0.0.1-py3.8.egg-info
[15.630s] running install_scripts
[15.630s] Installing battle_fast2_node script to /home/jetson/slash_ws/install/roboracer_china_2025/lib/roboracer_china_2025
[15.630s] writing list of installed files to '/home/jetson/slash_ws/build/roboracer_china_2025/install.log'
[15.633s] /home/jetson/.local/lib/python3.8/site-packages/setuptools/dist.py:771: UserWarning: Usage of dash-separated 'script-dir' will not be supported in future versions. Please use the underscore name 'script_dir' instead
[15.633s]   warnings.warn(
[15.675s] Invoked command in '/home/jetson/slash_ws/src/slash_navigation/roboracer_china_2025' returned '0': PYTHONPATH=/home/jetson/slash_ws/build/roboracer_china_2025/prefix_override:/usr/lib/python3/dist-packages/colcon_core/task/python/colcon_distutils_commands:/home/jetson/slash_ws/install/roboracer_china_2025/lib/python3.8/site-packages:${PYTHONPATH} /usr/bin/python3 -W ignore:setup.py install is deprecated -W ignore:easy_install command is deprecated setup.py egg_info --egg-base ../../../build/roboracer_china_2025 build --build-base /home/jetson/slash_ws/build/roboracer_china_2025/build install --record /home/jetson/slash_ws/build/roboracer_china_2025/install.log --install-scripts $base/lib/roboracer_china_2025 --single-version-externally-managed install_data
