[0.089s] Invoking command in '/home/jetson/slash_ws/build/slash_nav2': CMAKE_PREFIX_PATH=${CMAKE_PREFIX_PATH}:/home/jetson/slash_ws/install/f1tenth_stack:/home/jetson/slash_ws/install/twist_to_ackermann:/home/jetson/slash_ws/install/joy_teleop:/home/jetson/slash_ws/install/roboracer_china_2025:/home/jetson/slash_ws/install/mouse_teleop:/home/jetson/slash_ws/install/key_teleop:/opt/ros/foxy /usr/bin/cmake --build /home/jetson/slash_ws/build/slash_nav2 -- -j8 -l8
[0.315s] Invoked command in '/home/jetson/slash_ws/build/slash_nav2' returned '0': CMAKE_PREFIX_PATH=${CMAKE_PREFIX_PATH}:/home/jetson/slash_ws/install/f1tenth_stack:/home/jetson/slash_ws/install/twist_to_ackermann:/home/jetson/slash_ws/install/joy_teleop:/home/jetson/slash_ws/install/roboracer_china_2025:/home/jetson/slash_ws/install/mouse_teleop:/home/jetson/slash_ws/install/key_teleop:/opt/ros/foxy /usr/bin/cmake --build /home/jetson/slash_ws/build/slash_nav2 -- -j8 -l8
[0.325s] Invoking command in '/home/jetson/slash_ws/build/slash_nav2': CMAKE_PREFIX_PATH=${CMAKE_PREFIX_PATH}:/home/jetson/slash_ws/install/f1tenth_stack:/home/jetson/slash_ws/install/twist_to_ackermann:/home/jetson/slash_ws/install/joy_teleop:/home/jetson/slash_ws/install/roboracer_china_2025:/home/jetson/slash_ws/install/mouse_teleop:/home/jetson/slash_ws/install/key_teleop:/opt/ros/foxy /usr/bin/cmake --install /home/jetson/slash_ws/build/slash_nav2
[0.357s] -- Install configuration: ""
[0.358s] -- Up-to-date: /home/jetson/slash_ws/install/slash_nav2/share/slash_nav2/launch
[0.359s] -- Up-to-date: /home/jetson/slash_ws/install/slash_nav2/share/slash_nav2/launch/bringup_real.launch.py
[0.359s] -- Up-to-date: /home/jetson/slash_ws/install/slash_nav2/share/slash_nav2/config
[0.359s] -- Up-to-date: /home/jetson/slash_ws/install/slash_nav2/share/slash_nav2/config/nav2_params.yaml
[0.359s] -- Up-to-date: /home/jetson/slash_ws/install/slash_nav2/share/slash_nav2/map
[0.359s] -- Up-to-date: /home/jetson/slash_ws/install/slash_nav2/share/slash_nav2/map/RMUC.posegraph
[0.359s] -- Up-to-date: /home/jetson/slash_ws/install/slash_nav2/share/slash_nav2/map/RMUL.yaml
[0.359s] -- Up-to-date: /home/jetson/slash_ws/install/slash_nav2/share/slash_nav2/map/RMUC.pgm
[0.360s] -- Up-to-date: /home/jetson/slash_ws/install/slash_nav2/share/slash_nav2/map/RMUL.pgm
[0.360s] -- Up-to-date: /home/jetson/slash_ws/install/slash_nav2/share/slash_nav2/map/RMUC.data
[0.360s] -- Up-to-date: /home/jetson/slash_ws/install/slash_nav2/share/slash_nav2/map/RMUL.data
[0.360s] -- Up-to-date: /home/jetson/slash_ws/install/slash_nav2/share/slash_nav2/map/RMUL.posegraph
[0.360s] -- Up-to-date: /home/jetson/slash_ws/install/slash_nav2/share/slash_nav2/map/RMUC.yaml
[0.360s] -- Up-to-date: /home/jetson/slash_ws/install/slash_nav2/share/slash_nav2/PCD
[0.360s] -- Up-to-date: /home/jetson/slash_ws/install/slash_nav2/share/slash_nav2/PCD/RMUL.pcd
[0.360s] -- Up-to-date: /home/jetson/slash_ws/install/slash_nav2/share/slash_nav2/PCD/RMUC.pcd
[0.361s] -- Up-to-date: /home/jetson/slash_ws/install/slash_nav2/share/slash_nav2/rviz
[0.361s] -- Up-to-date: /home/jetson/slash_ws/install/slash_nav2/share/slash_nav2/rviz/pointlio.rviz
[0.361s] -- Up-to-date: /home/jetson/slash_ws/install/slash_nav2/share/slash_nav2/rviz/fastlio.rviz
[0.361s] -- Up-to-date: /home/jetson/slash_ws/install/slash_nav2/share/slash_nav2/rviz/nav2.rviz
[0.361s] -- Up-to-date: /home/jetson/slash_ws/install/slash_nav2/share/slash_nav2/urdf
[0.361s] -- Up-to-date: /home/jetson/slash_ws/install/slash_nav2/share/slash_nav2/urdf/sentry_robot_sim.xacro
[0.361s] -- Up-to-date: /home/jetson/slash_ws/install/slash_nav2/share/slash_nav2/urdf/sentry_robot_real.xacro
[0.361s] -- Up-to-date: /home/jetson/slash_ws/install/slash_nav2/share/ament_index/resource_index/package_run_dependencies/slash_nav2
[0.362s] -- Up-to-date: /home/jetson/slash_ws/install/slash_nav2/share/ament_index/resource_index/parent_prefix_path/slash_nav2
[0.362s] -- Up-to-date: /home/jetson/slash_ws/install/slash_nav2/share/slash_nav2/environment/ament_prefix_path.sh
[0.362s] -- Up-to-date: /home/jetson/slash_ws/install/slash_nav2/share/slash_nav2/environment/ament_prefix_path.dsv
[0.362s] -- Up-to-date: /home/jetson/slash_ws/install/slash_nav2/share/slash_nav2/environment/path.sh
[0.362s] -- Up-to-date: /home/jetson/slash_ws/install/slash_nav2/share/slash_nav2/environment/path.dsv
[0.362s] -- Up-to-date: /home/jetson/slash_ws/install/slash_nav2/share/slash_nav2/local_setup.bash
[0.362s] -- Up-to-date: /home/jetson/slash_ws/install/slash_nav2/share/slash_nav2/local_setup.sh
[0.362s] -- Up-to-date: /home/jetson/slash_ws/install/slash_nav2/share/slash_nav2/local_setup.zsh
[0.362s] -- Up-to-date: /home/jetson/slash_ws/install/slash_nav2/share/slash_nav2/local_setup.dsv
[0.363s] -- Installing: /home/jetson/slash_ws/install/slash_nav2/share/slash_nav2/package.dsv
[0.363s] -- Up-to-date: /home/jetson/slash_ws/install/slash_nav2/share/ament_index/resource_index/packages/slash_nav2
[0.363s] -- Up-to-date: /home/jetson/slash_ws/install/slash_nav2/share/slash_nav2/cmake/slash_nav2Config.cmake
[0.363s] -- Up-to-date: /home/jetson/slash_ws/install/slash_nav2/share/slash_nav2/cmake/slash_nav2Config-version.cmake
[0.363s] -- Up-to-date: /home/jetson/slash_ws/install/slash_nav2/share/slash_nav2/package.xml
[0.400s] Invoked command in '/home/jetson/slash_ws/build/slash_nav2' returned '0': CMAKE_PREFIX_PATH=${CMAKE_PREFIX_PATH}:/home/jetson/slash_ws/install/f1tenth_stack:/home/jetson/slash_ws/install/twist_to_ackermann:/home/jetson/slash_ws/install/joy_teleop:/home/jetson/slash_ws/install/roboracer_china_2025:/home/jetson/slash_ws/install/mouse_teleop:/home/jetson/slash_ws/install/key_teleop:/opt/ros/foxy /usr/bin/cmake --install /home/jetson/slash_ws/build/slash_nav2
