[1.587s] Invoking command in '/home/jetson/slash_ws/build/pointcloud_to_laserscan': CMAKE_PREFIX_PATH=${CMAKE_PREFIX_PATH}:/home/jetson/slash_ws/install/f1tenth_stack:/home/jetson/slash_ws/install/twist_to_ackermann:/home/jetson/slash_ws/install/joy_teleop:/home/jetson/slash_ws/install/roboracer_china_2025:/home/jetson/slash_ws/install/mouse_teleop:/home/jetson/slash_ws/install/key_teleop:/opt/ros/foxy /usr/bin/cmake --build /home/jetson/slash_ws/build/pointcloud_to_laserscan -- -j8 -l8
[1.964s] [ 20%] Built target pointcloud_to_laserscan_node
[2.122s] [ 40%] Built target laserscan_to_pointcloud_node
[2.162s] [ 60%] Built target laserscan_to_pointcloud
[2.489s] [ 80%] Built target pointcloud_to_laserscan
[2.695s] [100%] Built target dummy_pointcloud_publisher
[3.058s] Invoked command in '/home/jetson/slash_ws/build/pointcloud_to_laserscan' returned '0': CMAKE_PREFIX_PATH=${CMAKE_PREFIX_PATH}:/home/jetson/slash_ws/install/f1tenth_stack:/home/jetson/slash_ws/install/twist_to_ackermann:/home/jetson/slash_ws/install/joy_teleop:/home/jetson/slash_ws/install/roboracer_china_2025:/home/jetson/slash_ws/install/mouse_teleop:/home/jetson/slash_ws/install/key_teleop:/opt/ros/foxy /usr/bin/cmake --build /home/jetson/slash_ws/build/pointcloud_to_laserscan -- -j8 -l8
[3.064s] Invoking command in '/home/jetson/slash_ws/build/pointcloud_to_laserscan': CMAKE_PREFIX_PATH=${CMAKE_PREFIX_PATH}:/home/jetson/slash_ws/install/f1tenth_stack:/home/jetson/slash_ws/install/twist_to_ackermann:/home/jetson/slash_ws/install/joy_teleop:/home/jetson/slash_ws/install/roboracer_china_2025:/home/jetson/slash_ws/install/mouse_teleop:/home/jetson/slash_ws/install/key_teleop:/opt/ros/foxy /usr/bin/cmake --install /home/jetson/slash_ws/build/pointcloud_to_laserscan
[3.176s] -- Install configuration: ""
[3.176s] -- Up-to-date: /home/jetson/slash_ws/install/pointcloud_to_laserscan/lib/pointcloud_to_laserscan/laserscan_to_pointcloud_node
[3.176s] -- Up-to-date: /home/jetson/slash_ws/install/pointcloud_to_laserscan/lib/pointcloud_to_laserscan/pointcloud_to_laserscan_node
[3.176s] -- Up-to-date: /home/jetson/slash_ws/install/pointcloud_to_laserscan/include
[3.176s] -- Up-to-date: /home/jetson/slash_ws/install/pointcloud_to_laserscan/include/pointcloud_to_laserscan
[3.177s] -- Up-to-date: /home/jetson/slash_ws/install/pointcloud_to_laserscan/include/pointcloud_to_laserscan/pointcloud_to_laserscan_node.hpp
[3.177s] -- Up-to-date: /home/jetson/slash_ws/install/pointcloud_to_laserscan/include/pointcloud_to_laserscan/visibility_control.h
[3.177s] -- Up-to-date: /home/jetson/slash_ws/install/pointcloud_to_laserscan/include/pointcloud_to_laserscan/laserscan_to_pointcloud_node.hpp
[3.177s] -- Up-to-date: /home/jetson/slash_ws/install/pointcloud_to_laserscan/share/pointcloud_to_laserscan/environment/library_path.sh
[3.177s] -- Up-to-date: /home/jetson/slash_ws/install/pointcloud_to_laserscan/share/pointcloud_to_laserscan/environment/library_path.dsv
[3.177s] -- Up-to-date: /home/jetson/slash_ws/install/pointcloud_to_laserscan/lib/liblaserscan_to_pointcloud.so
[3.177s] -- Up-to-date: /home/jetson/slash_ws/install/pointcloud_to_laserscan/lib/libpointcloud_to_laserscan.so
[3.177s] -- Up-to-date: /home/jetson/slash_ws/install/pointcloud_to_laserscan/lib/pointcloud_to_laserscan/dummy_pointcloud_publisher
[3.178s] -- Up-to-date: /home/jetson/slash_ws/install/pointcloud_to_laserscan/share/pointcloud_to_laserscan/launch
[3.178s] -- Up-to-date: /home/jetson/slash_ws/install/pointcloud_to_laserscan/share/pointcloud_to_laserscan/launch/sample_laserscan_to_pointcloud_launch.py
[3.178s] -- Up-to-date: /home/jetson/slash_ws/install/pointcloud_to_laserscan/share/pointcloud_to_laserscan/launch/sample_pointcloud_to_laserscan_launch.py
[3.178s] -- Up-to-date: /home/jetson/slash_ws/install/pointcloud_to_laserscan/share/pointcloud_to_laserscan/launch/pointcloud_to_laserscan_launch.py
[3.178s] -- Up-to-date: /home/jetson/slash_ws/install/pointcloud_to_laserscan/share/ament_index/resource_index/package_run_dependencies/pointcloud_to_laserscan
[3.178s] -- Up-to-date: /home/jetson/slash_ws/install/pointcloud_to_laserscan/share/ament_index/resource_index/parent_prefix_path/pointcloud_to_laserscan
[3.178s] -- Up-to-date: /home/jetson/slash_ws/install/pointcloud_to_laserscan/share/pointcloud_to_laserscan/environment/ament_prefix_path.sh
[3.178s] -- Up-to-date: /home/jetson/slash_ws/install/pointcloud_to_laserscan/share/pointcloud_to_laserscan/environment/ament_prefix_path.dsv
[3.178s] -- Up-to-date: /home/jetson/slash_ws/install/pointcloud_to_laserscan/share/pointcloud_to_laserscan/environment/path.sh
[3.179s] -- Up-to-date: /home/jetson/slash_ws/install/pointcloud_to_laserscan/share/pointcloud_to_laserscan/environment/path.dsv
[3.179s] -- Up-to-date: /home/jetson/slash_ws/install/pointcloud_to_laserscan/share/pointcloud_to_laserscan/local_setup.bash
[3.179s] -- Up-to-date: /home/jetson/slash_ws/install/pointcloud_to_laserscan/share/pointcloud_to_laserscan/local_setup.sh
[3.179s] -- Up-to-date: /home/jetson/slash_ws/install/pointcloud_to_laserscan/share/pointcloud_to_laserscan/local_setup.zsh
[3.179s] -- Up-to-date: /home/jetson/slash_ws/install/pointcloud_to_laserscan/share/pointcloud_to_laserscan/local_setup.dsv
[3.179s] -- Installing: /home/jetson/slash_ws/install/pointcloud_to_laserscan/share/pointcloud_to_laserscan/package.dsv
[3.179s] -- Up-to-date: /home/jetson/slash_ws/install/pointcloud_to_laserscan/share/ament_index/resource_index/packages/pointcloud_to_laserscan
[3.179s] -- Up-to-date: /home/jetson/slash_ws/install/pointcloud_to_laserscan/share/ament_index/resource_index/rclcpp_components/pointcloud_to_laserscan
[3.179s] -- Up-to-date: /home/jetson/slash_ws/install/pointcloud_to_laserscan/share/pointcloud_to_laserscan/cmake/ament_cmake_export_dependencies-extras.cmake
[3.180s] -- Up-to-date: /home/jetson/slash_ws/install/pointcloud_to_laserscan/share/pointcloud_to_laserscan/cmake/ament_cmake_export_include_directories-extras.cmake
[3.180s] -- Up-to-date: /home/jetson/slash_ws/install/pointcloud_to_laserscan/share/pointcloud_to_laserscan/cmake/ament_cmake_export_libraries-extras.cmake
[3.180s] -- Up-to-date: /home/jetson/slash_ws/install/pointcloud_to_laserscan/share/pointcloud_to_laserscan/cmake/pointcloud_to_laserscanConfig.cmake
[3.180s] -- Up-to-date: /home/jetson/slash_ws/install/pointcloud_to_laserscan/share/pointcloud_to_laserscan/cmake/pointcloud_to_laserscanConfig-version.cmake
[3.180s] -- Up-to-date: /home/jetson/slash_ws/install/pointcloud_to_laserscan/share/pointcloud_to_laserscan/package.xml
[4.954s] Invoked command in '/home/jetson/slash_ws/build/pointcloud_to_laserscan' returned '0': CMAKE_PREFIX_PATH=${CMAKE_PREFIX_PATH}:/home/jetson/slash_ws/install/f1tenth_stack:/home/jetson/slash_ws/install/twist_to_ackermann:/home/jetson/slash_ws/install/joy_teleop:/home/jetson/slash_ws/install/roboracer_china_2025:/home/jetson/slash_ws/install/mouse_teleop:/home/jetson/slash_ws/install/key_teleop:/opt/ros/foxy /usr/bin/cmake --install /home/jetson/slash_ws/build/pointcloud_to_laserscan
