[6.214s] Invoking command in '/home/jetson/slash_ws/src/slash_hardware/f1tenth_system/teleop_tools/key_teleop': PYTHONPATH=/home/jetson/slash_ws/build/key_teleop/prefix_override:/usr/lib/python3/dist-packages/colcon_core/task/python/colcon_distutils_commands:/home/jetson/slash_ws/install/key_teleop/lib/python3.8/site-packages:${PYTHONPATH} /usr/bin/python3 -W ignore:setup.py install is deprecated -W ignore:easy_install command is deprecated setup.py egg_info --egg-base ../../../../../build/key_teleop build --build-base /home/jetson/slash_ws/build/key_teleop/build install --record /home/jetson/slash_ws/build/key_teleop/install.log --single-version-externally-managed install_data
[7.588s] running egg_info
[7.632s] writing ../../../../../build/key_teleop/key_teleop.egg-info/PKG-INFO
[7.638s] writing dependency_links to ../../../../../build/key_teleop/key_teleop.egg-info/dependency_links.txt
[7.639s] writing entry points to ../../../../../build/key_teleop/key_teleop.egg-info/entry_points.txt
[7.639s] writing requirements to ../../../../../build/key_teleop/key_teleop.egg-info/requires.txt
[7.639s] writing top-level names to ../../../../../build/key_teleop/key_teleop.egg-info/top_level.txt
[7.811s] reading manifest file '../../../../../build/key_teleop/key_teleop.egg-info/SOURCES.txt'
[7.815s] adding license file 'LICENSE'
[7.817s] writing manifest file '../../../../../build/key_teleop/key_teleop.egg-info/SOURCES.txt'
[7.817s] running build
[7.817s] running build_py
[7.819s] running install
[7.836s] running install_lib
[7.909s] running install_data
[7.911s] running install_egg_info
[7.963s] removing '/home/jetson/slash_ws/install/key_teleop/lib/python3.8/site-packages/key_teleop-0.3.0-py3.8.egg-info' (and everything under it)
[7.970s] Copying ../../../../../build/key_teleop/key_teleop.egg-info to /home/jetson/slash_ws/install/key_teleop/lib/python3.8/site-packages/key_teleop-0.3.0-py3.8.egg-info
[7.972s] running install_scripts
[8.309s] Installing key_teleop script to /home/jetson/slash_ws/install/key_teleop/lib/key_teleop
[8.309s] writing list of installed files to '/home/jetson/slash_ws/build/key_teleop/install.log'
[8.997s] Invoked command in '/home/jetson/slash_ws/src/slash_hardware/f1tenth_system/teleop_tools/key_teleop' returned '0': PYTHONPATH=/home/jetson/slash_ws/build/key_teleop/prefix_override:/usr/lib/python3/dist-packages/colcon_core/task/python/colcon_distutils_commands:/home/jetson/slash_ws/install/key_teleop/lib/python3.8/site-packages:${PYTHONPATH} /usr/bin/python3 -W ignore:setup.py install is deprecated -W ignore:easy_install command is deprecated setup.py egg_info --egg-base ../../../../../build/key_teleop build --build-base /home/jetson/slash_ws/build/key_teleop/build install --record /home/jetson/slash_ws/build/key_teleop/install.log --single-version-externally-managed install_data
