[5.342s] Invoking command in '/home/jetson/slash_ws/src/slash_hardware/f1tenth_system/teleop_tools/mouse_teleop': PYTHONPATH=/home/jetson/slash_ws/build/mouse_teleop/prefix_override:/usr/lib/python3/dist-packages/colcon_core/task/python/colcon_distutils_commands:/home/jetson/slash_ws/install/mouse_teleop/lib/python3.8/site-packages:${PYTHONPATH} /usr/bin/python3 -W ignore:setup.py install is deprecated -W ignore:easy_install command is deprecated setup.py egg_info --egg-base ../../../../../build/mouse_teleop build --build-base /home/jetson/slash_ws/build/mouse_teleop/build install --record /home/jetson/slash_ws/build/mouse_teleop/install.log --single-version-externally-managed install_data
[8.436s] running egg_info
[8.439s] creating ../../../../../build/mouse_teleop/mouse_teleop.egg-info
[8.439s] writing ../../../../../build/mouse_teleop/mouse_teleop.egg-info/PKG-INFO
[8.439s] writing dependency_links to ../../../../../build/mouse_teleop/mouse_teleop.egg-info/dependency_links.txt
[8.439s] writing entry points to ../../../../../build/mouse_teleop/mouse_teleop.egg-info/entry_points.txt
[8.440s] writing requirements to ../../../../../build/mouse_teleop/mouse_teleop.egg-info/requires.txt
[8.440s] writing top-level names to ../../../../../build/mouse_teleop/mouse_teleop.egg-info/top_level.txt
[8.440s] writing manifest file '../../../../../build/mouse_teleop/mouse_teleop.egg-info/SOURCES.txt'
[8.440s] reading manifest file '../../../../../build/mouse_teleop/mouse_teleop.egg-info/SOURCES.txt'
[8.440s] adding license file 'LICENSE'
[8.440s] writing manifest file '../../../../../build/mouse_teleop/mouse_teleop.egg-info/SOURCES.txt'
[8.440s] running build
[8.440s] running build_py
[8.441s] creating /home/jetson/slash_ws/build/mouse_teleop/build
[8.441s] creating /home/jetson/slash_ws/build/mouse_teleop/build/lib
[8.441s] creating /home/jetson/slash_ws/build/mouse_teleop/build/lib/mouse_teleop
[8.441s] copying mouse_teleop/mouse_teleop.py -> /home/jetson/slash_ws/build/mouse_teleop/build/lib/mouse_teleop
[8.441s] copying mouse_teleop/__init__.py -> /home/jetson/slash_ws/build/mouse_teleop/build/lib/mouse_teleop
[8.441s] running install
[8.442s] running install_lib
[8.445s] creating /home/jetson/slash_ws/install/mouse_teleop/lib/python3.8/site-packages/mouse_teleop
[8.446s] copying /home/jetson/slash_ws/build/mouse_teleop/build/lib/mouse_teleop/mouse_teleop.py -> /home/jetson/slash_ws/install/mouse_teleop/lib/python3.8/site-packages/mouse_teleop
[8.446s] copying /home/jetson/slash_ws/build/mouse_teleop/build/lib/mouse_teleop/__init__.py -> /home/jetson/slash_ws/install/mouse_teleop/lib/python3.8/site-packages/mouse_teleop
[8.446s] byte-compiling /home/jetson/slash_ws/install/mouse_teleop/lib/python3.8/site-packages/mouse_teleop/mouse_teleop.py to mouse_teleop.cpython-38.pyc
[8.446s] byte-compiling /home/jetson/slash_ws/install/mouse_teleop/lib/python3.8/site-packages/mouse_teleop/__init__.py to __init__.cpython-38.pyc
[8.448s] running install_data
[8.448s] copying package.xml -> /home/jetson/slash_ws/install/mouse_teleop/share/mouse_teleop
[8.448s] creating /home/jetson/slash_ws/install/mouse_teleop/share/mouse_teleop/config
[8.448s] copying config/mouse_teleop.yaml -> /home/jetson/slash_ws/install/mouse_teleop/share/mouse_teleop/config
[8.448s] creating /home/jetson/slash_ws/install/mouse_teleop/share/mouse_teleop/launch
[8.448s] copying launch/mouse_teleop.launch.py -> /home/jetson/slash_ws/install/mouse_teleop/share/mouse_teleop/launch
[8.449s] creating /home/jetson/slash_ws/install/mouse_teleop/share/ament_index
[8.455s] creating /home/jetson/slash_ws/install/mouse_teleop/share/ament_index/resource_index
[8.455s] creating /home/jetson/slash_ws/install/mouse_teleop/share/ament_index/resource_index/packages
[8.455s] copying resource/mouse_teleop -> /home/jetson/slash_ws/install/mouse_teleop/share/ament_index/resource_index/packages
[8.455s] running install_egg_info
[8.456s] Copying ../../../../../build/mouse_teleop/mouse_teleop.egg-info to /home/jetson/slash_ws/install/mouse_teleop/lib/python3.8/site-packages/mouse_teleop-0.3.0-py3.8.egg-info
[8.456s] running install_scripts
[8.456s] Installing mouse_teleop script to /home/jetson/slash_ws/install/mouse_teleop/lib/mouse_teleop
[8.456s] writing list of installed files to '/home/jetson/slash_ws/build/mouse_teleop/install.log'
[8.642s] Invoked command in '/home/jetson/slash_ws/src/slash_hardware/f1tenth_system/teleop_tools/mouse_teleop' returned '0': PYTHONPATH=/home/jetson/slash_ws/build/mouse_teleop/prefix_override:/usr/lib/python3/dist-packages/colcon_core/task/python/colcon_distutils_commands:/home/jetson/slash_ws/install/mouse_teleop/lib/python3.8/site-packages:${PYTHONPATH} /usr/bin/python3 -W ignore:setup.py install is deprecated -W ignore:easy_install command is deprecated setup.py egg_info --egg-base ../../../../../build/mouse_teleop build --build-base /home/jetson/slash_ws/build/mouse_teleop/build install --record /home/jetson/slash_ws/build/mouse_teleop/install.log --single-version-externally-managed install_data
