[4.601s] Invoking command in '/home/jetson/slash_ws/src/slash_hardware/f1tenth_system/teleop_tools/mouse_teleop': PYTHONPATH=/home/jetson/slash_ws/build/mouse_teleop/prefix_override:/usr/lib/python3/dist-packages/colcon_core/task/python/colcon_distutils_commands:/home/jetson/slash_ws/install/mouse_teleop/lib/python3.8/site-packages:${PYTHONPATH} /usr/bin/python3 -W ignore:setup.py install is deprecated -W ignore:easy_install command is deprecated setup.py egg_info --egg-base ../../../../../build/mouse_teleop build --build-base /home/jetson/slash_ws/build/mouse_teleop/build install --record /home/jetson/slash_ws/build/mouse_teleop/install.log --single-version-externally-managed install_data
[6.144s] running egg_info
[6.209s] writing ../../../../../build/mouse_teleop/mouse_teleop.egg-info/PKG-INFO
[6.209s] writing dependency_links to ../../../../../build/mouse_teleop/mouse_teleop.egg-info/dependency_links.txt
[6.209s] writing entry points to ../../../../../build/mouse_teleop/mouse_teleop.egg-info/entry_points.txt
[6.209s] writing requirements to ../../../../../build/mouse_teleop/mouse_teleop.egg-info/requires.txt
[6.210s] writing top-level names to ../../../../../build/mouse_teleop/mouse_teleop.egg-info/top_level.txt
[6.268s] reading manifest file '../../../../../build/mouse_teleop/mouse_teleop.egg-info/SOURCES.txt'
[6.268s] adding license file 'LICENSE'
[6.268s] writing manifest file '../../../../../build/mouse_teleop/mouse_teleop.egg-info/SOURCES.txt'
[6.270s] running build
[6.270s] running build_py
[6.272s] running install
[6.288s] running install_lib
[6.315s] running install_data
[6.316s] running install_egg_info
[6.347s] removing '/home/jetson/slash_ws/install/mouse_teleop/lib/python3.8/site-packages/mouse_teleop-0.3.0-py3.8.egg-info' (and everything under it)
[6.349s] Copying ../../../../../build/mouse_teleop/mouse_teleop.egg-info to /home/jetson/slash_ws/install/mouse_teleop/lib/python3.8/site-packages/mouse_teleop-0.3.0-py3.8.egg-info
[6.352s] running install_scripts
[6.539s] Installing mouse_teleop script to /home/jetson/slash_ws/install/mouse_teleop/lib/mouse_teleop
[6.540s] writing list of installed files to '/home/jetson/slash_ws/build/mouse_teleop/install.log'
[7.942s] Invoked command in '/home/jetson/slash_ws/src/slash_hardware/f1tenth_system/teleop_tools/mouse_teleop' returned '0': PYTHONPATH=/home/jetson/slash_ws/build/mouse_teleop/prefix_override:/usr/lib/python3/dist-packages/colcon_core/task/python/colcon_distutils_commands:/home/jetson/slash_ws/install/mouse_teleop/lib/python3.8/site-packages:${PYTHONPATH} /usr/bin/python3 -W ignore:setup.py install is deprecated -W ignore:easy_install command is deprecated setup.py egg_info --egg-base ../../../../../build/mouse_teleop build --build-base /home/jetson/slash_ws/build/mouse_teleop/build install --record /home/jetson/slash_ws/build/mouse_teleop/install.log --single-version-externally-managed install_data
