[0.206s] Invoking command in '/home/jetson/slash_ws/build/pointcloud_to_laserscan': CMAKE_PREFIX_PATH=${CMAKE_PREFIX_PATH}:/home/jetson/slash_ws/install/f1tenth_stack:/home/jetson/slash_ws/install/twist_to_ackermann:/home/jetson/slash_ws/install/joy_teleop:/home/jetson/slash_ws/install/roboracer_china_2025:/home/jetson/slash_ws/install/mouse_teleop:/home/jetson/slash_ws/install/key_teleop:/opt/ros/foxy /usr/bin/cmake /home/jetson/slash_ws/src/slash_perception/pointcloud_to_laserscan -DCMAKE_INSTALL_PREFIX=/home/jetson/slash_ws/install/pointcloud_to_laserscan
[0.554s] -- The C compiler identification is GNU 9.4.0
[0.927s] -- The CXX compiler identification is GNU 9.4.0
[0.942s] -- Check for working C compiler: /usr/bin/cc
[1.391s] -- Check for working C compiler: /usr/bin/cc -- works
[1.392s] -- Detecting C compiler ABI info
[1.934s] -- Detecting C compiler ABI info - done
[1.953s] -- Detecting C compile features
[1.959s] -- Detecting C compile features - done
[1.969s] -- Check for working CXX compiler: /usr/bin/c++
[2.621s] -- Check for working CXX compiler: /usr/bin/c++ -- works
[2.624s] -- Detecting CXX compiler ABI info
[3.632s] -- Detecting CXX compiler ABI info - done
[3.714s] -- Detecting CXX compile features
[3.714s] -- Detecting CXX compile features - done
[3.740s] -- Found ament_cmake_auto: 0.9.12 (/opt/ros/foxy/share/ament_cmake_auto/cmake)
[4.045s] -- Found PythonInterp: /usr/bin/python3 (found suitable version "3.8.10", minimum required is "3") 
[4.046s] -- Using PYTHON_EXECUTABLE: /usr/bin/python3
[7.552s] -- Using all available rosidl_typesupport_c: rosidl_typesupport_fastrtps_c;rosidl_typesupport_introspection_c
[7.618s] -- Found rosidl_adapter: 1.3.1 (/opt/ros/foxy/share/rosidl_adapter/cmake)
[8.695s] -- Found OpenSSL: /usr/lib/aarch64-linux-gnu/libcrypto.so (found version "1.1.1f")  
[8.985s] -- Found FastRTPS: /opt/ros/foxy/include  
[9.684s] -- Using all available rosidl_typesupport_cpp: rosidl_typesupport_fastrtps_cpp;rosidl_typesupport_introspection_cpp
[10.416s] -- Found rmw_implementation_cmake: 1.0.4 (/opt/ros/foxy/share/rmw_implementation_cmake/cmake)
[10.449s] -- Using RMW implementation 'rmw_fastrtps_cpp' as default
[10.451s] -- Looking for pthread.h
[11.316s] -- Looking for pthread.h - found
[11.316s] -- Performing Test CMAKE_HAVE_LIBC_PTHREAD
[12.009s] -- Performing Test CMAKE_HAVE_LIBC_PTHREAD - Failed
[12.009s] -- Looking for pthread_create in pthreads
[12.592s] -- Looking for pthread_create in pthreads - not found
[12.594s] -- Looking for pthread_create in pthread
[13.153s] -- Looking for pthread_create in pthread - found
[13.156s] -- Found Threads: TRUE  
[15.413s] -- Found ament_lint_auto: 0.9.8 (/opt/ros/foxy/share/ament_lint_auto/cmake)
[15.509s] -- Added test 'cppcheck' to perform static code analysis on C / C++ code
[15.510s] -- Configured cppcheck include dirs: /home/jetson/slash_ws/src/slash_perception/pointcloud_to_laserscan/include
[15.510s] -- Configured cppcheck exclude dirs and/or files: 
[15.512s] -- Added test 'cpplint' to check C / C++ code against the Google style
[15.512s] -- Configured cpplint exclude dirs and/or files: 
[15.513s] -- Added test 'flake8' to check Python code syntax and style conventions
[15.515s] -- Added test 'lint_cmake' to check CMake code style
[15.516s] -- Added test 'pep257' to check Python code against some of the style conventions in PEP 257
[15.518s] -- Added test 'uncrustify' to check C / C++ code style
[15.519s] -- Configured uncrustify additional arguments: 
[15.520s] -- Added test 'xmllint' to check XML markup files
[15.532s] -- Configuring done
[15.608s] -- Generating done
[15.642s] -- Build files have been written to: /home/jetson/slash_ws/build/pointcloud_to_laserscan
[15.851s] Invoked command in '/home/jetson/slash_ws/build/pointcloud_to_laserscan' returned '0': CMAKE_PREFIX_PATH=${CMAKE_PREFIX_PATH}:/home/jetson/slash_ws/install/f1tenth_stack:/home/jetson/slash_ws/install/twist_to_ackermann:/home/jetson/slash_ws/install/joy_teleop:/home/jetson/slash_ws/install/roboracer_china_2025:/home/jetson/slash_ws/install/mouse_teleop:/home/jetson/slash_ws/install/key_teleop:/opt/ros/foxy /usr/bin/cmake /home/jetson/slash_ws/src/slash_perception/pointcloud_to_laserscan -DCMAKE_INSTALL_PREFIX=/home/jetson/slash_ws/install/pointcloud_to_laserscan
[15.855s] Invoking command in '/home/jetson/slash_ws/build/pointcloud_to_laserscan': CMAKE_PREFIX_PATH=${CMAKE_PREFIX_PATH}:/home/jetson/slash_ws/install/f1tenth_stack:/home/jetson/slash_ws/install/twist_to_ackermann:/home/jetson/slash_ws/install/joy_teleop:/home/jetson/slash_ws/install/roboracer_china_2025:/home/jetson/slash_ws/install/mouse_teleop:/home/jetson/slash_ws/install/key_teleop:/opt/ros/foxy /usr/bin/cmake --build /home/jetson/slash_ws/build/pointcloud_to_laserscan -- -j8 -l8
[23.396s] [35m[1mScanning dependencies of target laserscan_to_pointcloud[0m
[23.397s] [ 10%] [32mBuilding CXX object CMakeFiles/laserscan_to_pointcloud.dir/src/laserscan_to_pointcloud_node.cpp.o[0m
[60.411s] [ 20%] [32m[1mLinking CXX shared library liblaserscan_to_pointcloud.so[0m
[61.075s] [ 20%] Built target laserscan_to_pointcloud
[61.150s] [35m[1mScanning dependencies of target laserscan_to_pointcloud_node[0m
[61.292s] [ 30%] [32mBuilding CXX object CMakeFiles/laserscan_to_pointcloud_node.dir/rclcpp_components/node_main_laserscan_to_pointcloud_node.cpp.o[0m
[68.676s] [ 40%] [32m[1mLinking CXX executable laserscan_to_pointcloud_node[0m
[69.134s] [ 40%] Built target laserscan_to_pointcloud_node
[69.217s] [35m[1mScanning dependencies of target pointcloud_to_laserscan[0m
[69.560s] [ 50%] [32mBuilding CXX object CMakeFiles/pointcloud_to_laserscan.dir/src/pointcloud_to_laserscan_node.cpp.o[0m
[104.664s] [ 60%] [32m[1mLinking CXX shared library libpointcloud_to_laserscan.so[0m
[105.155s] [ 60%] Built target pointcloud_to_laserscan
[105.238s] [35m[1mScanning dependencies of target pointcloud_to_laserscan_node[0m
[105.402s] [ 70%] [32mBuilding CXX object CMakeFiles/pointcloud_to_laserscan_node.dir/rclcpp_components/node_main_pointcloud_to_laserscan_node.cpp.o[0m
[111.768s] [ 80%] [32m[1mLinking CXX executable pointcloud_to_laserscan_node[0m
[112.027s] [ 80%] Built target pointcloud_to_laserscan_node
[112.053s] [35m[1mScanning dependencies of target dummy_pointcloud_publisher[0m
[112.136s] [ 90%] [32mBuilding CXX object CMakeFiles/dummy_pointcloud_publisher.dir/src/dummy_pointcloud_publisher.cpp.o[0m
[123.063s] [100%] [32m[1mLinking CXX executable dummy_pointcloud_publisher[0m
[123.358s] [100%] Built target dummy_pointcloud_publisher
[123.399s] Invoked command in '/home/jetson/slash_ws/build/pointcloud_to_laserscan' returned '0': CMAKE_PREFIX_PATH=${CMAKE_PREFIX_PATH}:/home/jetson/slash_ws/install/f1tenth_stack:/home/jetson/slash_ws/install/twist_to_ackermann:/home/jetson/slash_ws/install/joy_teleop:/home/jetson/slash_ws/install/roboracer_china_2025:/home/jetson/slash_ws/install/mouse_teleop:/home/jetson/slash_ws/install/key_teleop:/opt/ros/foxy /usr/bin/cmake --build /home/jetson/slash_ws/build/pointcloud_to_laserscan -- -j8 -l8
[123.401s] Invoking command in '/home/jetson/slash_ws/build/pointcloud_to_laserscan': CMAKE_PREFIX_PATH=${CMAKE_PREFIX_PATH}:/home/jetson/slash_ws/install/f1tenth_stack:/home/jetson/slash_ws/install/twist_to_ackermann:/home/jetson/slash_ws/install/joy_teleop:/home/jetson/slash_ws/install/roboracer_china_2025:/home/jetson/slash_ws/install/mouse_teleop:/home/jetson/slash_ws/install/key_teleop:/opt/ros/foxy /usr/bin/cmake --install /home/jetson/slash_ws/build/pointcloud_to_laserscan
[123.435s] -- Install configuration: ""
[123.435s] -- Installing: /home/jetson/slash_ws/install/pointcloud_to_laserscan/lib/pointcloud_to_laserscan/laserscan_to_pointcloud_node
[123.436s] -- Set runtime path of "/home/jetson/slash_ws/install/pointcloud_to_laserscan/lib/pointcloud_to_laserscan/laserscan_to_pointcloud_node" to ""
[123.442s] -- Installing: /home/jetson/slash_ws/install/pointcloud_to_laserscan/lib/pointcloud_to_laserscan/pointcloud_to_laserscan_node
[123.442s] -- Set runtime path of "/home/jetson/slash_ws/install/pointcloud_to_laserscan/lib/pointcloud_to_laserscan/pointcloud_to_laserscan_node" to ""
[123.442s] -- Installing: /home/jetson/slash_ws/install/pointcloud_to_laserscan/include
[123.442s] -- Installing: /home/jetson/slash_ws/install/pointcloud_to_laserscan/include/pointcloud_to_laserscan
[123.443s] -- Installing: /home/jetson/slash_ws/install/pointcloud_to_laserscan/include/pointcloud_to_laserscan/pointcloud_to_laserscan_node.hpp
[123.443s] -- Installing: /home/jetson/slash_ws/install/pointcloud_to_laserscan/include/pointcloud_to_laserscan/visibility_control.h
[123.443s] -- Installing: /home/jetson/slash_ws/install/pointcloud_to_laserscan/include/pointcloud_to_laserscan/laserscan_to_pointcloud_node.hpp
[123.445s] -- Installing: /home/jetson/slash_ws/install/pointcloud_to_laserscan/share/pointcloud_to_laserscan/environment/library_path.sh
[123.446s] -- Installing: /home/jetson/slash_ws/install/pointcloud_to_laserscan/share/pointcloud_to_laserscan/environment/library_path.dsv
[123.446s] -- Installing: /home/jetson/slash_ws/install/pointcloud_to_laserscan/lib/liblaserscan_to_pointcloud.so
[123.446s] -- Set runtime path of "/home/jetson/slash_ws/install/pointcloud_to_laserscan/lib/liblaserscan_to_pointcloud.so" to ""
[123.446s] -- Installing: /home/jetson/slash_ws/install/pointcloud_to_laserscan/lib/libpointcloud_to_laserscan.so
[123.450s] -- Set runtime path of "/home/jetson/slash_ws/install/pointcloud_to_laserscan/lib/libpointcloud_to_laserscan.so" to ""
[123.451s] -- Installing: /home/jetson/slash_ws/install/pointcloud_to_laserscan/lib/pointcloud_to_laserscan/dummy_pointcloud_publisher
[123.452s] -- Set runtime path of "/home/jetson/slash_ws/install/pointcloud_to_laserscan/lib/pointcloud_to_laserscan/dummy_pointcloud_publisher" to ""
[123.452s] -- Installing: /home/jetson/slash_ws/install/pointcloud_to_laserscan/share/pointcloud_to_laserscan/launch
[123.452s] -- Installing: /home/jetson/slash_ws/install/pointcloud_to_laserscan/share/pointcloud_to_laserscan/launch/sample_laserscan_to_pointcloud_launch.py
[123.452s] -- Installing: /home/jetson/slash_ws/install/pointcloud_to_laserscan/share/pointcloud_to_laserscan/launch/sample_pointcloud_to_laserscan_launch.py
[123.452s] -- Installing: /home/jetson/slash_ws/install/pointcloud_to_laserscan/share/pointcloud_to_laserscan/launch/pointcloud_to_laserscan_launch.py
[123.453s] -- Installing: /home/jetson/slash_ws/install/pointcloud_to_laserscan/share/ament_index/resource_index/package_run_dependencies/pointcloud_to_laserscan
[123.454s] -- Installing: /home/jetson/slash_ws/install/pointcloud_to_laserscan/share/ament_index/resource_index/parent_prefix_path/pointcloud_to_laserscan
[123.455s] -- Installing: /home/jetson/slash_ws/install/pointcloud_to_laserscan/share/pointcloud_to_laserscan/environment/ament_prefix_path.sh
[123.455s] -- Installing: /home/jetson/slash_ws/install/pointcloud_to_laserscan/share/pointcloud_to_laserscan/environment/ament_prefix_path.dsv
[123.455s] -- Installing: /home/jetson/slash_ws/install/pointcloud_to_laserscan/share/pointcloud_to_laserscan/environment/path.sh
[123.455s] -- Installing: /home/jetson/slash_ws/install/pointcloud_to_laserscan/share/pointcloud_to_laserscan/environment/path.dsv
[123.455s] -- Installing: /home/jetson/slash_ws/install/pointcloud_to_laserscan/share/pointcloud_to_laserscan/local_setup.bash
[123.455s] -- Installing: /home/jetson/slash_ws/install/pointcloud_to_laserscan/share/pointcloud_to_laserscan/local_setup.sh
[123.456s] -- Installing: /home/jetson/slash_ws/install/pointcloud_to_laserscan/share/pointcloud_to_laserscan/local_setup.zsh
[123.456s] -- Installing: /home/jetson/slash_ws/install/pointcloud_to_laserscan/share/pointcloud_to_laserscan/local_setup.dsv
[123.456s] -- Installing: /home/jetson/slash_ws/install/pointcloud_to_laserscan/share/pointcloud_to_laserscan/package.dsv
[123.457s] -- Installing: /home/jetson/slash_ws/install/pointcloud_to_laserscan/share/ament_index/resource_index/packages/pointcloud_to_laserscan
[123.457s] -- Installing: /home/jetson/slash_ws/install/pointcloud_to_laserscan/share/ament_index/resource_index/rclcpp_components/pointcloud_to_laserscan
[123.458s] -- Installing: /home/jetson/slash_ws/install/pointcloud_to_laserscan/share/pointcloud_to_laserscan/cmake/ament_cmake_export_dependencies-extras.cmake
[123.458s] -- Installing: /home/jetson/slash_ws/install/pointcloud_to_laserscan/share/pointcloud_to_laserscan/cmake/ament_cmake_export_include_directories-extras.cmake
[123.458s] -- Installing: /home/jetson/slash_ws/install/pointcloud_to_laserscan/share/pointcloud_to_laserscan/cmake/ament_cmake_export_libraries-extras.cmake
[123.458s] -- Installing: /home/jetson/slash_ws/install/pointcloud_to_laserscan/share/pointcloud_to_laserscan/cmake/pointcloud_to_laserscanConfig.cmake
[123.459s] -- Installing: /home/jetson/slash_ws/install/pointcloud_to_laserscan/share/pointcloud_to_laserscan/cmake/pointcloud_to_laserscanConfig-version.cmake
[123.459s] -- Installing: /home/jetson/slash_ws/install/pointcloud_to_laserscan/share/pointcloud_to_laserscan/package.xml
[123.468s] Invoked command in '/home/jetson/slash_ws/build/pointcloud_to_laserscan' returned '0': CMAKE_PREFIX_PATH=${CMAKE_PREFIX_PATH}:/home/jetson/slash_ws/install/f1tenth_stack:/home/jetson/slash_ws/install/twist_to_ackermann:/home/jetson/slash_ws/install/joy_teleop:/home/jetson/slash_ws/install/roboracer_china_2025:/home/jetson/slash_ws/install/mouse_teleop:/home/jetson/slash_ws/install/key_teleop:/opt/ros/foxy /usr/bin/cmake --install /home/jetson/slash_ws/build/pointcloud_to_laserscan
