[0.104s] Invoking command in '/home/jetson/slash_ws/build/teb_msgs': CMAKE_PREFIX_PATH=/home/jetson/slash_ws/install/costmap_converter_msgs:/home/jetson/slash_ws/install/vesc:/home/jetson/slash_ws/install/vesc_driver:/home/jetson/slash_ws/install/vesc_ackermann:/home/jetson/slash_ws/install/vesc_msgs:/home/jetson/slash_ws/install/teleop_tools:/home/jetson/slash_ws/install/teleop_tools_msgs:/home/jetson/slash_ws/install/teb_local_planner:/home/jetson/slash_ws/install/teb_msgs:/home/jetson/slash_ws/install/slash_nav2:/home/jetson/slash_ws/install/simple_mpc:/home/jetson/slash_ws/install/pointcloud_to_laserscan:/home/jetson/slash_ws/install/fast_lio:/home/jetson/slash_ws/install/livox_ros_driver2:/home/jetson/slash_ws/install/linefit_ground_segmentation_ros:/home/jetson/slash_ws/install/linefit_ground_segmentation:/home/jetson/slash_ws/install/costmap_converter:/home/jetson/slash_ws/install/ackermann_mux:/home/jetson/slash_ws/install/f1tenth_stack:/home/jetson/slash_ws/install/twist_to_ackermann:/home/jetson/slash_ws/install/joy_teleop:/home/jetson/slash_ws/install/roboracer_china_2025:/home/jetson/slash_ws/install/mouse_teleop:/home/jetson/slash_ws/install/key_teleop:/opt/ros/foxy LD_LIBRARY_PATH=/home/jetson/slash_ws/install/costmap_converter_msgs/lib:/usr/local/cuda/lib64:/usr/local/cuda/lib64:/usr/local/cuda/lib64:/usr/local/cuda/lib64:/usr/local/cuda-11.4/lib64:/usr/local/cuda/lib64:/usr/local/cuda/lib64:/usr/local/cuda/lib64:/usr/local/cuda/lib64:/home/jetson/slash_ws/install/vesc_driver/lib:/home/jetson/slash_ws/install/vesc_ackermann/lib:/home/jetson/slash_ws/install/vesc_msgs/lib:/home/jetson/slash_ws/install/teleop_tools_msgs/lib:/home/jetson/slash_ws/install/teb_local_planner/lib:/home/jetson/slash_ws/install/teb_msgs/lib:/home/jetson/slash_ws/install/pointcloud_to_laserscan/lib:/home/jetson/slash_ws/install/fast_lio/lib:/home/jetson/slash_ws/install/livox_ros_driver2/lib:/home/jetson/slash_ws/install/linefit_ground_segmentation/lib:/home/jetson/slash_ws/install/costmap_converter/lib:/usr/lib/aarch64-linux-gnu/gazebo-11/plugins:/opt/ros/foxy/opt/yaml_cpp_vendor/lib:/opt/ros/foxy/opt/rviz_ogre_vendor/lib:/opt/ros/foxy/lib/aarch64-linux-gnu:/opt/ros/foxy/lib:/usr/local/cuda-11.4/lib64 PYTHONPATH=/home/jetson/slash_ws/install/costmap_converter_msgs/lib/python3.8/site-packages:/home/jetson/slash_ws/install/f1tenth_stack/lib/python3.8/site-packages:/home/jetson/slash_ws/install/vesc_msgs/lib/python3.8/site-packages:/home/jetson/slash_ws/install/twist_to_ackermann/lib/python3.8/site-packages:/home/jetson/slash_ws/install/joy_teleop/lib/python3.8/site-packages:/home/jetson/slash_ws/install/teleop_tools_msgs/lib/python3.8/site-packages:/home/jetson/slash_ws/install/teb_msgs/lib/python3.8/site-packages:/home/jetson/slash_ws/install/roboracer_china_2025/lib/python3.8/site-packages:/home/jetson/slash_ws/install/mouse_teleop/lib/python3.8/site-packages:/home/jetson/slash_ws/install/fast_lio/lib/python3.8/site-packages:/home/jetson/slash_ws/install/livox_ros_driver2/lib/python3.8/site-packages:/home/jetson/slash_ws/install/key_teleop/lib/python3.8/site-packages:/opt/ros/foxy/lib/python3.8/site-packages /usr/bin/cmake /home/jetson/slash_ws/src/slash_navigation/teb_local_planner/teb_msgs -DCMAKE_INSTALL_PREFIX=/home/jetson/slash_ws/install/teb_msgs
[3.056s] -- The C compiler identification is GNU 9.4.0
[3.056s] -- The CXX compiler identification is GNU 9.4.0
[3.057s] -- Check for working C compiler: /usr/bin/cc
[3.057s] -- Check for working C compiler: /usr/bin/cc -- works
[3.057s] -- Detecting C compiler ABI info
[3.057s] -- Detecting C compiler ABI info - done
[3.057s] -- Detecting C compile features
[3.057s] -- Detecting C compile features - done
[3.057s] -- Check for working CXX compiler: /usr/bin/c++
[3.057s] -- Check for working CXX compiler: /usr/bin/c++ -- works
[3.058s] -- Detecting CXX compiler ABI info
[3.058s] -- Detecting CXX compiler ABI info - done
[3.058s] -- Detecting CXX compile features
[3.058s] -- Detecting CXX compile features - done
[3.058s] -- Found ament_cmake: 0.9.12 (/opt/ros/foxy/share/ament_cmake/cmake)
[3.058s] -- Found PythonInterp: /usr/bin/python3 (found suitable version "3.8.10", minimum required is "3") 
[3.058s] -- Using PYTHON_EXECUTABLE: /usr/bin/python3
[3.379s] -- Found builtin_interfaces: 1.0.0 (/opt/ros/foxy/share/builtin_interfaces/cmake)
[3.461s] -- Using all available rosidl_typesupport_c: rosidl_typesupport_fastrtps_c;rosidl_typesupport_introspection_c
[3.487s] -- Found rosidl_adapter: 1.3.1 (/opt/ros/foxy/share/rosidl_adapter/cmake)
[4.002s] -- Found OpenSSL: /usr/lib/aarch64-linux-gnu/libcrypto.so (found version "1.1.1f")  
[4.146s] -- Found FastRTPS: /opt/ros/foxy/include  
[4.438s] -- Using all available rosidl_typesupport_cpp: rosidl_typesupport_fastrtps_cpp;rosidl_typesupport_introspection_cpp
[4.505s] -- Found costmap_converter_msgs: 0.1.2 (/home/jetson/slash_ws/install/costmap_converter_msgs/share/costmap_converter_msgs/cmake)
[4.784s] -- Found rosidl_default_generators: 1.0.1 (/opt/ros/foxy/share/rosidl_default_generators/cmake)
[4.942s] -- Found PythonInterp: /usr/bin/python3 (found version "3.8.10") 
[5.455s] -- Found ament_cmake_ros: 0.9.2 (/opt/ros/foxy/share/ament_cmake_ros/cmake)
[6.128s] -- Using all available rosidl_typesupport_c: rosidl_typesupport_fastrtps_c;rosidl_typesupport_introspection_c
[6.485s] -- Using all available rosidl_typesupport_cpp: rosidl_typesupport_fastrtps_cpp;rosidl_typesupport_introspection_cpp
[6.621s] -- Found PythonInterp: /usr/bin/python3 (found suitable version "3.8.10", minimum required is "3.5") 
[6.624s] -- Found python_cmake_module: 0.8.1 (/opt/ros/foxy/share/python_cmake_module/cmake)
[6.696s] -- Found PythonLibs: /usr/lib/aarch64-linux-gnu/libpython3.8.so (found suitable version "3.8.10", minimum required is "3.5") 
[6.697s] -- Using PYTHON_EXECUTABLE: /usr/bin/python3
[6.697s] -- Using PYTHON_INCLUDE_DIRS: /usr/include/python3.8
[6.698s] -- Using PYTHON_LIBRARIES: /usr/lib/aarch64-linux-gnu/libpython3.8.so
[6.792s] -- Found PythonExtra: .so  
[7.866s] -- Configuring done
[8.146s] -- Generating done
[8.247s] -- Build files have been written to: /home/jetson/slash_ws/build/teb_msgs
[8.304s] Invoked command in '/home/jetson/slash_ws/build/teb_msgs' returned '0': CMAKE_PREFIX_PATH=/home/jetson/slash_ws/install/costmap_converter_msgs:/home/jetson/slash_ws/install/vesc:/home/jetson/slash_ws/install/vesc_driver:/home/jetson/slash_ws/install/vesc_ackermann:/home/jetson/slash_ws/install/vesc_msgs:/home/jetson/slash_ws/install/teleop_tools:/home/jetson/slash_ws/install/teleop_tools_msgs:/home/jetson/slash_ws/install/teb_local_planner:/home/jetson/slash_ws/install/teb_msgs:/home/jetson/slash_ws/install/slash_nav2:/home/jetson/slash_ws/install/simple_mpc:/home/jetson/slash_ws/install/pointcloud_to_laserscan:/home/jetson/slash_ws/install/fast_lio:/home/jetson/slash_ws/install/livox_ros_driver2:/home/jetson/slash_ws/install/linefit_ground_segmentation_ros:/home/jetson/slash_ws/install/linefit_ground_segmentation:/home/jetson/slash_ws/install/costmap_converter:/home/jetson/slash_ws/install/ackermann_mux:/home/jetson/slash_ws/install/f1tenth_stack:/home/jetson/slash_ws/install/twist_to_ackermann:/home/jetson/slash_ws/install/joy_teleop:/home/jetson/slash_ws/install/roboracer_china_2025:/home/jetson/slash_ws/install/mouse_teleop:/home/jetson/slash_ws/install/key_teleop:/opt/ros/foxy LD_LIBRARY_PATH=/home/jetson/slash_ws/install/costmap_converter_msgs/lib:/usr/local/cuda/lib64:/usr/local/cuda/lib64:/usr/local/cuda/lib64:/usr/local/cuda/lib64:/usr/local/cuda-11.4/lib64:/usr/local/cuda/lib64:/usr/local/cuda/lib64:/usr/local/cuda/lib64:/usr/local/cuda/lib64:/home/jetson/slash_ws/install/vesc_driver/lib:/home/jetson/slash_ws/install/vesc_ackermann/lib:/home/jetson/slash_ws/install/vesc_msgs/lib:/home/jetson/slash_ws/install/teleop_tools_msgs/lib:/home/jetson/slash_ws/install/teb_local_planner/lib:/home/jetson/slash_ws/install/teb_msgs/lib:/home/jetson/slash_ws/install/pointcloud_to_laserscan/lib:/home/jetson/slash_ws/install/fast_lio/lib:/home/jetson/slash_ws/install/livox_ros_driver2/lib:/home/jetson/slash_ws/install/linefit_ground_segmentation/lib:/home/jetson/slash_ws/install/costmap_converter/lib:/usr/lib/aarch64-linux-gnu/gazebo-11/plugins:/opt/ros/foxy/opt/yaml_cpp_vendor/lib:/opt/ros/foxy/opt/rviz_ogre_vendor/lib:/opt/ros/foxy/lib/aarch64-linux-gnu:/opt/ros/foxy/lib:/usr/local/cuda-11.4/lib64 PYTHONPATH=/home/jetson/slash_ws/install/costmap_converter_msgs/lib/python3.8/site-packages:/home/jetson/slash_ws/install/f1tenth_stack/lib/python3.8/site-packages:/home/jetson/slash_ws/install/vesc_msgs/lib/python3.8/site-packages:/home/jetson/slash_ws/install/twist_to_ackermann/lib/python3.8/site-packages:/home/jetson/slash_ws/install/joy_teleop/lib/python3.8/site-packages:/home/jetson/slash_ws/install/teleop_tools_msgs/lib/python3.8/site-packages:/home/jetson/slash_ws/install/teb_msgs/lib/python3.8/site-packages:/home/jetson/slash_ws/install/roboracer_china_2025/lib/python3.8/site-packages:/home/jetson/slash_ws/install/mouse_teleop/lib/python3.8/site-packages:/home/jetson/slash_ws/install/fast_lio/lib/python3.8/site-packages:/home/jetson/slash_ws/install/livox_ros_driver2/lib/python3.8/site-packages:/home/jetson/slash_ws/install/key_teleop/lib/python3.8/site-packages:/opt/ros/foxy/lib/python3.8/site-packages /usr/bin/cmake /home/jetson/slash_ws/src/slash_navigation/teb_local_planner/teb_msgs -DCMAKE_INSTALL_PREFIX=/home/jetson/slash_ws/install/teb_msgs
[8.306s] Invoking command in '/home/jetson/slash_ws/build/teb_msgs': CMAKE_PREFIX_PATH=/home/jetson/slash_ws/install/costmap_converter_msgs:/home/jetson/slash_ws/install/vesc:/home/jetson/slash_ws/install/vesc_driver:/home/jetson/slash_ws/install/vesc_ackermann:/home/jetson/slash_ws/install/vesc_msgs:/home/jetson/slash_ws/install/teleop_tools:/home/jetson/slash_ws/install/teleop_tools_msgs:/home/jetson/slash_ws/install/teb_local_planner:/home/jetson/slash_ws/install/teb_msgs:/home/jetson/slash_ws/install/slash_nav2:/home/jetson/slash_ws/install/simple_mpc:/home/jetson/slash_ws/install/pointcloud_to_laserscan:/home/jetson/slash_ws/install/fast_lio:/home/jetson/slash_ws/install/livox_ros_driver2:/home/jetson/slash_ws/install/linefit_ground_segmentation_ros:/home/jetson/slash_ws/install/linefit_ground_segmentation:/home/jetson/slash_ws/install/costmap_converter:/home/jetson/slash_ws/install/ackermann_mux:/home/jetson/slash_ws/install/f1tenth_stack:/home/jetson/slash_ws/install/twist_to_ackermann:/home/jetson/slash_ws/install/joy_teleop:/home/jetson/slash_ws/install/roboracer_china_2025:/home/jetson/slash_ws/install/mouse_teleop:/home/jetson/slash_ws/install/key_teleop:/opt/ros/foxy LD_LIBRARY_PATH=/home/jetson/slash_ws/install/costmap_converter_msgs/lib:/usr/local/cuda/lib64:/usr/local/cuda/lib64:/usr/local/cuda/lib64:/usr/local/cuda/lib64:/usr/local/cuda-11.4/lib64:/usr/local/cuda/lib64:/usr/local/cuda/lib64:/usr/local/cuda/lib64:/usr/local/cuda/lib64:/home/jetson/slash_ws/install/vesc_driver/lib:/home/jetson/slash_ws/install/vesc_ackermann/lib:/home/jetson/slash_ws/install/vesc_msgs/lib:/home/jetson/slash_ws/install/teleop_tools_msgs/lib:/home/jetson/slash_ws/install/teb_local_planner/lib:/home/jetson/slash_ws/install/teb_msgs/lib:/home/jetson/slash_ws/install/pointcloud_to_laserscan/lib:/home/jetson/slash_ws/install/fast_lio/lib:/home/jetson/slash_ws/install/livox_ros_driver2/lib:/home/jetson/slash_ws/install/linefit_ground_segmentation/lib:/home/jetson/slash_ws/install/costmap_converter/lib:/usr/lib/aarch64-linux-gnu/gazebo-11/plugins:/opt/ros/foxy/opt/yaml_cpp_vendor/lib:/opt/ros/foxy/opt/rviz_ogre_vendor/lib:/opt/ros/foxy/lib/aarch64-linux-gnu:/opt/ros/foxy/lib:/usr/local/cuda-11.4/lib64 PYTHONPATH=/home/jetson/slash_ws/install/costmap_converter_msgs/lib/python3.8/site-packages:/home/jetson/slash_ws/install/f1tenth_stack/lib/python3.8/site-packages:/home/jetson/slash_ws/install/vesc_msgs/lib/python3.8/site-packages:/home/jetson/slash_ws/install/twist_to_ackermann/lib/python3.8/site-packages:/home/jetson/slash_ws/install/joy_teleop/lib/python3.8/site-packages:/home/jetson/slash_ws/install/teleop_tools_msgs/lib/python3.8/site-packages:/home/jetson/slash_ws/install/teb_msgs/lib/python3.8/site-packages:/home/jetson/slash_ws/install/roboracer_china_2025/lib/python3.8/site-packages:/home/jetson/slash_ws/install/mouse_teleop/lib/python3.8/site-packages:/home/jetson/slash_ws/install/fast_lio/lib/python3.8/site-packages:/home/jetson/slash_ws/install/livox_ros_driver2/lib/python3.8/site-packages:/home/jetson/slash_ws/install/key_teleop/lib/python3.8/site-packages:/opt/ros/foxy/lib/python3.8/site-packages /usr/bin/cmake --build /home/jetson/slash_ws/build/teb_msgs -- -j8 -l8
[14.762s] [35m[1mScanning dependencies of target teb_msgs__cpp[0m
[14.762s] [  2%] [34m[1mGenerating C++ code for ROS interfaces[0m
[14.762s] [  2%] Built target teb_msgs__cpp
[14.762s] [  4%] [34m[1mGenerating C code for ROS interfaces[0m
[14.762s] [35m[1mScanning dependencies of target teb_msgs__rosidl_generator_c[0m
[14.770s] [  6%] [32mBuilding C object CMakeFiles/teb_msgs__rosidl_generator_c.dir/rosidl_generator_c/teb_msgs/msg/detail/feedback_msg__functions.c.o[0m
[14.771s] [  8%] [32mBuilding C object CMakeFiles/teb_msgs__rosidl_generator_c.dir/rosidl_generator_c/teb_msgs/msg/detail/trajectory_point_msg__functions.c.o[0m
[14.771s] [ 10%] [32mBuilding C object CMakeFiles/teb_msgs__rosidl_generator_c.dir/rosidl_generator_c/teb_msgs/msg/detail/trajectory_msg__functions.c.o[0m
[14.772s] [ 12%] [32m[1mLinking C shared library libteb_msgs__rosidl_generator_c.so[0m
[14.772s] [ 12%] Built target teb_msgs__rosidl_generator_c
[14.772s] [ 14%] [34m[1mGenerating C++ type support for eProsima Fast-RTPS[0m
[14.792s] [35m[1mScanning dependencies of target teb_msgs__rosidl_typesupport_fastrtps_cpp[0m
[14.892s] [ 17%] [32mBuilding CXX object CMakeFiles/teb_msgs__rosidl_typesupport_fastrtps_cpp.dir/rosidl_typesupport_fastrtps_cpp/teb_msgs/msg/detail/dds_fastrtps/feedback_msg__type_support.cpp.o[0m
[17.206s] [ 19%] [32mBuilding CXX object CMakeFiles/teb_msgs__rosidl_typesupport_fastrtps_cpp.dir/rosidl_typesupport_fastrtps_cpp/teb_msgs/msg/detail/dds_fastrtps/trajectory_point_msg__type_support.cpp.o[0m
[18.488s] [ 21%] [32mBuilding CXX object CMakeFiles/teb_msgs__rosidl_typesupport_fastrtps_cpp.dir/rosidl_typesupport_fastrtps_cpp/teb_msgs/msg/detail/dds_fastrtps/trajectory_msg__type_support.cpp.o[0m
[20.741s] [ 23%] [32m[1mLinking CXX shared library libteb_msgs__rosidl_typesupport_fastrtps_cpp.so[0m
[21.304s] [ 23%] Built target teb_msgs__rosidl_typesupport_fastrtps_cpp
[21.396s] [ 25%] [34m[1mGenerating C type support dispatch for ROS interfaces[0m
[22.734s] [35m[1mScanning dependencies of target teb_msgs__rosidl_typesupport_c[0m
[22.858s] [ 27%] [32mBuilding CXX object CMakeFiles/teb_msgs__rosidl_typesupport_c.dir/rosidl_typesupport_c/teb_msgs/msg/feedback_msg__type_support.cpp.o[0m
[22.930s] [ 29%] [32mBuilding CXX object CMakeFiles/teb_msgs__rosidl_typesupport_c.dir/rosidl_typesupport_c/teb_msgs/msg/trajectory_point_msg__type_support.cpp.o[0m
[23.127s] [ 31%] [32mBuilding CXX object CMakeFiles/teb_msgs__rosidl_typesupport_c.dir/rosidl_typesupport_c/teb_msgs/msg/trajectory_msg__type_support.cpp.o[0m
[23.306s] [ 34%] [32m[1mLinking CXX shared library libteb_msgs__rosidl_typesupport_c.so[0m
[23.592s] [ 34%] Built target teb_msgs__rosidl_typesupport_c
[23.680s] [ 36%] [34m[1mGenerating C type support for eProsima Fast-RTPS[0m
[25.109s] [35m[1mScanning dependencies of target teb_msgs__rosidl_typesupport_fastrtps_c[0m
[25.273s] [ 38%] [32mBuilding CXX object CMakeFiles/teb_msgs__rosidl_typesupport_fastrtps_c.dir/rosidl_typesupport_fastrtps_c/teb_msgs/msg/detail/feedback_msg__type_support_c.cpp.o[0m
[26.995s] [ 40%] [32mBuilding CXX object CMakeFiles/teb_msgs__rosidl_typesupport_fastrtps_c.dir/rosidl_typesupport_fastrtps_c/teb_msgs/msg/detail/trajectory_point_msg__type_support_c.cpp.o[0m
[28.876s] [ 42%] [32mBuilding CXX object CMakeFiles/teb_msgs__rosidl_typesupport_fastrtps_c.dir/rosidl_typesupport_fastrtps_c/teb_msgs/msg/detail/trajectory_msg__type_support_c.cpp.o[0m
[30.129s] [ 44%] [32m[1mLinking CXX shared library libteb_msgs__rosidl_typesupport_fastrtps_c.so[0m
[30.481s] [ 44%] Built target teb_msgs__rosidl_typesupport_fastrtps_c
[30.516s] [ 46%] [34m[1mGenerating C introspection for ROS interfaces[0m
[31.431s] [35m[1mScanning dependencies of target teb_msgs__rosidl_typesupport_introspection_c[0m
[31.486s] [ 48%] [32mBuilding C object CMakeFiles/teb_msgs__rosidl_typesupport_introspection_c.dir/rosidl_typesupport_introspection_c/teb_msgs/msg/detail/feedback_msg__type_support.c.o[0m
[31.610s] [ 51%] [32mBuilding C object CMakeFiles/teb_msgs__rosidl_typesupport_introspection_c.dir/rosidl_typesupport_introspection_c/teb_msgs/msg/detail/trajectory_point_msg__type_support.c.o[0m
[31.723s] [ 53%] [32mBuilding C object CMakeFiles/teb_msgs__rosidl_typesupport_introspection_c.dir/rosidl_typesupport_introspection_c/teb_msgs/msg/detail/trajectory_msg__type_support.c.o[0m
[31.836s] [ 55%] [32m[1mLinking C shared library libteb_msgs__rosidl_typesupport_introspection_c.so[0m
[31.927s] [ 55%] Built target teb_msgs__rosidl_typesupport_introspection_c
[31.954s] [ 57%] [34m[1mGenerating C++ type support dispatch for ROS interfaces[0m
[32.682s] [35m[1mScanning dependencies of target teb_msgs__rosidl_typesupport_cpp[0m
[32.740s] [ 59%] [32mBuilding CXX object CMakeFiles/teb_msgs__rosidl_typesupport_cpp.dir/rosidl_typesupport_cpp/teb_msgs/msg/feedback_msg__type_support.cpp.o[0m
[33.550s] [ 61%] [32mBuilding CXX object CMakeFiles/teb_msgs__rosidl_typesupport_cpp.dir/rosidl_typesupport_cpp/teb_msgs/msg/trajectory_point_msg__type_support.cpp.o[0m
[34.330s] [ 63%] [32mBuilding CXX object CMakeFiles/teb_msgs__rosidl_typesupport_cpp.dir/rosidl_typesupport_cpp/teb_msgs/msg/trajectory_msg__type_support.cpp.o[0m
[35.008s] [ 65%] [32m[1mLinking CXX shared library libteb_msgs__rosidl_typesupport_cpp.so[0m
[35.151s] [ 65%] Built target teb_msgs__rosidl_typesupport_cpp
[35.212s] [ 68%] [34m[1mGenerating C++ introspection for ROS interfaces[0m
[36.330s] [35m[1mScanning dependencies of target teb_msgs__rosidl_typesupport_introspection_cpp[0m
[36.462s] [ 70%] [32mBuilding CXX object CMakeFiles/teb_msgs__rosidl_typesupport_introspection_cpp.dir/rosidl_typesupport_introspection_cpp/teb_msgs/msg/detail/feedback_msg__type_support.cpp.o[0m
[37.399s] [ 72%] [32mBuilding CXX object CMakeFiles/teb_msgs__rosidl_typesupport_introspection_cpp.dir/rosidl_typesupport_introspection_cpp/teb_msgs/msg/detail/trajectory_point_msg__type_support.cpp.o[0m
[38.137s] [ 74%] [32mBuilding CXX object CMakeFiles/teb_msgs__rosidl_typesupport_introspection_cpp.dir/rosidl_typesupport_introspection_cpp/teb_msgs/msg/detail/trajectory_msg__type_support.cpp.o[0m
[39.015s] [ 76%] [32m[1mLinking CXX shared library libteb_msgs__rosidl_typesupport_introspection_cpp.so[0m
[39.537s] [ 76%] Built target teb_msgs__rosidl_typesupport_introspection_cpp
[39.613s] [35m[1mScanning dependencies of target teb_msgs[0m
[39.731s] [ 76%] Built target teb_msgs
[39.809s] [35m[1mScanning dependencies of target teb_msgs__py[0m
[39.916s] [ 78%] [34m[1mGenerating Python code for ROS interfaces[0m
[42.141s] [ 78%] Built target teb_msgs__py
[42.194s] [35m[1mScanning dependencies of target teb_msgs__python[0m
[42.327s] [ 80%] [32mBuilding C object CMakeFiles/teb_msgs__python.dir/rosidl_generator_py/teb_msgs/msg/_feedback_msg_s.c.o[0m
[42.664s] [ 82%] [32mBuilding C object CMakeFiles/teb_msgs__python.dir/rosidl_generator_py/teb_msgs/msg/_trajectory_point_msg_s.c.o[0m
[43.087s] [ 85%] [32mBuilding C object CMakeFiles/teb_msgs__python.dir/rosidl_generator_py/teb_msgs/msg/_trajectory_msg_s.c.o[0m
[43.543s] [ 87%] [32m[1mLinking C shared library rosidl_generator_py/teb_msgs/libteb_msgs__python.so[0m
[43.877s] [ 87%] Built target teb_msgs__python
[43.963s] [35m[1mScanning dependencies of target teb_msgs__rosidl_typesupport_fastrtps_c__pyext[0m
[44.119s] [ 89%] [32mBuilding C object CMakeFiles/teb_msgs__rosidl_typesupport_fastrtps_c__pyext.dir/rosidl_generator_py/teb_msgs/_teb_msgs_s.ep.rosidl_typesupport_fastrtps_c.c.o[0m
[44.636s] [ 91%] [32m[1mLinking CXX shared library rosidl_generator_py/teb_msgs/teb_msgs_s__rosidl_typesupport_fastrtps_c.cpython-38-aarch64-linux-gnu.so[0m
[44.974s] [ 91%] Built target teb_msgs__rosidl_typesupport_fastrtps_c__pyext
[45.001s] [35m[1mScanning dependencies of target teb_msgs__rosidl_typesupport_introspection_c__pyext[0m
[45.110s] [ 93%] [32mBuilding C object CMakeFiles/teb_msgs__rosidl_typesupport_introspection_c__pyext.dir/rosidl_generator_py/teb_msgs/_teb_msgs_s.ep.rosidl_typesupport_introspection_c.c.o[0m
[45.542s] [ 95%] [32m[1mLinking C shared library rosidl_generator_py/teb_msgs/teb_msgs_s__rosidl_typesupport_introspection_c.cpython-38-aarch64-linux-gnu.so[0m
[45.793s] [ 95%] Built target teb_msgs__rosidl_typesupport_introspection_c__pyext
[45.881s] [35m[1mScanning dependencies of target teb_msgs__rosidl_typesupport_c__pyext[0m
[46.060s] [ 97%] [32mBuilding C object CMakeFiles/teb_msgs__rosidl_typesupport_c__pyext.dir/rosidl_generator_py/teb_msgs/_teb_msgs_s.ep.rosidl_typesupport_c.c.o[0m
[46.462s] [100%] [32m[1mLinking C shared library rosidl_generator_py/teb_msgs/teb_msgs_s__rosidl_typesupport_c.cpython-38-aarch64-linux-gnu.so[0m
[46.699s] [100%] Built target teb_msgs__rosidl_typesupport_c__pyext
[46.772s] Invoked command in '/home/jetson/slash_ws/build/teb_msgs' returned '0': CMAKE_PREFIX_PATH=/home/jetson/slash_ws/install/costmap_converter_msgs:/home/jetson/slash_ws/install/vesc:/home/jetson/slash_ws/install/vesc_driver:/home/jetson/slash_ws/install/vesc_ackermann:/home/jetson/slash_ws/install/vesc_msgs:/home/jetson/slash_ws/install/teleop_tools:/home/jetson/slash_ws/install/teleop_tools_msgs:/home/jetson/slash_ws/install/teb_local_planner:/home/jetson/slash_ws/install/teb_msgs:/home/jetson/slash_ws/install/slash_nav2:/home/jetson/slash_ws/install/simple_mpc:/home/jetson/slash_ws/install/pointcloud_to_laserscan:/home/jetson/slash_ws/install/fast_lio:/home/jetson/slash_ws/install/livox_ros_driver2:/home/jetson/slash_ws/install/linefit_ground_segmentation_ros:/home/jetson/slash_ws/install/linefit_ground_segmentation:/home/jetson/slash_ws/install/costmap_converter:/home/jetson/slash_ws/install/ackermann_mux:/home/jetson/slash_ws/install/f1tenth_stack:/home/jetson/slash_ws/install/twist_to_ackermann:/home/jetson/slash_ws/install/joy_teleop:/home/jetson/slash_ws/install/roboracer_china_2025:/home/jetson/slash_ws/install/mouse_teleop:/home/jetson/slash_ws/install/key_teleop:/opt/ros/foxy LD_LIBRARY_PATH=/home/jetson/slash_ws/install/costmap_converter_msgs/lib:/usr/local/cuda/lib64:/usr/local/cuda/lib64:/usr/local/cuda/lib64:/usr/local/cuda/lib64:/usr/local/cuda-11.4/lib64:/usr/local/cuda/lib64:/usr/local/cuda/lib64:/usr/local/cuda/lib64:/usr/local/cuda/lib64:/home/jetson/slash_ws/install/vesc_driver/lib:/home/jetson/slash_ws/install/vesc_ackermann/lib:/home/jetson/slash_ws/install/vesc_msgs/lib:/home/jetson/slash_ws/install/teleop_tools_msgs/lib:/home/jetson/slash_ws/install/teb_local_planner/lib:/home/jetson/slash_ws/install/teb_msgs/lib:/home/jetson/slash_ws/install/pointcloud_to_laserscan/lib:/home/jetson/slash_ws/install/fast_lio/lib:/home/jetson/slash_ws/install/livox_ros_driver2/lib:/home/jetson/slash_ws/install/linefit_ground_segmentation/lib:/home/jetson/slash_ws/install/costmap_converter/lib:/usr/lib/aarch64-linux-gnu/gazebo-11/plugins:/opt/ros/foxy/opt/yaml_cpp_vendor/lib:/opt/ros/foxy/opt/rviz_ogre_vendor/lib:/opt/ros/foxy/lib/aarch64-linux-gnu:/opt/ros/foxy/lib:/usr/local/cuda-11.4/lib64 PYTHONPATH=/home/jetson/slash_ws/install/costmap_converter_msgs/lib/python3.8/site-packages:/home/jetson/slash_ws/install/f1tenth_stack/lib/python3.8/site-packages:/home/jetson/slash_ws/install/vesc_msgs/lib/python3.8/site-packages:/home/jetson/slash_ws/install/twist_to_ackermann/lib/python3.8/site-packages:/home/jetson/slash_ws/install/joy_teleop/lib/python3.8/site-packages:/home/jetson/slash_ws/install/teleop_tools_msgs/lib/python3.8/site-packages:/home/jetson/slash_ws/install/teb_msgs/lib/python3.8/site-packages:/home/jetson/slash_ws/install/roboracer_china_2025/lib/python3.8/site-packages:/home/jetson/slash_ws/install/mouse_teleop/lib/python3.8/site-packages:/home/jetson/slash_ws/install/fast_lio/lib/python3.8/site-packages:/home/jetson/slash_ws/install/livox_ros_driver2/lib/python3.8/site-packages:/home/jetson/slash_ws/install/key_teleop/lib/python3.8/site-packages:/opt/ros/foxy/lib/python3.8/site-packages /usr/bin/cmake --build /home/jetson/slash_ws/build/teb_msgs -- -j8 -l8
[46.774s] Invoking command in '/home/jetson/slash_ws/build/teb_msgs': CMAKE_PREFIX_PATH=/home/jetson/slash_ws/install/costmap_converter_msgs:/home/jetson/slash_ws/install/vesc:/home/jetson/slash_ws/install/vesc_driver:/home/jetson/slash_ws/install/vesc_ackermann:/home/jetson/slash_ws/install/vesc_msgs:/home/jetson/slash_ws/install/teleop_tools:/home/jetson/slash_ws/install/teleop_tools_msgs:/home/jetson/slash_ws/install/teb_local_planner:/home/jetson/slash_ws/install/teb_msgs:/home/jetson/slash_ws/install/slash_nav2:/home/jetson/slash_ws/install/simple_mpc:/home/jetson/slash_ws/install/pointcloud_to_laserscan:/home/jetson/slash_ws/install/fast_lio:/home/jetson/slash_ws/install/livox_ros_driver2:/home/jetson/slash_ws/install/linefit_ground_segmentation_ros:/home/jetson/slash_ws/install/linefit_ground_segmentation:/home/jetson/slash_ws/install/costmap_converter:/home/jetson/slash_ws/install/ackermann_mux:/home/jetson/slash_ws/install/f1tenth_stack:/home/jetson/slash_ws/install/twist_to_ackermann:/home/jetson/slash_ws/install/joy_teleop:/home/jetson/slash_ws/install/roboracer_china_2025:/home/jetson/slash_ws/install/mouse_teleop:/home/jetson/slash_ws/install/key_teleop:/opt/ros/foxy LD_LIBRARY_PATH=/home/jetson/slash_ws/install/costmap_converter_msgs/lib:/usr/local/cuda/lib64:/usr/local/cuda/lib64:/usr/local/cuda/lib64:/usr/local/cuda/lib64:/usr/local/cuda-11.4/lib64:/usr/local/cuda/lib64:/usr/local/cuda/lib64:/usr/local/cuda/lib64:/usr/local/cuda/lib64:/home/jetson/slash_ws/install/vesc_driver/lib:/home/jetson/slash_ws/install/vesc_ackermann/lib:/home/jetson/slash_ws/install/vesc_msgs/lib:/home/jetson/slash_ws/install/teleop_tools_msgs/lib:/home/jetson/slash_ws/install/teb_local_planner/lib:/home/jetson/slash_ws/install/teb_msgs/lib:/home/jetson/slash_ws/install/pointcloud_to_laserscan/lib:/home/jetson/slash_ws/install/fast_lio/lib:/home/jetson/slash_ws/install/livox_ros_driver2/lib:/home/jetson/slash_ws/install/linefit_ground_segmentation/lib:/home/jetson/slash_ws/install/costmap_converter/lib:/usr/lib/aarch64-linux-gnu/gazebo-11/plugins:/opt/ros/foxy/opt/yaml_cpp_vendor/lib:/opt/ros/foxy/opt/rviz_ogre_vendor/lib:/opt/ros/foxy/lib/aarch64-linux-gnu:/opt/ros/foxy/lib:/usr/local/cuda-11.4/lib64 PYTHONPATH=/home/jetson/slash_ws/install/costmap_converter_msgs/lib/python3.8/site-packages:/home/jetson/slash_ws/install/f1tenth_stack/lib/python3.8/site-packages:/home/jetson/slash_ws/install/vesc_msgs/lib/python3.8/site-packages:/home/jetson/slash_ws/install/twist_to_ackermann/lib/python3.8/site-packages:/home/jetson/slash_ws/install/joy_teleop/lib/python3.8/site-packages:/home/jetson/slash_ws/install/teleop_tools_msgs/lib/python3.8/site-packages:/home/jetson/slash_ws/install/teb_msgs/lib/python3.8/site-packages:/home/jetson/slash_ws/install/roboracer_china_2025/lib/python3.8/site-packages:/home/jetson/slash_ws/install/mouse_teleop/lib/python3.8/site-packages:/home/jetson/slash_ws/install/fast_lio/lib/python3.8/site-packages:/home/jetson/slash_ws/install/livox_ros_driver2/lib/python3.8/site-packages:/home/jetson/slash_ws/install/key_teleop/lib/python3.8/site-packages:/opt/ros/foxy/lib/python3.8/site-packages /usr/bin/cmake --install /home/jetson/slash_ws/build/teb_msgs
[63.270s] -- Install configuration: ""
[63.270s] -- Installing: /home/jetson/slash_ws/install/teb_msgs/share/ament_index/resource_index/rosidl_interfaces/teb_msgs
[63.270s] -- Installing: /home/jetson/slash_ws/install/teb_msgs/include/teb_msgs
[63.271s] -- Installing: /home/jetson/slash_ws/install/teb_msgs/include/teb_msgs/msg
[63.271s] -- Installing: /home/jetson/slash_ws/install/teb_msgs/include/teb_msgs/msg/feedback_msg.h
[63.271s] -- Installing: /home/jetson/slash_ws/install/teb_msgs/include/teb_msgs/msg/trajectory_point_msg.h
[63.271s] -- Installing: /home/jetson/slash_ws/install/teb_msgs/include/teb_msgs/msg/trajectory_msg.h
[63.271s] -- Installing: /home/jetson/slash_ws/install/teb_msgs/include/teb_msgs/msg/detail
[63.271s] -- Installing: /home/jetson/slash_ws/install/teb_msgs/include/teb_msgs/msg/detail/feedback_msg__functions.c
[63.271s] -- Installing: /home/jetson/slash_ws/install/teb_msgs/include/teb_msgs/msg/detail/trajectory_point_msg__functions.h
[63.271s] -- Installing: /home/jetson/slash_ws/install/teb_msgs/include/teb_msgs/msg/detail/trajectory_point_msg__struct.h
[63.271s] -- Installing: /home/jetson/slash_ws/install/teb_msgs/include/teb_msgs/msg/detail/feedback_msg__type_support.h
[63.272s] -- Installing: /home/jetson/slash_ws/install/teb_msgs/include/teb_msgs/msg/detail/trajectory_point_msg__functions.c
[63.272s] -- Installing: /home/jetson/slash_ws/install/teb_msgs/include/teb_msgs/msg/detail/feedback_msg__functions.h
[63.272s] -- Installing: /home/jetson/slash_ws/install/teb_msgs/include/teb_msgs/msg/detail/trajectory_msg__type_support.h
[63.272s] -- Installing: /home/jetson/slash_ws/install/teb_msgs/include/teb_msgs/msg/detail/trajectory_msg__struct.h
[63.272s] -- Installing: /home/jetson/slash_ws/install/teb_msgs/include/teb_msgs/msg/detail/feedback_msg__struct.h
[63.272s] -- Installing: /home/jetson/slash_ws/install/teb_msgs/include/teb_msgs/msg/detail/trajectory_msg__functions.c
[63.272s] -- Installing: /home/jetson/slash_ws/install/teb_msgs/include/teb_msgs/msg/detail/trajectory_msg__functions.h
[63.272s] -- Installing: /home/jetson/slash_ws/install/teb_msgs/include/teb_msgs/msg/detail/trajectory_point_msg__type_support.h
[63.273s] -- Installing: /home/jetson/slash_ws/install/teb_msgs/include/teb_msgs/msg/rosidl_generator_c__visibility_control.h
[63.273s] -- Installing: /home/jetson/slash_ws/install/teb_msgs/share/teb_msgs/environment/library_path.sh
[63.279s] -- Installing: /home/jetson/slash_ws/install/teb_msgs/share/teb_msgs/environment/library_path.dsv
[63.280s] -- Installing: /home/jetson/slash_ws/install/teb_msgs/lib/libteb_msgs__rosidl_generator_c.so
[63.280s] -- Set runtime path of "/home/jetson/slash_ws/install/teb_msgs/lib/libteb_msgs__rosidl_generator_c.so" to ""
[63.281s] -- Up-to-date: /home/jetson/slash_ws/install/teb_msgs/include/teb_msgs
[63.281s] -- Up-to-date: /home/jetson/slash_ws/install/teb_msgs/include/teb_msgs/msg
[63.281s] -- Up-to-date: /home/jetson/slash_ws/install/teb_msgs/include/teb_msgs/msg/detail
[63.281s] -- Installing: /home/jetson/slash_ws/install/teb_msgs/include/teb_msgs/msg/detail/feedback_msg__rosidl_typesupport_fastrtps_c.h
[63.281s] -- Installing: /home/jetson/slash_ws/install/teb_msgs/include/teb_msgs/msg/detail/trajectory_point_msg__rosidl_typesupport_fastrtps_c.h
[63.281s] -- Installing: /home/jetson/slash_ws/install/teb_msgs/include/teb_msgs/msg/detail/trajectory_msg__rosidl_typesupport_fastrtps_c.h
[63.281s] -- Installing: /home/jetson/slash_ws/install/teb_msgs/include/teb_msgs/msg/rosidl_typesupport_fastrtps_c__visibility_control.h
[63.281s] -- Installing: /home/jetson/slash_ws/install/teb_msgs/lib/libteb_msgs__rosidl_typesupport_fastrtps_c.so
[63.282s] -- Set runtime path of "/home/jetson/slash_ws/install/teb_msgs/lib/libteb_msgs__rosidl_typesupport_fastrtps_c.so" to ""
[63.282s] -- Up-to-date: /home/jetson/slash_ws/install/teb_msgs/include/teb_msgs
[63.295s] -- Up-to-date: /home/jetson/slash_ws/install/teb_msgs/include/teb_msgs/msg
[63.295s] -- Installing: /home/jetson/slash_ws/install/teb_msgs/include/teb_msgs/msg/rosidl_typesupport_fastrtps_cpp__visibility_control.h
[63.295s] -- Up-to-date: /home/jetson/slash_ws/install/teb_msgs/include/teb_msgs/msg/detail
[63.295s] -- Installing: /home/jetson/slash_ws/install/teb_msgs/include/teb_msgs/msg/detail/trajectory_point_msg__rosidl_typesupport_fastrtps_cpp.hpp
[63.295s] -- Installing: /home/jetson/slash_ws/install/teb_msgs/include/teb_msgs/msg/detail/feedback_msg__rosidl_typesupport_fastrtps_cpp.hpp
[63.295s] -- Installing: /home/jetson/slash_ws/install/teb_msgs/include/teb_msgs/msg/detail/dds_fastrtps
[63.295s] -- Installing: /home/jetson/slash_ws/install/teb_msgs/include/teb_msgs/msg/detail/trajectory_msg__rosidl_typesupport_fastrtps_cpp.hpp
[63.296s] -- Installing: /home/jetson/slash_ws/install/teb_msgs/lib/libteb_msgs__rosidl_typesupport_fastrtps_cpp.so
[63.296s] -- Set runtime path of "/home/jetson/slash_ws/install/teb_msgs/lib/libteb_msgs__rosidl_typesupport_fastrtps_cpp.so" to ""
[63.296s] -- Up-to-date: /home/jetson/slash_ws/install/teb_msgs/include/teb_msgs
[63.296s] -- Up-to-date: /home/jetson/slash_ws/install/teb_msgs/include/teb_msgs/msg
[63.296s] -- Installing: /home/jetson/slash_ws/install/teb_msgs/include/teb_msgs/msg/rosidl_typesupport_introspection_c__visibility_control.h
[63.296s] -- Up-to-date: /home/jetson/slash_ws/install/teb_msgs/include/teb_msgs/msg/detail
[63.296s] -- Installing: /home/jetson/slash_ws/install/teb_msgs/include/teb_msgs/msg/detail/feedback_msg__type_support.c
[63.296s] -- Installing: /home/jetson/slash_ws/install/teb_msgs/include/teb_msgs/msg/detail/trajectory_msg__type_support.c
[63.296s] -- Installing: /home/jetson/slash_ws/install/teb_msgs/include/teb_msgs/msg/detail/feedback_msg__rosidl_typesupport_introspection_c.h
[63.297s] -- Installing: /home/jetson/slash_ws/install/teb_msgs/include/teb_msgs/msg/detail/trajectory_point_msg__rosidl_typesupport_introspection_c.h
[63.297s] -- Installing: /home/jetson/slash_ws/install/teb_msgs/include/teb_msgs/msg/detail/trajectory_point_msg__type_support.c
[63.297s] -- Installing: /home/jetson/slash_ws/install/teb_msgs/include/teb_msgs/msg/detail/trajectory_msg__rosidl_typesupport_introspection_c.h
[63.297s] -- Installing: /home/jetson/slash_ws/install/teb_msgs/lib/libteb_msgs__rosidl_typesupport_introspection_c.so
[63.297s] -- Set runtime path of "/home/jetson/slash_ws/install/teb_msgs/lib/libteb_msgs__rosidl_typesupport_introspection_c.so" to ""
[63.313s] -- Installing: /home/jetson/slash_ws/install/teb_msgs/lib/libteb_msgs__rosidl_typesupport_c.so
[63.313s] -- Set runtime path of "/home/jetson/slash_ws/install/teb_msgs/lib/libteb_msgs__rosidl_typesupport_c.so" to ""
[63.313s] -- Up-to-date: /home/jetson/slash_ws/install/teb_msgs/include/teb_msgs
[63.313s] -- Up-to-date: /home/jetson/slash_ws/install/teb_msgs/include/teb_msgs/msg
[63.313s] -- Installing: /home/jetson/slash_ws/install/teb_msgs/include/teb_msgs/msg/rosidl_generator_cpp__visibility_control.hpp
[63.314s] -- Up-to-date: /home/jetson/slash_ws/install/teb_msgs/include/teb_msgs/msg/detail
[63.314s] -- Installing: /home/jetson/slash_ws/install/teb_msgs/include/teb_msgs/msg/detail/feedback_msg__struct.hpp
[63.314s] -- Installing: /home/jetson/slash_ws/install/teb_msgs/include/teb_msgs/msg/detail/feedback_msg__builder.hpp
[63.314s] -- Installing: /home/jetson/slash_ws/install/teb_msgs/include/teb_msgs/msg/detail/trajectory_point_msg__traits.hpp
[63.314s] -- Installing: /home/jetson/slash_ws/install/teb_msgs/include/teb_msgs/msg/detail/trajectory_point_msg__struct.hpp
[63.314s] -- Installing: /home/jetson/slash_ws/install/teb_msgs/include/teb_msgs/msg/detail/trajectory_point_msg__type_support.hpp
[63.314s] -- Installing: /home/jetson/slash_ws/install/teb_msgs/include/teb_msgs/msg/detail/feedback_msg__type_support.hpp
[63.314s] -- Installing: /home/jetson/slash_ws/install/teb_msgs/include/teb_msgs/msg/detail/trajectory_msg__builder.hpp
[63.315s] -- Installing: /home/jetson/slash_ws/install/teb_msgs/include/teb_msgs/msg/detail/trajectory_msg__traits.hpp
[63.315s] -- Installing: /home/jetson/slash_ws/install/teb_msgs/include/teb_msgs/msg/detail/trajectory_msg__struct.hpp
[63.315s] -- Installing: /home/jetson/slash_ws/install/teb_msgs/include/teb_msgs/msg/detail/trajectory_point_msg__builder.hpp
[63.315s] -- Installing: /home/jetson/slash_ws/install/teb_msgs/include/teb_msgs/msg/detail/feedback_msg__traits.hpp
[63.315s] -- Installing: /home/jetson/slash_ws/install/teb_msgs/include/teb_msgs/msg/detail/trajectory_msg__type_support.hpp
[63.315s] -- Installing: /home/jetson/slash_ws/install/teb_msgs/include/teb_msgs/msg/feedback_msg.hpp
[63.315s] -- Installing: /home/jetson/slash_ws/install/teb_msgs/include/teb_msgs/msg/trajectory_point_msg.hpp
[63.315s] -- Installing: /home/jetson/slash_ws/install/teb_msgs/include/teb_msgs/msg/trajectory_msg.hpp
[63.315s] -- Up-to-date: /home/jetson/slash_ws/install/teb_msgs/include/teb_msgs
[63.316s] -- Up-to-date: /home/jetson/slash_ws/install/teb_msgs/include/teb_msgs/msg
[63.316s] -- Up-to-date: /home/jetson/slash_ws/install/teb_msgs/include/teb_msgs/msg/detail
[63.316s] -- Installing: /home/jetson/slash_ws/install/teb_msgs/include/teb_msgs/msg/detail/trajectory_msg__rosidl_typesupport_introspection_cpp.hpp
[63.316s] -- Installing: /home/jetson/slash_ws/install/teb_msgs/include/teb_msgs/msg/detail/trajectory_point_msg__type_support.cpp
[63.316s] -- Installing: /home/jetson/slash_ws/install/teb_msgs/include/teb_msgs/msg/detail/feedback_msg__type_support.cpp
[63.316s] -- Installing: /home/jetson/slash_ws/install/teb_msgs/include/teb_msgs/msg/detail/trajectory_point_msg__rosidl_typesupport_introspection_cpp.hpp
[63.316s] -- Installing: /home/jetson/slash_ws/install/teb_msgs/include/teb_msgs/msg/detail/feedback_msg__rosidl_typesupport_introspection_cpp.hpp
[63.316s] -- Installing: /home/jetson/slash_ws/install/teb_msgs/include/teb_msgs/msg/detail/trajectory_msg__type_support.cpp
[63.316s] -- Installing: /home/jetson/slash_ws/install/teb_msgs/lib/libteb_msgs__rosidl_typesupport_introspection_cpp.so
[63.317s] -- Set runtime path of "/home/jetson/slash_ws/install/teb_msgs/lib/libteb_msgs__rosidl_typesupport_introspection_cpp.so" to ""
[63.317s] -- Installing: /home/jetson/slash_ws/install/teb_msgs/lib/libteb_msgs__rosidl_typesupport_cpp.so
[63.317s] -- Set runtime path of "/home/jetson/slash_ws/install/teb_msgs/lib/libteb_msgs__rosidl_typesupport_cpp.so" to ""
[63.317s] -- Installing: /home/jetson/slash_ws/install/teb_msgs/share/teb_msgs/environment/pythonpath.sh
[63.317s] -- Installing: /home/jetson/slash_ws/install/teb_msgs/share/teb_msgs/environment/pythonpath.dsv
[63.317s] -- Installing: /home/jetson/slash_ws/install/teb_msgs/lib/python3.8/site-packages/teb_msgs/__init__.py
[63.317s] Compiling '/home/jetson/slash_ws/install/teb_msgs/lib/python3.8/site-packages/teb_msgs/__init__.py'...
[63.317s] -- Installing: /home/jetson/slash_ws/install/teb_msgs/lib/python3.8/site-packages/teb_msgs/msg
[63.317s] -- Installing: /home/jetson/slash_ws/install/teb_msgs/lib/python3.8/site-packages/teb_msgs/msg/_trajectory_msg.py
[63.318s] -- Installing: /home/jetson/slash_ws/install/teb_msgs/lib/python3.8/site-packages/teb_msgs/msg/_feedback_msg.py
[63.318s] -- Installing: /home/jetson/slash_ws/install/teb_msgs/lib/python3.8/site-packages/teb_msgs/msg/_trajectory_point_msg.py
[63.318s] -- Installing: /home/jetson/slash_ws/install/teb_msgs/lib/python3.8/site-packages/teb_msgs/msg/_feedback_msg_s.c
[63.318s] -- Installing: /home/jetson/slash_ws/install/teb_msgs/lib/python3.8/site-packages/teb_msgs/msg/_trajectory_point_msg_s.c
[63.318s] -- Installing: /home/jetson/slash_ws/install/teb_msgs/lib/python3.8/site-packages/teb_msgs/msg/__init__.py
[63.318s] -- Installing: /home/jetson/slash_ws/install/teb_msgs/lib/python3.8/site-packages/teb_msgs/msg/_trajectory_msg_s.c
[63.318s] -- Installing: /home/jetson/slash_ws/install/teb_msgs/lib/python3.8/site-packages/teb_msgs/teb_msgs_s__rosidl_typesupport_fastrtps_c.cpython-38-aarch64-linux-gnu.so
[63.318s] -- Set runtime path of "/home/jetson/slash_ws/install/teb_msgs/lib/python3.8/site-packages/teb_msgs/teb_msgs_s__rosidl_typesupport_fastrtps_c.cpython-38-aarch64-linux-gnu.so" to ""
[63.319s] -- Installing: /home/jetson/slash_ws/install/teb_msgs/lib/python3.8/site-packages/teb_msgs/teb_msgs_s__rosidl_typesupport_introspection_c.cpython-38-aarch64-linux-gnu.so
[63.319s] -- Set runtime path of "/home/jetson/slash_ws/install/teb_msgs/lib/python3.8/site-packages/teb_msgs/teb_msgs_s__rosidl_typesupport_introspection_c.cpython-38-aarch64-linux-gnu.so" to ""
[63.319s] -- Installing: /home/jetson/slash_ws/install/teb_msgs/lib/python3.8/site-packages/teb_msgs/teb_msgs_s__rosidl_typesupport_c.cpython-38-aarch64-linux-gnu.so
[63.319s] -- Set runtime path of "/home/jetson/slash_ws/install/teb_msgs/lib/python3.8/site-packages/teb_msgs/teb_msgs_s__rosidl_typesupport_c.cpython-38-aarch64-linux-gnu.so" to ""
[63.319s] -- Installing: /home/jetson/slash_ws/install/teb_msgs/lib/libteb_msgs__python.so
[63.319s] -- Set runtime path of "/home/jetson/slash_ws/install/teb_msgs/lib/libteb_msgs__python.so" to ""
[63.319s] -- Installing: /home/jetson/slash_ws/install/teb_msgs/share/teb_msgs/msg/FeedbackMsg.idl
[63.319s] -- Installing: /home/jetson/slash_ws/install/teb_msgs/share/teb_msgs/msg/TrajectoryMsg.idl
[63.319s] -- Installing: /home/jetson/slash_ws/install/teb_msgs/share/teb_msgs/msg/TrajectoryPointMsg.idl
[63.319s] -- Installing: /home/jetson/slash_ws/install/teb_msgs/share/teb_msgs/msg/FeedbackMsg.msg
[63.320s] -- Installing: /home/jetson/slash_ws/install/teb_msgs/share/teb_msgs/msg/TrajectoryMsg.msg
[63.320s] -- Installing: /home/jetson/slash_ws/install/teb_msgs/share/teb_msgs/msg/TrajectoryPointMsg.msg
[63.320s] -- Installing: /home/jetson/slash_ws/install/teb_msgs/share/ament_index/resource_index/package_run_dependencies/teb_msgs
[63.320s] -- Installing: /home/jetson/slash_ws/install/teb_msgs/share/ament_index/resource_index/parent_prefix_path/teb_msgs
[63.320s] -- Installing: /home/jetson/slash_ws/install/teb_msgs/share/teb_msgs/environment/ament_prefix_path.sh
[63.320s] -- Installing: /home/jetson/slash_ws/install/teb_msgs/share/teb_msgs/environment/ament_prefix_path.dsv
[63.320s] -- Installing: /home/jetson/slash_ws/install/teb_msgs/share/teb_msgs/environment/path.sh
[63.320s] -- Installing: /home/jetson/slash_ws/install/teb_msgs/share/teb_msgs/environment/path.dsv
[63.320s] -- Installing: /home/jetson/slash_ws/install/teb_msgs/share/teb_msgs/local_setup.bash
[63.321s] -- Installing: /home/jetson/slash_ws/install/teb_msgs/share/teb_msgs/local_setup.sh
[63.321s] -- Installing: /home/jetson/slash_ws/install/teb_msgs/share/teb_msgs/local_setup.zsh
[63.321s] -- Installing: /home/jetson/slash_ws/install/teb_msgs/share/teb_msgs/local_setup.dsv
[63.321s] -- Installing: /home/jetson/slash_ws/install/teb_msgs/share/teb_msgs/package.dsv
[63.321s] -- Installing: /home/jetson/slash_ws/install/teb_msgs/share/ament_index/resource_index/packages/teb_msgs
[63.321s] -- Installing: /home/jetson/slash_ws/install/teb_msgs/share/teb_msgs/cmake/teb_msgs__rosidl_generator_cExport.cmake
[63.321s] -- Installing: /home/jetson/slash_ws/install/teb_msgs/share/teb_msgs/cmake/teb_msgs__rosidl_generator_cExport-noconfig.cmake
[63.321s] -- Installing: /home/jetson/slash_ws/install/teb_msgs/share/teb_msgs/cmake/teb_msgs__rosidl_typesupport_introspection_cExport.cmake
[63.321s] -- Installing: /home/jetson/slash_ws/install/teb_msgs/share/teb_msgs/cmake/teb_msgs__rosidl_typesupport_introspection_cExport-noconfig.cmake
[63.322s] -- Installing: /home/jetson/slash_ws/install/teb_msgs/share/teb_msgs/cmake/teb_msgs__rosidl_typesupport_cExport.cmake
[63.322s] -- Installing: /home/jetson/slash_ws/install/teb_msgs/share/teb_msgs/cmake/teb_msgs__rosidl_typesupport_cExport-noconfig.cmake
[63.322s] -- Installing: /home/jetson/slash_ws/install/teb_msgs/share/teb_msgs/cmake/teb_msgs__rosidl_generator_cppExport.cmake
[63.322s] -- Installing: /home/jetson/slash_ws/install/teb_msgs/share/teb_msgs/cmake/teb_msgs__rosidl_typesupport_introspection_cppExport.cmake
[63.322s] -- Installing: /home/jetson/slash_ws/install/teb_msgs/share/teb_msgs/cmake/teb_msgs__rosidl_typesupport_introspection_cppExport-noconfig.cmake
[63.322s] -- Installing: /home/jetson/slash_ws/install/teb_msgs/share/teb_msgs/cmake/teb_msgs__rosidl_typesupport_cppExport.cmake
[63.322s] -- Installing: /home/jetson/slash_ws/install/teb_msgs/share/teb_msgs/cmake/teb_msgs__rosidl_typesupport_cppExport-noconfig.cmake
[63.322s] -- Installing: /home/jetson/slash_ws/install/teb_msgs/share/teb_msgs/cmake/rosidl_cmake-extras.cmake
[63.322s] -- Installing: /home/jetson/slash_ws/install/teb_msgs/share/teb_msgs/cmake/ament_cmake_export_dependencies-extras.cmake
[63.322s] -- Installing: /home/jetson/slash_ws/install/teb_msgs/share/teb_msgs/cmake/ament_cmake_export_libraries-extras.cmake
[63.344s] -- Installing: /home/jetson/slash_ws/install/teb_msgs/share/teb_msgs/cmake/ament_cmake_export_targets-extras.cmake
[63.344s] -- Installing: /home/jetson/slash_ws/install/teb_msgs/share/teb_msgs/cmake/ament_cmake_export_include_directories-extras.cmake
[63.344s] -- Installing: /home/jetson/slash_ws/install/teb_msgs/share/teb_msgs/cmake/rosidl_cmake_export_typesupport_libraries-extras.cmake
[63.344s] -- Installing: /home/jetson/slash_ws/install/teb_msgs/share/teb_msgs/cmake/rosidl_cmake_export_typesupport_targets-extras.cmake
[63.344s] -- Installing: /home/jetson/slash_ws/install/teb_msgs/share/teb_msgs/cmake/teb_msgsConfig.cmake
[63.344s] -- Installing: /home/jetson/slash_ws/install/teb_msgs/share/teb_msgs/cmake/teb_msgsConfig-version.cmake
[63.344s] -- Installing: /home/jetson/slash_ws/install/teb_msgs/share/teb_msgs/package.xml
[63.348s] Invoked command in '/home/jetson/slash_ws/build/teb_msgs' returned '0': CMAKE_PREFIX_PATH=/home/jetson/slash_ws/install/costmap_converter_msgs:/home/jetson/slash_ws/install/vesc:/home/jetson/slash_ws/install/vesc_driver:/home/jetson/slash_ws/install/vesc_ackermann:/home/jetson/slash_ws/install/vesc_msgs:/home/jetson/slash_ws/install/teleop_tools:/home/jetson/slash_ws/install/teleop_tools_msgs:/home/jetson/slash_ws/install/teb_local_planner:/home/jetson/slash_ws/install/teb_msgs:/home/jetson/slash_ws/install/slash_nav2:/home/jetson/slash_ws/install/simple_mpc:/home/jetson/slash_ws/install/pointcloud_to_laserscan:/home/jetson/slash_ws/install/fast_lio:/home/jetson/slash_ws/install/livox_ros_driver2:/home/jetson/slash_ws/install/linefit_ground_segmentation_ros:/home/jetson/slash_ws/install/linefit_ground_segmentation:/home/jetson/slash_ws/install/costmap_converter:/home/jetson/slash_ws/install/ackermann_mux:/home/jetson/slash_ws/install/f1tenth_stack:/home/jetson/slash_ws/install/twist_to_ackermann:/home/jetson/slash_ws/install/joy_teleop:/home/jetson/slash_ws/install/roboracer_china_2025:/home/jetson/slash_ws/install/mouse_teleop:/home/jetson/slash_ws/install/key_teleop:/opt/ros/foxy LD_LIBRARY_PATH=/home/jetson/slash_ws/install/costmap_converter_msgs/lib:/usr/local/cuda/lib64:/usr/local/cuda/lib64:/usr/local/cuda/lib64:/usr/local/cuda/lib64:/usr/local/cuda-11.4/lib64:/usr/local/cuda/lib64:/usr/local/cuda/lib64:/usr/local/cuda/lib64:/usr/local/cuda/lib64:/home/jetson/slash_ws/install/vesc_driver/lib:/home/jetson/slash_ws/install/vesc_ackermann/lib:/home/jetson/slash_ws/install/vesc_msgs/lib:/home/jetson/slash_ws/install/teleop_tools_msgs/lib:/home/jetson/slash_ws/install/teb_local_planner/lib:/home/jetson/slash_ws/install/teb_msgs/lib:/home/jetson/slash_ws/install/pointcloud_to_laserscan/lib:/home/jetson/slash_ws/install/fast_lio/lib:/home/jetson/slash_ws/install/livox_ros_driver2/lib:/home/jetson/slash_ws/install/linefit_ground_segmentation/lib:/home/jetson/slash_ws/install/costmap_converter/lib:/usr/lib/aarch64-linux-gnu/gazebo-11/plugins:/opt/ros/foxy/opt/yaml_cpp_vendor/lib:/opt/ros/foxy/opt/rviz_ogre_vendor/lib:/opt/ros/foxy/lib/aarch64-linux-gnu:/opt/ros/foxy/lib:/usr/local/cuda-11.4/lib64 PYTHONPATH=/home/jetson/slash_ws/install/costmap_converter_msgs/lib/python3.8/site-packages:/home/jetson/slash_ws/install/f1tenth_stack/lib/python3.8/site-packages:/home/jetson/slash_ws/install/vesc_msgs/lib/python3.8/site-packages:/home/jetson/slash_ws/install/twist_to_ackermann/lib/python3.8/site-packages:/home/jetson/slash_ws/install/joy_teleop/lib/python3.8/site-packages:/home/jetson/slash_ws/install/teleop_tools_msgs/lib/python3.8/site-packages:/home/jetson/slash_ws/install/teb_msgs/lib/python3.8/site-packages:/home/jetson/slash_ws/install/roboracer_china_2025/lib/python3.8/site-packages:/home/jetson/slash_ws/install/mouse_teleop/lib/python3.8/site-packages:/home/jetson/slash_ws/install/fast_lio/lib/python3.8/site-packages:/home/jetson/slash_ws/install/livox_ros_driver2/lib/python3.8/site-packages:/home/jetson/slash_ws/install/key_teleop/lib/python3.8/site-packages:/opt/ros/foxy/lib/python3.8/site-packages /usr/bin/cmake --install /home/jetson/slash_ws/build/teb_msgs
