[3.481s] Invoking command in '/home/jetson/slash_ws/src/slash_navigation/roboracer_china_2025': PYTHONPATH=/home/jetson/slash_ws/build/roboracer_china_2025/prefix_override:/usr/lib/python3/dist-packages/colcon_core/task/python/colcon_distutils_commands:/home/jetson/slash_ws/install/roboracer_china_2025/lib/python3.8/site-packages:${PYTHONPATH} /usr/bin/python3 -W ignore:setup.py install is deprecated -W ignore:easy_install command is deprecated setup.py egg_info --egg-base ../../../build/roboracer_china_2025 build --build-base /home/jetson/slash_ws/build/roboracer_china_2025/build install --record /home/jetson/slash_ws/build/roboracer_china_2025/install.log --install-scripts $base/lib/roboracer_china_2025 --single-version-externally-managed install_data
[4.179s] /home/jetson/.local/lib/python3.8/site-packages/setuptools/dist.py:771: UserWarning: Usage of dash-separated 'script-dir' will not be supported in future versions. Please use the underscore name 'script_dir' instead
[4.180s]   warnings.warn(
[4.356s] running egg_info
[4.380s] writing ../../../build/roboracer_china_2025/roboracer_china_2025.egg-info/PKG-INFO
[4.381s] writing dependency_links to ../../../build/roboracer_china_2025/roboracer_china_2025.egg-info/dependency_links.txt
[4.382s] writing entry points to ../../../build/roboracer_china_2025/roboracer_china_2025.egg-info/entry_points.txt
[4.382s] writing requirements to ../../../build/roboracer_china_2025/roboracer_china_2025.egg-info/requires.txt
[4.382s] writing top-level names to ../../../build/roboracer_china_2025/roboracer_china_2025.egg-info/top_level.txt
[4.435s] reading manifest file '../../../build/roboracer_china_2025/roboracer_china_2025.egg-info/SOURCES.txt'
[4.437s] writing manifest file '../../../build/roboracer_china_2025/roboracer_china_2025.egg-info/SOURCES.txt'
[4.437s] running build
[4.437s] running build_py
[4.437s] copying roboracer_china_2025/battle_fast2_node.py -> /home/jetson/slash_ws/build/roboracer_china_2025/build/lib/roboracer_china_2025
[4.439s] running install
[4.451s] running install_lib
[4.474s] copying /home/jetson/slash_ws/build/roboracer_china_2025/build/lib/roboracer_china_2025/battle_fast2_node.py -> /home/jetson/slash_ws/install/roboracer_china_2025/lib/python3.8/site-packages/roboracer_china_2025
[4.477s] byte-compiling /home/jetson/slash_ws/install/roboracer_china_2025/lib/python3.8/site-packages/roboracer_china_2025/battle_fast2_node.py to battle_fast2_node.cpython-38.pyc
[4.499s] running install_data
[4.500s] running install_egg_info
[4.527s] removing '/home/jetson/slash_ws/install/roboracer_china_2025/lib/python3.8/site-packages/roboracer_china_2025-0.0.1-py3.8.egg-info' (and everything under it)
[4.527s] Copying ../../../build/roboracer_china_2025/roboracer_china_2025.egg-info to /home/jetson/slash_ws/install/roboracer_china_2025/lib/python3.8/site-packages/roboracer_china_2025-0.0.1-py3.8.egg-info
[4.530s] running install_scripts
[4.666s] Installing battle_fast2_node script to /home/jetson/slash_ws/install/roboracer_china_2025/lib/roboracer_china_2025
[4.667s] writing list of installed files to '/home/jetson/slash_ws/build/roboracer_china_2025/install.log'
[4.983s] Invoked command in '/home/jetson/slash_ws/src/slash_navigation/roboracer_china_2025' returned '0': PYTHONPATH=/home/jetson/slash_ws/build/roboracer_china_2025/prefix_override:/usr/lib/python3/dist-packages/colcon_core/task/python/colcon_distutils_commands:/home/jetson/slash_ws/install/roboracer_china_2025/lib/python3.8/site-packages:${PYTHONPATH} /usr/bin/python3 -W ignore:setup.py install is deprecated -W ignore:easy_install command is deprecated setup.py egg_info --egg-base ../../../build/roboracer_china_2025 build --build-base /home/jetson/slash_ws/build/roboracer_china_2025/build install --record /home/jetson/slash_ws/build/roboracer_china_2025/install.log --install-scripts $base/lib/roboracer_china_2025 --single-version-externally-managed install_data
