[0.205s] Invoking command in '/home/jetson/slash_ws/build/ackermann_mux': CMAKE_PREFIX_PATH=${CMAKE_PREFIX_PATH}:/home/jetson/slash_ws/install/f1tenth_stack:/home/jetson/slash_ws/install/twist_to_ackermann:/home/jetson/slash_ws/install/joy_teleop:/home/jetson/slash_ws/install/roboracer_china_2025:/home/jetson/slash_ws/install/mouse_teleop:/home/jetson/slash_ws/install/key_teleop:/opt/ros/foxy /usr/bin/cmake --build /home/jetson/slash_ws/build/ackermann_mux -- -j8 -l8
[2.206s] [100%] Built target ackermann_mux
[2.298s] Invoked command in '/home/jetson/slash_ws/build/ackermann_mux' returned '0': CMAKE_PREFIX_PATH=${CMAKE_PREFIX_PATH}:/home/jetson/slash_ws/install/f1tenth_stack:/home/jetson/slash_ws/install/twist_to_ackermann:/home/jetson/slash_ws/install/joy_teleop:/home/jetson/slash_ws/install/roboracer_china_2025:/home/jetson/slash_ws/install/mouse_teleop:/home/jetson/slash_ws/install/key_teleop:/opt/ros/foxy /usr/bin/cmake --build /home/jetson/slash_ws/build/ackermann_mux -- -j8 -l8
[2.307s] Invoking command in '/home/jetson/slash_ws/build/ackermann_mux': CMAKE_PREFIX_PATH=${CMAKE_PREFIX_PATH}:/home/jetson/slash_ws/install/f1tenth_stack:/home/jetson/slash_ws/install/twist_to_ackermann:/home/jetson/slash_ws/install/joy_teleop:/home/jetson/slash_ws/install/roboracer_china_2025:/home/jetson/slash_ws/install/mouse_teleop:/home/jetson/slash_ws/install/key_teleop:/opt/ros/foxy /usr/bin/cmake --install /home/jetson/slash_ws/build/ackermann_mux
[2.497s] -- Install configuration: ""
[2.498s] -- Up-to-date: /home/jetson/slash_ws/install/ackermann_mux/lib/ackermann_mux/ackermann_mux
[2.499s] -- Up-to-date: /home/jetson/slash_ws/install/ackermann_mux/share/ackermann_mux/launch
[2.499s] -- Up-to-date: /home/jetson/slash_ws/install/ackermann_mux/share/ackermann_mux/launch/ackermann_mux_launch.py
[2.499s] -- Up-to-date: /home/jetson/slash_ws/install/ackermann_mux/share/ackermann_mux/config
[2.500s] -- Up-to-date: /home/jetson/slash_ws/install/ackermann_mux/share/ackermann_mux/config/ackermann_mux_topics.yaml
[2.500s] -- Up-to-date: /home/jetson/slash_ws/install/ackermann_mux/share/ackermann_mux/config/ackermann_mux_locks.yaml
[2.500s] -- Up-to-date: /home/jetson/slash_ws/install/ackermann_mux/share/ackermann_mux/config/joystick.yaml
[2.500s] -- Up-to-date: /home/jetson/slash_ws/install/ackermann_mux/include
[2.500s] -- Up-to-date: /home/jetson/slash_ws/install/ackermann_mux/include/ackermann_mux
[2.500s] -- Up-to-date: /home/jetson/slash_ws/install/ackermann_mux/include/ackermann_mux/ackermann_mux.hpp
[2.500s] -- Up-to-date: /home/jetson/slash_ws/install/ackermann_mux/include/ackermann_mux/topic_handle.hpp
[2.500s] -- Up-to-date: /home/jetson/slash_ws/install/ackermann_mux/include/ackermann_mux/utils.hpp
[2.501s] -- Up-to-date: /home/jetson/slash_ws/install/ackermann_mux/include/ackermann_mux/ackermann_mux_diagnostics_status.hpp
[2.501s] -- Up-to-date: /home/jetson/slash_ws/install/ackermann_mux/include/ackermann_mux/ackermann_mux_diagnostics.hpp
[2.501s] -- Up-to-date: /home/jetson/slash_ws/install/ackermann_mux/include/ackermann_mux/params_helpers.hpp
[2.501s] -- Up-to-date: /home/jetson/slash_ws/install/ackermann_mux/share/ament_index/resource_index/package_run_dependencies/ackermann_mux
[2.501s] -- Up-to-date: /home/jetson/slash_ws/install/ackermann_mux/share/ament_index/resource_index/parent_prefix_path/ackermann_mux
[2.501s] -- Up-to-date: /home/jetson/slash_ws/install/ackermann_mux/share/ackermann_mux/environment/ament_prefix_path.sh
[2.501s] -- Up-to-date: /home/jetson/slash_ws/install/ackermann_mux/share/ackermann_mux/environment/ament_prefix_path.dsv
[2.501s] -- Up-to-date: /home/jetson/slash_ws/install/ackermann_mux/share/ackermann_mux/environment/path.sh
[2.501s] -- Up-to-date: /home/jetson/slash_ws/install/ackermann_mux/share/ackermann_mux/environment/path.dsv
[2.502s] -- Up-to-date: /home/jetson/slash_ws/install/ackermann_mux/share/ackermann_mux/local_setup.bash
[2.502s] -- Up-to-date: /home/jetson/slash_ws/install/ackermann_mux/share/ackermann_mux/local_setup.sh
[2.502s] -- Up-to-date: /home/jetson/slash_ws/install/ackermann_mux/share/ackermann_mux/local_setup.zsh
[2.502s] -- Up-to-date: /home/jetson/slash_ws/install/ackermann_mux/share/ackermann_mux/local_setup.dsv
[2.502s] -- Installing: /home/jetson/slash_ws/install/ackermann_mux/share/ackermann_mux/package.dsv
[2.502s] -- Up-to-date: /home/jetson/slash_ws/install/ackermann_mux/share/ament_index/resource_index/packages/ackermann_mux
[2.502s] -- Up-to-date: /home/jetson/slash_ws/install/ackermann_mux/share/ackermann_mux/cmake/ament_cmake_export_include_directories-extras.cmake
[2.502s] -- Up-to-date: /home/jetson/slash_ws/install/ackermann_mux/share/ackermann_mux/cmake/ament_cmake_export_dependencies-extras.cmake
[2.503s] -- Up-to-date: /home/jetson/slash_ws/install/ackermann_mux/share/ackermann_mux/cmake/ackermann_muxConfig.cmake
[2.503s] -- Up-to-date: /home/jetson/slash_ws/install/ackermann_mux/share/ackermann_mux/cmake/ackermann_muxConfig-version.cmake
[2.503s] -- Up-to-date: /home/jetson/slash_ws/install/ackermann_mux/share/ackermann_mux/package.xml
[2.546s] Invoked command in '/home/jetson/slash_ws/build/ackermann_mux' returned '0': CMAKE_PREFIX_PATH=${CMAKE_PREFIX_PATH}:/home/jetson/slash_ws/install/f1tenth_stack:/home/jetson/slash_ws/install/twist_to_ackermann:/home/jetson/slash_ws/install/joy_teleop:/home/jetson/slash_ws/install/roboracer_china_2025:/home/jetson/slash_ws/install/mouse_teleop:/home/jetson/slash_ws/install/key_teleop:/opt/ros/foxy /usr/bin/cmake --install /home/jetson/slash_ws/build/ackermann_mux
