[4.177s] Invoking command in '/home/jetson/slash_ws/src/slash_hardware/f1tenth_system/teleop_tools/mouse_teleop': PYTHONPATH=/home/jetson/slash_ws/build/mouse_teleop/prefix_override:/usr/lib/python3/dist-packages/colcon_core/task/python/colcon_distutils_commands:/home/jetson/slash_ws/install/mouse_teleop/lib/python3.8/site-packages:${PYTHONPATH} /usr/bin/python3 -W ignore:setup.py install is deprecated -W ignore:easy_install command is deprecated setup.py egg_info --egg-base ../../../../../build/mouse_teleop build --build-base /home/jetson/slash_ws/build/mouse_teleop/build install --record /home/jetson/slash_ws/build/mouse_teleop/install.log --single-version-externally-managed install_data
[5.438s] running egg_info
[5.461s] writing ../../../../../build/mouse_teleop/mouse_teleop.egg-info/PKG-INFO
[5.461s] writing dependency_links to ../../../../../build/mouse_teleop/mouse_teleop.egg-info/dependency_links.txt
[5.462s] writing entry points to ../../../../../build/mouse_teleop/mouse_teleop.egg-info/entry_points.txt
[5.462s] writing requirements to ../../../../../build/mouse_teleop/mouse_teleop.egg-info/requires.txt
[5.462s] writing top-level names to ../../../../../build/mouse_teleop/mouse_teleop.egg-info/top_level.txt
[5.544s] reading manifest file '../../../../../build/mouse_teleop/mouse_teleop.egg-info/SOURCES.txt'
[5.547s] adding license file 'LICENSE'
[5.549s] writing manifest file '../../../../../build/mouse_teleop/mouse_teleop.egg-info/SOURCES.txt'
[5.549s] running build
[5.549s] running build_py
[5.550s] running install
[5.579s] running install_lib
[5.620s] running install_data
[5.624s] running install_egg_info
[5.656s] removing '/home/jetson/slash_ws/install/mouse_teleop/lib/python3.8/site-packages/mouse_teleop-0.3.0-py3.8.egg-info' (and everything under it)
[5.676s] Copying ../../../../../build/mouse_teleop/mouse_teleop.egg-info to /home/jetson/slash_ws/install/mouse_teleop/lib/python3.8/site-packages/mouse_teleop-0.3.0-py3.8.egg-info
[5.682s] running install_scripts
[5.979s] Installing mouse_teleop script to /home/jetson/slash_ws/install/mouse_teleop/lib/mouse_teleop
[5.989s] writing list of installed files to '/home/jetson/slash_ws/build/mouse_teleop/install.log'
[6.445s] Invoked command in '/home/jetson/slash_ws/src/slash_hardware/f1tenth_system/teleop_tools/mouse_teleop' returned '0': PYTHONPATH=/home/jetson/slash_ws/build/mouse_teleop/prefix_override:/usr/lib/python3/dist-packages/colcon_core/task/python/colcon_distutils_commands:/home/jetson/slash_ws/install/mouse_teleop/lib/python3.8/site-packages:${PYTHONPATH} /usr/bin/python3 -W ignore:setup.py install is deprecated -W ignore:easy_install command is deprecated setup.py egg_info --egg-base ../../../../../build/mouse_teleop build --build-base /home/jetson/slash_ws/build/mouse_teleop/build install --record /home/jetson/slash_ws/build/mouse_teleop/install.log --single-version-externally-managed install_data
