[0.163s] Invoking command in '/home/jetson/slash_ws/build/teleop_tools_msgs': CMAKE_PREFIX_PATH=${CMAKE_PREFIX_PATH}:/home/jetson/slash_ws/install/f1tenth_stack:/home/jetson/slash_ws/install/twist_to_ackermann:/home/jetson/slash_ws/install/joy_teleop:/home/jetson/slash_ws/install/roboracer_china_2025:/home/jetson/slash_ws/install/mouse_teleop:/home/jetson/slash_ws/install/key_teleop:/opt/ros/foxy /usr/bin/cmake --build /home/jetson/slash_ws/build/teleop_tools_msgs -- -j8 -l8
[1.763s] [  9%] Built target teleop_tools_msgs__rosidl_generator_c
[1.763s] [ 12%] Built target teleop_tools_msgs__cpp
[1.763s] [ 22%] Built target teleop_tools_msgs__rosidl_typesupport_introspection_c
[1.763s] [ 32%] Built target teleop_tools_msgs__rosidl_typesupport_c
[1.763s] [ 41%] Built target teleop_tools_msgs__rosidl_typesupport_introspection_cpp
[1.764s] [ 51%] Built target teleop_tools_msgs__rosidl_typesupport_cpp
[1.764s] [ 61%] Built target teleop_tools_msgs__rosidl_typesupport_fastrtps_cpp
[1.764s] [ 70%] Built target teleop_tools_msgs__rosidl_typesupport_fastrtps_c
[1.764s] [ 70%] Built target teleop_tools_msgs
[1.764s] [ 74%] Built target teleop_tools_msgs__py
[1.764s] [ 80%] Built target teleop_tools_msgs__python
[1.764s] [ 87%] Built target teleop_tools_msgs__rosidl_typesupport_introspection_c__pyext
[1.764s] [ 93%] Built target teleop_tools_msgs__rosidl_typesupport_fastrtps_c__pyext
[1.764s] [100%] Built target teleop_tools_msgs__rosidl_typesupport_c__pyext
[1.819s] Invoked command in '/home/jetson/slash_ws/build/teleop_tools_msgs' returned '0': CMAKE_PREFIX_PATH=${CMAKE_PREFIX_PATH}:/home/jetson/slash_ws/install/f1tenth_stack:/home/jetson/slash_ws/install/twist_to_ackermann:/home/jetson/slash_ws/install/joy_teleop:/home/jetson/slash_ws/install/roboracer_china_2025:/home/jetson/slash_ws/install/mouse_teleop:/home/jetson/slash_ws/install/key_teleop:/opt/ros/foxy /usr/bin/cmake --build /home/jetson/slash_ws/build/teleop_tools_msgs -- -j8 -l8
[1.826s] Invoking command in '/home/jetson/slash_ws/build/teleop_tools_msgs': CMAKE_PREFIX_PATH=${CMAKE_PREFIX_PATH}:/home/jetson/slash_ws/install/f1tenth_stack:/home/jetson/slash_ws/install/twist_to_ackermann:/home/jetson/slash_ws/install/joy_teleop:/home/jetson/slash_ws/install/roboracer_china_2025:/home/jetson/slash_ws/install/mouse_teleop:/home/jetson/slash_ws/install/key_teleop:/opt/ros/foxy /usr/bin/cmake --install /home/jetson/slash_ws/build/teleop_tools_msgs
[1.915s] -- Install configuration: ""
[1.916s] -- Up-to-date: /home/jetson/slash_ws/install/teleop_tools_msgs/share/ament_index/resource_index/rosidl_interfaces/teleop_tools_msgs
[1.916s] -- Up-to-date: /home/jetson/slash_ws/install/teleop_tools_msgs/include/teleop_tools_msgs
[1.916s] -- Up-to-date: /home/jetson/slash_ws/install/teleop_tools_msgs/include/teleop_tools_msgs/msg
[1.916s] -- Up-to-date: /home/jetson/slash_ws/install/teleop_tools_msgs/include/teleop_tools_msgs/msg/rosidl_generator_c__visibility_control.h
[1.917s] -- Up-to-date: /home/jetson/slash_ws/install/teleop_tools_msgs/include/teleop_tools_msgs/action
[1.917s] -- Up-to-date: /home/jetson/slash_ws/install/teleop_tools_msgs/include/teleop_tools_msgs/action/detail
[1.917s] -- Up-to-date: /home/jetson/slash_ws/install/teleop_tools_msgs/include/teleop_tools_msgs/action/detail/increment__type_support.h
[1.917s] -- Up-to-date: /home/jetson/slash_ws/install/teleop_tools_msgs/include/teleop_tools_msgs/action/detail/increment__struct.h
[1.917s] -- Up-to-date: /home/jetson/slash_ws/install/teleop_tools_msgs/include/teleop_tools_msgs/action/detail/increment__functions.c
[1.917s] -- Up-to-date: /home/jetson/slash_ws/install/teleop_tools_msgs/include/teleop_tools_msgs/action/detail/increment__functions.h
[1.917s] -- Up-to-date: /home/jetson/slash_ws/install/teleop_tools_msgs/include/teleop_tools_msgs/action/increment.h
[1.917s] -- Up-to-date: /home/jetson/slash_ws/install/teleop_tools_msgs/share/teleop_tools_msgs/environment/library_path.sh
[1.918s] -- Up-to-date: /home/jetson/slash_ws/install/teleop_tools_msgs/share/teleop_tools_msgs/environment/library_path.dsv
[1.918s] -- Up-to-date: /home/jetson/slash_ws/install/teleop_tools_msgs/lib/libteleop_tools_msgs__rosidl_generator_c.so
[1.918s] -- Up-to-date: /home/jetson/slash_ws/install/teleop_tools_msgs/include/teleop_tools_msgs
[1.918s] -- Up-to-date: /home/jetson/slash_ws/install/teleop_tools_msgs/include/teleop_tools_msgs/msg
[1.918s] -- Up-to-date: /home/jetson/slash_ws/install/teleop_tools_msgs/include/teleop_tools_msgs/msg/rosidl_typesupport_fastrtps_c__visibility_control.h
[1.918s] -- Up-to-date: /home/jetson/slash_ws/install/teleop_tools_msgs/include/teleop_tools_msgs/action
[1.918s] -- Up-to-date: /home/jetson/slash_ws/install/teleop_tools_msgs/include/teleop_tools_msgs/action/detail
[1.918s] -- Up-to-date: /home/jetson/slash_ws/install/teleop_tools_msgs/include/teleop_tools_msgs/action/detail/increment__rosidl_typesupport_fastrtps_c.h
[1.919s] -- Up-to-date: /home/jetson/slash_ws/install/teleop_tools_msgs/lib/libteleop_tools_msgs__rosidl_typesupport_fastrtps_c.so
[1.919s] -- Up-to-date: /home/jetson/slash_ws/install/teleop_tools_msgs/include/teleop_tools_msgs
[1.919s] -- Up-to-date: /home/jetson/slash_ws/install/teleop_tools_msgs/include/teleop_tools_msgs/msg
[1.919s] -- Up-to-date: /home/jetson/slash_ws/install/teleop_tools_msgs/include/teleop_tools_msgs/msg/rosidl_typesupport_fastrtps_cpp__visibility_control.h
[1.919s] -- Up-to-date: /home/jetson/slash_ws/install/teleop_tools_msgs/include/teleop_tools_msgs/action
[1.919s] -- Up-to-date: /home/jetson/slash_ws/install/teleop_tools_msgs/include/teleop_tools_msgs/action/detail
[1.919s] -- Up-to-date: /home/jetson/slash_ws/install/teleop_tools_msgs/include/teleop_tools_msgs/action/detail/dds_fastrtps
[1.919s] -- Up-to-date: /home/jetson/slash_ws/install/teleop_tools_msgs/include/teleop_tools_msgs/action/detail/increment__rosidl_typesupport_fastrtps_cpp.hpp
[1.920s] -- Up-to-date: /home/jetson/slash_ws/install/teleop_tools_msgs/lib/libteleop_tools_msgs__rosidl_typesupport_fastrtps_cpp.so
[1.920s] -- Up-to-date: /home/jetson/slash_ws/install/teleop_tools_msgs/include/teleop_tools_msgs
[1.920s] -- Up-to-date: /home/jetson/slash_ws/install/teleop_tools_msgs/include/teleop_tools_msgs/msg
[1.920s] -- Up-to-date: /home/jetson/slash_ws/install/teleop_tools_msgs/include/teleop_tools_msgs/msg/rosidl_typesupport_introspection_c__visibility_control.h
[1.920s] -- Up-to-date: /home/jetson/slash_ws/install/teleop_tools_msgs/include/teleop_tools_msgs/action
[1.920s] -- Up-to-date: /home/jetson/slash_ws/install/teleop_tools_msgs/include/teleop_tools_msgs/action/detail
[1.920s] -- Up-to-date: /home/jetson/slash_ws/install/teleop_tools_msgs/include/teleop_tools_msgs/action/detail/increment__rosidl_typesupport_introspection_c.h
[1.920s] -- Up-to-date: /home/jetson/slash_ws/install/teleop_tools_msgs/include/teleop_tools_msgs/action/detail/increment__type_support.c
[1.921s] -- Up-to-date: /home/jetson/slash_ws/install/teleop_tools_msgs/lib/libteleop_tools_msgs__rosidl_typesupport_introspection_c.so
[1.921s] -- Up-to-date: /home/jetson/slash_ws/install/teleop_tools_msgs/lib/libteleop_tools_msgs__rosidl_typesupport_c.so
[1.921s] -- Up-to-date: /home/jetson/slash_ws/install/teleop_tools_msgs/include/teleop_tools_msgs
[1.921s] -- Up-to-date: /home/jetson/slash_ws/install/teleop_tools_msgs/include/teleop_tools_msgs/msg
[1.921s] -- Up-to-date: /home/jetson/slash_ws/install/teleop_tools_msgs/include/teleop_tools_msgs/msg/rosidl_generator_cpp__visibility_control.hpp
[1.921s] -- Up-to-date: /home/jetson/slash_ws/install/teleop_tools_msgs/include/teleop_tools_msgs/action
[1.921s] -- Up-to-date: /home/jetson/slash_ws/install/teleop_tools_msgs/include/teleop_tools_msgs/action/detail
[1.921s] -- Up-to-date: /home/jetson/slash_ws/install/teleop_tools_msgs/include/teleop_tools_msgs/action/detail/increment__type_support.hpp
[1.922s] -- Up-to-date: /home/jetson/slash_ws/install/teleop_tools_msgs/include/teleop_tools_msgs/action/detail/increment__traits.hpp
[1.922s] -- Up-to-date: /home/jetson/slash_ws/install/teleop_tools_msgs/include/teleop_tools_msgs/action/detail/increment__builder.hpp
[1.922s] -- Up-to-date: /home/jetson/slash_ws/install/teleop_tools_msgs/include/teleop_tools_msgs/action/detail/increment__struct.hpp
[1.923s] -- Up-to-date: /home/jetson/slash_ws/install/teleop_tools_msgs/include/teleop_tools_msgs/action/increment.hpp
[1.923s] -- Up-to-date: /home/jetson/slash_ws/install/teleop_tools_msgs/include/teleop_tools_msgs
[1.923s] -- Up-to-date: /home/jetson/slash_ws/install/teleop_tools_msgs/include/teleop_tools_msgs/action
[1.923s] -- Up-to-date: /home/jetson/slash_ws/install/teleop_tools_msgs/include/teleop_tools_msgs/action/detail
[1.923s] -- Up-to-date: /home/jetson/slash_ws/install/teleop_tools_msgs/include/teleop_tools_msgs/action/detail/increment__rosidl_typesupport_introspection_cpp.hpp
[1.924s] -- Up-to-date: /home/jetson/slash_ws/install/teleop_tools_msgs/include/teleop_tools_msgs/action/detail/increment__type_support.cpp
[1.924s] -- Up-to-date: /home/jetson/slash_ws/install/teleop_tools_msgs/lib/libteleop_tools_msgs__rosidl_typesupport_introspection_cpp.so
[1.924s] -- Up-to-date: /home/jetson/slash_ws/install/teleop_tools_msgs/lib/libteleop_tools_msgs__rosidl_typesupport_cpp.so
[1.924s] -- Up-to-date: /home/jetson/slash_ws/install/teleop_tools_msgs/share/teleop_tools_msgs/environment/pythonpath.sh
[1.924s] -- Up-to-date: /home/jetson/slash_ws/install/teleop_tools_msgs/share/teleop_tools_msgs/environment/pythonpath.dsv
[1.924s] -- Up-to-date: /home/jetson/slash_ws/install/teleop_tools_msgs/lib/python3.8/site-packages/teleop_tools_msgs/__init__.py
[2.057s] -- Up-to-date: /home/jetson/slash_ws/install/teleop_tools_msgs/lib/python3.8/site-packages/teleop_tools_msgs/action
[2.057s] -- Up-to-date: /home/jetson/slash_ws/install/teleop_tools_msgs/lib/python3.8/site-packages/teleop_tools_msgs/action/_increment_s.c
[2.058s] -- Up-to-date: /home/jetson/slash_ws/install/teleop_tools_msgs/lib/python3.8/site-packages/teleop_tools_msgs/action/_increment.py
[2.058s] -- Up-to-date: /home/jetson/slash_ws/install/teleop_tools_msgs/lib/python3.8/site-packages/teleop_tools_msgs/action/__init__.py
[2.058s] -- Up-to-date: /home/jetson/slash_ws/install/teleop_tools_msgs/lib/python3.8/site-packages/teleop_tools_msgs/teleop_tools_msgs_s__rosidl_typesupport_fastrtps_c.cpython-38-aarch64-linux-gnu.so
[2.059s] -- Up-to-date: /home/jetson/slash_ws/install/teleop_tools_msgs/lib/python3.8/site-packages/teleop_tools_msgs/teleop_tools_msgs_s__rosidl_typesupport_introspection_c.cpython-38-aarch64-linux-gnu.so
[2.059s] -- Up-to-date: /home/jetson/slash_ws/install/teleop_tools_msgs/lib/python3.8/site-packages/teleop_tools_msgs/teleop_tools_msgs_s__rosidl_typesupport_c.cpython-38-aarch64-linux-gnu.so
[2.059s] -- Up-to-date: /home/jetson/slash_ws/install/teleop_tools_msgs/lib/libteleop_tools_msgs__python.so
[2.060s] -- Up-to-date: /home/jetson/slash_ws/install/teleop_tools_msgs/share/teleop_tools_msgs/action/Increment.idl
[2.068s] -- Up-to-date: /home/jetson/slash_ws/install/teleop_tools_msgs/share/teleop_tools_msgs/action/Increment.action
[2.068s] -- Up-to-date: /home/jetson/slash_ws/install/teleop_tools_msgs/share/ament_index/resource_index/package_run_dependencies/teleop_tools_msgs
[2.069s] -- Up-to-date: /home/jetson/slash_ws/install/teleop_tools_msgs/share/ament_index/resource_index/parent_prefix_path/teleop_tools_msgs
[2.069s] -- Up-to-date: /home/jetson/slash_ws/install/teleop_tools_msgs/share/teleop_tools_msgs/environment/ament_prefix_path.sh
[2.069s] -- Up-to-date: /home/jetson/slash_ws/install/teleop_tools_msgs/share/teleop_tools_msgs/environment/ament_prefix_path.dsv
[2.069s] -- Up-to-date: /home/jetson/slash_ws/install/teleop_tools_msgs/share/teleop_tools_msgs/environment/path.sh
[2.069s] -- Up-to-date: /home/jetson/slash_ws/install/teleop_tools_msgs/share/teleop_tools_msgs/environment/path.dsv
[2.069s] -- Up-to-date: /home/jetson/slash_ws/install/teleop_tools_msgs/share/teleop_tools_msgs/local_setup.bash
[2.070s] -- Up-to-date: /home/jetson/slash_ws/install/teleop_tools_msgs/share/teleop_tools_msgs/local_setup.sh
[2.070s] -- Up-to-date: /home/jetson/slash_ws/install/teleop_tools_msgs/share/teleop_tools_msgs/local_setup.zsh
[2.071s] -- Up-to-date: /home/jetson/slash_ws/install/teleop_tools_msgs/share/teleop_tools_msgs/local_setup.dsv
[2.071s] -- Installing: /home/jetson/slash_ws/install/teleop_tools_msgs/share/teleop_tools_msgs/package.dsv
[2.075s] -- Up-to-date: /home/jetson/slash_ws/install/teleop_tools_msgs/share/ament_index/resource_index/packages/teleop_tools_msgs
[2.076s] -- Up-to-date: /home/jetson/slash_ws/install/teleop_tools_msgs/share/teleop_tools_msgs/cmake/teleop_tools_msgs__rosidl_generator_cExport.cmake
[2.076s] -- Up-to-date: /home/jetson/slash_ws/install/teleop_tools_msgs/share/teleop_tools_msgs/cmake/teleop_tools_msgs__rosidl_generator_cExport-noconfig.cmake
[2.077s] -- Up-to-date: /home/jetson/slash_ws/install/teleop_tools_msgs/share/teleop_tools_msgs/cmake/teleop_tools_msgs__rosidl_typesupport_introspection_cExport.cmake
[2.077s] -- Up-to-date: /home/jetson/slash_ws/install/teleop_tools_msgs/share/teleop_tools_msgs/cmake/teleop_tools_msgs__rosidl_typesupport_introspection_cExport-noconfig.cmake
[2.077s] -- Up-to-date: /home/jetson/slash_ws/install/teleop_tools_msgs/share/teleop_tools_msgs/cmake/teleop_tools_msgs__rosidl_typesupport_cExport.cmake
[2.078s] -- Up-to-date: /home/jetson/slash_ws/install/teleop_tools_msgs/share/teleop_tools_msgs/cmake/teleop_tools_msgs__rosidl_typesupport_cExport-noconfig.cmake
[2.078s] -- Up-to-date: /home/jetson/slash_ws/install/teleop_tools_msgs/share/teleop_tools_msgs/cmake/teleop_tools_msgs__rosidl_generator_cppExport.cmake
[2.078s] -- Up-to-date: /home/jetson/slash_ws/install/teleop_tools_msgs/share/teleop_tools_msgs/cmake/teleop_tools_msgs__rosidl_typesupport_introspection_cppExport.cmake
[2.079s] -- Up-to-date: /home/jetson/slash_ws/install/teleop_tools_msgs/share/teleop_tools_msgs/cmake/teleop_tools_msgs__rosidl_typesupport_introspection_cppExport-noconfig.cmake
[2.082s] -- Up-to-date: /home/jetson/slash_ws/install/teleop_tools_msgs/share/teleop_tools_msgs/cmake/teleop_tools_msgs__rosidl_typesupport_cppExport.cmake
[2.082s] -- Up-to-date: /home/jetson/slash_ws/install/teleop_tools_msgs/share/teleop_tools_msgs/cmake/teleop_tools_msgs__rosidl_typesupport_cppExport-noconfig.cmake
[2.083s] -- Up-to-date: /home/jetson/slash_ws/install/teleop_tools_msgs/share/teleop_tools_msgs/cmake/rosidl_cmake-extras.cmake
[2.083s] -- Up-to-date: /home/jetson/slash_ws/install/teleop_tools_msgs/share/teleop_tools_msgs/cmake/ament_cmake_export_dependencies-extras.cmake
[2.083s] -- Up-to-date: /home/jetson/slash_ws/install/teleop_tools_msgs/share/teleop_tools_msgs/cmake/ament_cmake_export_libraries-extras.cmake
[2.084s] -- Up-to-date: /home/jetson/slash_ws/install/teleop_tools_msgs/share/teleop_tools_msgs/cmake/ament_cmake_export_targets-extras.cmake
[2.084s] -- Up-to-date: /home/jetson/slash_ws/install/teleop_tools_msgs/share/teleop_tools_msgs/cmake/ament_cmake_export_include_directories-extras.cmake
[2.084s] -- Up-to-date: /home/jetson/slash_ws/install/teleop_tools_msgs/share/teleop_tools_msgs/cmake/rosidl_cmake_export_typesupport_libraries-extras.cmake
[2.085s] -- Up-to-date: /home/jetson/slash_ws/install/teleop_tools_msgs/share/teleop_tools_msgs/cmake/rosidl_cmake_export_typesupport_targets-extras.cmake
[2.086s] -- Up-to-date: /home/jetson/slash_ws/install/teleop_tools_msgs/share/teleop_tools_msgs/cmake/teleop_tools_msgsConfig.cmake
[2.087s] -- Up-to-date: /home/jetson/slash_ws/install/teleop_tools_msgs/share/teleop_tools_msgs/cmake/teleop_tools_msgsConfig-version.cmake
[2.087s] -- Up-to-date: /home/jetson/slash_ws/install/teleop_tools_msgs/share/teleop_tools_msgs/package.xml
[2.262s] Invoked command in '/home/jetson/slash_ws/build/teleop_tools_msgs' returned '0': CMAKE_PREFIX_PATH=${CMAKE_PREFIX_PATH}:/home/jetson/slash_ws/install/f1tenth_stack:/home/jetson/slash_ws/install/twist_to_ackermann:/home/jetson/slash_ws/install/joy_teleop:/home/jetson/slash_ws/install/roboracer_china_2025:/home/jetson/slash_ws/install/mouse_teleop:/home/jetson/slash_ws/install/key_teleop:/opt/ros/foxy /usr/bin/cmake --install /home/jetson/slash_ws/build/teleop_tools_msgs
