[1.459s] Invoking command in '/home/jetson/slash_ws/build/simple_mpc': CMAKE_PREFIX_PATH=${CMAKE_PREFIX_PATH}:/home/jetson/slash_ws/install/f1tenth_stack:/home/jetson/slash_ws/install/twist_to_ackermann:/home/jetson/slash_ws/install/joy_teleop:/home/jetson/slash_ws/install/roboracer_china_2025:/home/jetson/slash_ws/install/mouse_teleop:/home/jetson/slash_ws/install/key_teleop:/opt/ros/foxy /usr/bin/cmake --build /home/jetson/slash_ws/build/simple_mpc -- -j8 -l8
[2.541s] Invoked command in '/home/jetson/slash_ws/build/simple_mpc' returned '0': CMAKE_PREFIX_PATH=${CMAKE_PREFIX_PATH}:/home/jetson/slash_ws/install/f1tenth_stack:/home/jetson/slash_ws/install/twist_to_ackermann:/home/jetson/slash_ws/install/joy_teleop:/home/jetson/slash_ws/install/roboracer_china_2025:/home/jetson/slash_ws/install/mouse_teleop:/home/jetson/slash_ws/install/key_teleop:/opt/ros/foxy /usr/bin/cmake --build /home/jetson/slash_ws/build/simple_mpc -- -j8 -l8
[2.550s] Invoking command in '/home/jetson/slash_ws/build/simple_mpc': CMAKE_PREFIX_PATH=${CMAKE_PREFIX_PATH}:/home/jetson/slash_ws/install/f1tenth_stack:/home/jetson/slash_ws/install/twist_to_ackermann:/home/jetson/slash_ws/install/joy_teleop:/home/jetson/slash_ws/install/roboracer_china_2025:/home/jetson/slash_ws/install/mouse_teleop:/home/jetson/slash_ws/install/key_teleop:/opt/ros/foxy /usr/bin/cmake --install /home/jetson/slash_ws/build/simple_mpc
[2.625s] -- Install configuration: ""
[2.627s] -- Up-to-date: /home/jetson/slash_ws/install/simple_mpc/lib/simple_mpc/mpc_node.py
[2.627s] -- Up-to-date: /home/jetson/slash_ws/install/simple_mpc/share/simple_mpc/waypoints
[2.627s] -- Up-to-date: /home/jetson/slash_ws/install/simple_mpc/share/simple_mpc/waypoints/test_waypoints.csv
[2.628s] -- Up-to-date: /home/jetson/slash_ws/install/simple_mpc/share/simple_mpc/rviz
[2.628s] -- Up-to-date: /home/jetson/slash_ws/install/simple_mpc/share/simple_mpc/rviz/mpc.rviz
[2.628s] -- Up-to-date: /home/jetson/slash_ws/install/simple_mpc/share/ament_index/resource_index/package_run_dependencies/simple_mpc
[2.628s] -- Up-to-date: /home/jetson/slash_ws/install/simple_mpc/share/ament_index/resource_index/parent_prefix_path/simple_mpc
[2.628s] -- Up-to-date: /home/jetson/slash_ws/install/simple_mpc/share/simple_mpc/environment/ament_prefix_path.sh
[2.628s] -- Up-to-date: /home/jetson/slash_ws/install/simple_mpc/share/simple_mpc/environment/ament_prefix_path.dsv
[2.628s] -- Up-to-date: /home/jetson/slash_ws/install/simple_mpc/share/simple_mpc/environment/path.sh
[2.628s] -- Up-to-date: /home/jetson/slash_ws/install/simple_mpc/share/simple_mpc/environment/path.dsv
[2.629s] -- Up-to-date: /home/jetson/slash_ws/install/simple_mpc/share/simple_mpc/local_setup.bash
[2.629s] -- Up-to-date: /home/jetson/slash_ws/install/simple_mpc/share/simple_mpc/local_setup.sh
[2.629s] -- Up-to-date: /home/jetson/slash_ws/install/simple_mpc/share/simple_mpc/local_setup.zsh
[2.629s] -- Up-to-date: /home/jetson/slash_ws/install/simple_mpc/share/simple_mpc/local_setup.dsv
[2.629s] -- Installing: /home/jetson/slash_ws/install/simple_mpc/share/simple_mpc/package.dsv
[2.629s] -- Up-to-date: /home/jetson/slash_ws/install/simple_mpc/share/ament_index/resource_index/packages/simple_mpc
[2.629s] -- Up-to-date: /home/jetson/slash_ws/install/simple_mpc/share/simple_mpc/cmake/simple_mpcConfig.cmake
[2.629s] -- Up-to-date: /home/jetson/slash_ws/install/simple_mpc/share/simple_mpc/cmake/simple_mpcConfig-version.cmake
[2.630s] -- Up-to-date: /home/jetson/slash_ws/install/simple_mpc/share/simple_mpc/package.xml
[2.682s] Invoked command in '/home/jetson/slash_ws/build/simple_mpc' returned '0': CMAKE_PREFIX_PATH=${CMAKE_PREFIX_PATH}:/home/jetson/slash_ws/install/f1tenth_stack:/home/jetson/slash_ws/install/twist_to_ackermann:/home/jetson/slash_ws/install/joy_teleop:/home/jetson/slash_ws/install/roboracer_china_2025:/home/jetson/slash_ws/install/mouse_teleop:/home/jetson/slash_ws/install/key_teleop:/opt/ros/foxy /usr/bin/cmake --install /home/jetson/slash_ws/build/simple_mpc
